Archive member included because of file (symbol)

/Users/Jesse/pebble-dev/PebbleSDK-2.8.1/Pebble/lib/libpebble.a(tmpL9Cjnwpebble.o)
                              src/main.c.34.o (accel_tap_service_subscribe)
/Users/Jesse/pebble-dev/PebbleSDK-2.8.1/arm-cs-tools/bin/../lib/gcc/arm-none-eabi/4.7.2/thumb2/libgcc.a(_arm_addsubdf3.o)
                              src/main.c.34.o (__aeabi_i2d)
/Users/Jesse/pebble-dev/PebbleSDK-2.8.1/arm-cs-tools/bin/../lib/gcc/arm-none-eabi/4.7.2/thumb2/libgcc.a(_arm_muldivdf3.o)
                              src/main.c.34.o (__aeabi_dmul)
/Users/Jesse/pebble-dev/PebbleSDK-2.8.1/arm-cs-tools/bin/../lib/gcc/arm-none-eabi/4.7.2/thumb2/libgcc.a(_arm_fixdfsi.o)
                              src/main.c.34.o (__aeabi_d2iz)

Discarded input sections

 .text          0x0000000000000000        0x0 /Users/Jesse/pebble-dev/PebbleSDK-2.8.1/arm-cs-tools/bin/../lib/gcc/arm-none-eabi/4.7.2/thumb2/crti.o
 .bss           0x0000000000000000        0x0 /Users/Jesse/pebble-dev/PebbleSDK-2.8.1/arm-cs-tools/bin/../lib/gcc/arm-none-eabi/4.7.2/thumb2/crti.o
 .init          0x0000000000000000        0x4 /Users/Jesse/pebble-dev/PebbleSDK-2.8.1/arm-cs-tools/bin/../lib/gcc/arm-none-eabi/4.7.2/thumb2/crti.o
 .fini          0x0000000000000000        0x4 /Users/Jesse/pebble-dev/PebbleSDK-2.8.1/arm-cs-tools/bin/../lib/gcc/arm-none-eabi/4.7.2/thumb2/crti.o
 .text          0x0000000000000000       0xc8 /Users/Jesse/pebble-dev/PebbleSDK-2.8.1/arm-cs-tools/bin/../lib/gcc/arm-none-eabi/4.7.2/thumb2/crtbegin.o
 .bss           0x0000000000000000       0x1c /Users/Jesse/pebble-dev/PebbleSDK-2.8.1/arm-cs-tools/bin/../lib/gcc/arm-none-eabi/4.7.2/thumb2/crtbegin.o
 .init_array    0x0000000000000000        0x4 /Users/Jesse/pebble-dev/PebbleSDK-2.8.1/arm-cs-tools/bin/../lib/gcc/arm-none-eabi/4.7.2/thumb2/crtbegin.o
 .fini_array    0x0000000000000000        0x4 /Users/Jesse/pebble-dev/PebbleSDK-2.8.1/arm-cs-tools/bin/../lib/gcc/arm-none-eabi/4.7.2/thumb2/crtbegin.o
 .eh_frame      0x0000000000000000        0x0 /Users/Jesse/pebble-dev/PebbleSDK-2.8.1/arm-cs-tools/bin/../lib/gcc/arm-none-eabi/4.7.2/thumb2/crtbegin.o
 .jcr           0x0000000000000000        0x0 /Users/Jesse/pebble-dev/PebbleSDK-2.8.1/arm-cs-tools/bin/../lib/gcc/arm-none-eabi/4.7.2/thumb2/crtbegin.o
 .tm_clone_table
                0x0000000000000000        0x0 /Users/Jesse/pebble-dev/PebbleSDK-2.8.1/arm-cs-tools/bin/../lib/gcc/arm-none-eabi/4.7.2/thumb2/crtbegin.o
 .text          0x0000000000000000        0x0 src/combat.c.34.o
 .bss           0x0000000000000000        0x0 src/combat.c.34.o
 .text          0x0000000000000000        0x0 src/main.c.34.o
 .bss           0x0000000000000000        0x0 src/main.c.34.o
 .text.heal_player
                0x0000000000000000       0x40 src/main.c.34.o
 .text.hurt_player
                0x0000000000000000       0x64 src/main.c.34.o
 .text.hurt_enemy
                0x0000000000000000       0x30 src/main.c.34.o
 .text          0x0000000000000000        0x0 src/tools.c.34.o
 .bss           0x0000000000000000        0x0 src/tools.c.34.o
 .text.log_int  0x0000000000000000       0x34 src/tools.c.34.o
 .bss.log_buffer.6683
                0x0000000000000000       0x64 src/tools.c.34.o
 .rodata.str1.1
                0x0000000000000000        0xb src/tools.c.34.o
 .text          0x0000000000000000        0x0 appinfo.auto.c.34.o
 .bss           0x0000000000000000        0x0 appinfo.auto.c.34.o
 .bss           0x0000000000000000        0x0 /Users/Jesse/pebble-dev/PebbleSDK-2.8.1/Pebble/lib/libpebble.a(tmpL9Cjnwpebble.o)
 .text.accel_data_service_subscribe__deprecated
                0x0000000000000000        0xc /Users/Jesse/pebble-dev/PebbleSDK-2.8.1/Pebble/lib/libpebble.a(tmpL9Cjnwpebble.o)
 .text.accel_data_service_unsubscribe
                0x0000000000000000        0xc /Users/Jesse/pebble-dev/PebbleSDK-2.8.1/Pebble/lib/libpebble.a(tmpL9Cjnwpebble.o)
 .text.accel_service_peek
                0x0000000000000000        0xc /Users/Jesse/pebble-dev/PebbleSDK-2.8.1/Pebble/lib/libpebble.a(tmpL9Cjnwpebble.o)
 .text.accel_service_set_samples_per_update
                0x0000000000000000        0xc /Users/Jesse/pebble-dev/PebbleSDK-2.8.1/Pebble/lib/libpebble.a(tmpL9Cjnwpebble.o)
 .text.accel_service_set_sampling_rate
                0x0000000000000000        0xc /Users/Jesse/pebble-dev/PebbleSDK-2.8.1/Pebble/lib/libpebble.a(tmpL9Cjnwpebble.o)
 .text.accel_tap_service_unsubscribe
                0x0000000000000000        0xc /Users/Jesse/pebble-dev/PebbleSDK-2.8.1/Pebble/lib/libpebble.a(tmpL9Cjnwpebble.o)
 .text.action_bar_layer_add_to_window
                0x0000000000000000        0xc /Users/Jesse/pebble-dev/PebbleSDK-2.8.1/Pebble/lib/libpebble.a(tmpL9Cjnwpebble.o)
 .text.action_bar_layer_clear_icon
                0x0000000000000000        0xc /Users/Jesse/pebble-dev/PebbleSDK-2.8.1/Pebble/lib/libpebble.a(tmpL9Cjnwpebble.o)
 .text.action_bar_layer_create
                0x0000000000000000        0xc /Users/Jesse/pebble-dev/PebbleSDK-2.8.1/Pebble/lib/libpebble.a(tmpL9Cjnwpebble.o)
 .text.action_bar_layer_destroy
                0x0000000000000000        0xc /Users/Jesse/pebble-dev/PebbleSDK-2.8.1/Pebble/lib/libpebble.a(tmpL9Cjnwpebble.o)
 .text.action_bar_layer_get_layer
                0x0000000000000000        0xc /Users/Jesse/pebble-dev/PebbleSDK-2.8.1/Pebble/lib/libpebble.a(tmpL9Cjnwpebble.o)
 .text.action_bar_layer_remove_from_window
                0x0000000000000000        0xc /Users/Jesse/pebble-dev/PebbleSDK-2.8.1/Pebble/lib/libpebble.a(tmpL9Cjnwpebble.o)
 .text.action_bar_layer_set_background_color
                0x0000000000000000        0xc /Users/Jesse/pebble-dev/PebbleSDK-2.8.1/Pebble/lib/libpebble.a(tmpL9Cjnwpebble.o)
 .text.action_bar_layer_set_click_config_provider
                0x0000000000000000        0xc /Users/Jesse/pebble-dev/PebbleSDK-2.8.1/Pebble/lib/libpebble.a(tmpL9Cjnwpebble.o)
 .text.action_bar_layer_set_context
                0x0000000000000000        0xc /Users/Jesse/pebble-dev/PebbleSDK-2.8.1/Pebble/lib/libpebble.a(tmpL9Cjnwpebble.o)
 .text.action_bar_layer_set_icon
                0x0000000000000000        0xc /Users/Jesse/pebble-dev/PebbleSDK-2.8.1/Pebble/lib/libpebble.a(tmpL9Cjnwpebble.o)
 .text.animation_create
                0x0000000000000000        0xc /Users/Jesse/pebble-dev/PebbleSDK-2.8.1/Pebble/lib/libpebble.a(tmpL9Cjnwpebble.o)
 .text.animation_destroy
                0x0000000000000000        0xc /Users/Jesse/pebble-dev/PebbleSDK-2.8.1/Pebble/lib/libpebble.a(tmpL9Cjnwpebble.o)
 .text.animation_get_context
                0x0000000000000000        0xc /Users/Jesse/pebble-dev/PebbleSDK-2.8.1/Pebble/lib/libpebble.a(tmpL9Cjnwpebble.o)
 .text.animation_is_scheduled
                0x0000000000000000        0xc /Users/Jesse/pebble-dev/PebbleSDK-2.8.1/Pebble/lib/libpebble.a(tmpL9Cjnwpebble.o)
 .text.animation_schedule
                0x0000000000000000        0xc /Users/Jesse/pebble-dev/PebbleSDK-2.8.1/Pebble/lib/libpebble.a(tmpL9Cjnwpebble.o)
 .text.animation_set_curve
                0x0000000000000000        0xc /Users/Jesse/pebble-dev/PebbleSDK-2.8.1/Pebble/lib/libpebble.a(tmpL9Cjnwpebble.o)
 .text.animation_set_delay
                0x0000000000000000        0xc /Users/Jesse/pebble-dev/PebbleSDK-2.8.1/Pebble/lib/libpebble.a(tmpL9Cjnwpebble.o)
 .text.animation_set_duration
                0x0000000000000000        0xc /Users/Jesse/pebble-dev/PebbleSDK-2.8.1/Pebble/lib/libpebble.a(tmpL9Cjnwpebble.o)
 .text.animation_set_handlers
                0x0000000000000000        0xc /Users/Jesse/pebble-dev/PebbleSDK-2.8.1/Pebble/lib/libpebble.a(tmpL9Cjnwpebble.o)
 .text.animation_set_implementation
                0x0000000000000000        0xc /Users/Jesse/pebble-dev/PebbleSDK-2.8.1/Pebble/lib/libpebble.a(tmpL9Cjnwpebble.o)
 .text.animation_unschedule
                0x0000000000000000        0xc /Users/Jesse/pebble-dev/PebbleSDK-2.8.1/Pebble/lib/libpebble.a(tmpL9Cjnwpebble.o)
 .text.animation_unschedule_all
                0x0000000000000000        0xc /Users/Jesse/pebble-dev/PebbleSDK-2.8.1/Pebble/lib/libpebble.a(tmpL9Cjnwpebble.o)
 .text.app_comm_get_sniff_interval
                0x0000000000000000        0xc /Users/Jesse/pebble-dev/PebbleSDK-2.8.1/Pebble/lib/libpebble.a(tmpL9Cjnwpebble.o)
 .text.app_comm_set_sniff_interval
                0x0000000000000000        0xc /Users/Jesse/pebble-dev/PebbleSDK-2.8.1/Pebble/lib/libpebble.a(tmpL9Cjnwpebble.o)
 .text.app_log  0x0000000000000000        0xc /Users/Jesse/pebble-dev/PebbleSDK-2.8.1/Pebble/lib/libpebble.a(tmpL9Cjnwpebble.o)
 .text.app_message_deregister_callbacks
                0x0000000000000000        0xc /Users/Jesse/pebble-dev/PebbleSDK-2.8.1/Pebble/lib/libpebble.a(tmpL9Cjnwpebble.o)
 .text.app_message_open
                0x0000000000000000        0xc /Users/Jesse/pebble-dev/PebbleSDK-2.8.1/Pebble/lib/libpebble.a(tmpL9Cjnwpebble.o)
 .text.app_sync_deinit
                0x0000000000000000        0xc /Users/Jesse/pebble-dev/PebbleSDK-2.8.1/Pebble/lib/libpebble.a(tmpL9Cjnwpebble.o)
 .text.app_sync_get
                0x0000000000000000        0xc /Users/Jesse/pebble-dev/PebbleSDK-2.8.1/Pebble/lib/libpebble.a(tmpL9Cjnwpebble.o)
 .text.app_sync_init
                0x0000000000000000        0xc /Users/Jesse/pebble-dev/PebbleSDK-2.8.1/Pebble/lib/libpebble.a(tmpL9Cjnwpebble.o)
 .text.app_sync_set
                0x0000000000000000        0xc /Users/Jesse/pebble-dev/PebbleSDK-2.8.1/Pebble/lib/libpebble.a(tmpL9Cjnwpebble.o)
 .text.app_timer_cancel
                0x0000000000000000        0xc /Users/Jesse/pebble-dev/PebbleSDK-2.8.1/Pebble/lib/libpebble.a(tmpL9Cjnwpebble.o)
 .text.app_timer_reschedule
                0x0000000000000000        0xc /Users/Jesse/pebble-dev/PebbleSDK-2.8.1/Pebble/lib/libpebble.a(tmpL9Cjnwpebble.o)
 .text.atan2_lookup
                0x0000000000000000        0xc /Users/Jesse/pebble-dev/PebbleSDK-2.8.1/Pebble/lib/libpebble.a(tmpL9Cjnwpebble.o)
 .text.atoi     0x0000000000000000        0xc /Users/Jesse/pebble-dev/PebbleSDK-2.8.1/Pebble/lib/libpebble.a(tmpL9Cjnwpebble.o)
 .text.atol     0x0000000000000000        0xc /Users/Jesse/pebble-dev/PebbleSDK-2.8.1/Pebble/lib/libpebble.a(tmpL9Cjnwpebble.o)
 .text.battery_state_service_subscribe
                0x0000000000000000        0xc /Users/Jesse/pebble-dev/PebbleSDK-2.8.1/Pebble/lib/libpebble.a(tmpL9Cjnwpebble.o)
 .text.battery_state_service_unsubscribe
                0x0000000000000000        0xc /Users/Jesse/pebble-dev/PebbleSDK-2.8.1/Pebble/lib/libpebble.a(tmpL9Cjnwpebble.o)
 .text.bitmap_layer_set_alignment
                0x0000000000000000        0xc /Users/Jesse/pebble-dev/PebbleSDK-2.8.1/Pebble/lib/libpebble.a(tmpL9Cjnwpebble.o)
 .text.bitmap_layer_set_background_color
                0x0000000000000000        0xc /Users/Jesse/pebble-dev/PebbleSDK-2.8.1/Pebble/lib/libpebble.a(tmpL9Cjnwpebble.o)
 .text.bitmap_layer_set_compositing_mode
                0x0000000000000000        0xc /Users/Jesse/pebble-dev/PebbleSDK-2.8.1/Pebble/lib/libpebble.a(tmpL9Cjnwpebble.o)
 .text.bluetooth_connection_service_subscribe
                0x0000000000000000        0xc /Users/Jesse/pebble-dev/PebbleSDK-2.8.1/Pebble/lib/libpebble.a(tmpL9Cjnwpebble.o)
 .text.bluetooth_connection_service_unsubscribe
                0x0000000000000000        0xc /Users/Jesse/pebble-dev/PebbleSDK-2.8.1/Pebble/lib/libpebble.a(tmpL9Cjnwpebble.o)
 .text.click_number_of_clicks_counted
                0x0000000000000000        0xc /Users/Jesse/pebble-dev/PebbleSDK-2.8.1/Pebble/lib/libpebble.a(tmpL9Cjnwpebble.o)
 .text.click_recognizer_get_button_id
                0x0000000000000000        0xc /Users/Jesse/pebble-dev/PebbleSDK-2.8.1/Pebble/lib/libpebble.a(tmpL9Cjnwpebble.o)
 .text.clock_is_24h_style
                0x0000000000000000        0xc /Users/Jesse/pebble-dev/PebbleSDK-2.8.1/Pebble/lib/libpebble.a(tmpL9Cjnwpebble.o)
 .text.cos_lookup
                0x0000000000000000        0xc /Users/Jesse/pebble-dev/PebbleSDK-2.8.1/Pebble/lib/libpebble.a(tmpL9Cjnwpebble.o)
 .text.data_logging_create
                0x0000000000000000        0xc /Users/Jesse/pebble-dev/PebbleSDK-2.8.1/Pebble/lib/libpebble.a(tmpL9Cjnwpebble.o)
 .text.data_logging_finish
                0x0000000000000000        0xc /Users/Jesse/pebble-dev/PebbleSDK-2.8.1/Pebble/lib/libpebble.a(tmpL9Cjnwpebble.o)
 .text.data_logging_log
                0x0000000000000000        0xc /Users/Jesse/pebble-dev/PebbleSDK-2.8.1/Pebble/lib/libpebble.a(tmpL9Cjnwpebble.o)
 .text.dict_calc_buffer_size
                0x0000000000000000        0xc /Users/Jesse/pebble-dev/PebbleSDK-2.8.1/Pebble/lib/libpebble.a(tmpL9Cjnwpebble.o)
 .text.dict_calc_buffer_size_from_tuplets
                0x0000000000000000        0xc /Users/Jesse/pebble-dev/PebbleSDK-2.8.1/Pebble/lib/libpebble.a(tmpL9Cjnwpebble.o)
 .text.dict_find
                0x0000000000000000        0xc /Users/Jesse/pebble-dev/PebbleSDK-2.8.1/Pebble/lib/libpebble.a(tmpL9Cjnwpebble.o)
 .text.dict_merge
                0x0000000000000000        0xc /Users/Jesse/pebble-dev/PebbleSDK-2.8.1/Pebble/lib/libpebble.a(tmpL9Cjnwpebble.o)
 .text.dict_read_begin_from_buffer
                0x0000000000000000        0xc /Users/Jesse/pebble-dev/PebbleSDK-2.8.1/Pebble/lib/libpebble.a(tmpL9Cjnwpebble.o)
 .text.dict_read_first
                0x0000000000000000        0xc /Users/Jesse/pebble-dev/PebbleSDK-2.8.1/Pebble/lib/libpebble.a(tmpL9Cjnwpebble.o)
 .text.dict_read_next
                0x0000000000000000        0xc /Users/Jesse/pebble-dev/PebbleSDK-2.8.1/Pebble/lib/libpebble.a(tmpL9Cjnwpebble.o)
 .text.dict_serialize_tuplets
                0x0000000000000000        0xc /Users/Jesse/pebble-dev/PebbleSDK-2.8.1/Pebble/lib/libpebble.a(tmpL9Cjnwpebble.o)
 .text.dict_serialize_tuplets_to_buffer__deprecated
                0x0000000000000000        0xc /Users/Jesse/pebble-dev/PebbleSDK-2.8.1/Pebble/lib/libpebble.a(tmpL9Cjnwpebble.o)
 .text.dict_serialize_tuplets_to_buffer_with_iter
                0x0000000000000000        0xc /Users/Jesse/pebble-dev/PebbleSDK-2.8.1/Pebble/lib/libpebble.a(tmpL9Cjnwpebble.o)
 .text.dict_write_begin
                0x0000000000000000        0xc /Users/Jesse/pebble-dev/PebbleSDK-2.8.1/Pebble/lib/libpebble.a(tmpL9Cjnwpebble.o)
 .text.dict_write_cstring
                0x0000000000000000        0xc /Users/Jesse/pebble-dev/PebbleSDK-2.8.1/Pebble/lib/libpebble.a(tmpL9Cjnwpebble.o)
 .text.dict_write_data
                0x0000000000000000        0xc /Users/Jesse/pebble-dev/PebbleSDK-2.8.1/Pebble/lib/libpebble.a(tmpL9Cjnwpebble.o)
 .text.dict_write_end
                0x0000000000000000        0xc /Users/Jesse/pebble-dev/PebbleSDK-2.8.1/Pebble/lib/libpebble.a(tmpL9Cjnwpebble.o)
 .text.dict_write_int
                0x0000000000000000        0xc /Users/Jesse/pebble-dev/PebbleSDK-2.8.1/Pebble/lib/libpebble.a(tmpL9Cjnwpebble.o)
 .text.dict_write_int16
                0x0000000000000000        0xc /Users/Jesse/pebble-dev/PebbleSDK-2.8.1/Pebble/lib/libpebble.a(tmpL9Cjnwpebble.o)
 .text.dict_write_int32
                0x0000000000000000        0xc /Users/Jesse/pebble-dev/PebbleSDK-2.8.1/Pebble/lib/libpebble.a(tmpL9Cjnwpebble.o)
 .text.dict_write_int8
                0x0000000000000000        0xc /Users/Jesse/pebble-dev/PebbleSDK-2.8.1/Pebble/lib/libpebble.a(tmpL9Cjnwpebble.o)
 .text.dict_write_tuplet
                0x0000000000000000        0xc /Users/Jesse/pebble-dev/PebbleSDK-2.8.1/Pebble/lib/libpebble.a(tmpL9Cjnwpebble.o)
 .text.dict_write_uint16
                0x0000000000000000        0xc /Users/Jesse/pebble-dev/PebbleSDK-2.8.1/Pebble/lib/libpebble.a(tmpL9Cjnwpebble.o)
 .text.dict_write_uint32
                0x0000000000000000        0xc /Users/Jesse/pebble-dev/PebbleSDK-2.8.1/Pebble/lib/libpebble.a(tmpL9Cjnwpebble.o)
 .text.dict_write_uint8
                0x0000000000000000        0xc /Users/Jesse/pebble-dev/PebbleSDK-2.8.1/Pebble/lib/libpebble.a(tmpL9Cjnwpebble.o)
 .text.fonts_get_system_font
                0x0000000000000000        0xc /Users/Jesse/pebble-dev/PebbleSDK-2.8.1/Pebble/lib/libpebble.a(tmpL9Cjnwpebble.o)
 .text.free     0x0000000000000000        0xc /Users/Jesse/pebble-dev/PebbleSDK-2.8.1/Pebble/lib/libpebble.a(tmpL9Cjnwpebble.o)
 .text.gbitmap_create_as_sub_bitmap
                0x0000000000000000        0xc /Users/Jesse/pebble-dev/PebbleSDK-2.8.1/Pebble/lib/libpebble.a(tmpL9Cjnwpebble.o)
 .text.gbitmap_create_with_data
                0x0000000000000000        0xc /Users/Jesse/pebble-dev/PebbleSDK-2.8.1/Pebble/lib/libpebble.a(tmpL9Cjnwpebble.o)
 .text.gmtime   0x0000000000000000        0xc /Users/Jesse/pebble-dev/PebbleSDK-2.8.1/Pebble/lib/libpebble.a(tmpL9Cjnwpebble.o)
 .text.gpath_create
                0x0000000000000000        0xc /Users/Jesse/pebble-dev/PebbleSDK-2.8.1/Pebble/lib/libpebble.a(tmpL9Cjnwpebble.o)
 .text.gpath_destroy
                0x0000000000000000        0xc /Users/Jesse/pebble-dev/PebbleSDK-2.8.1/Pebble/lib/libpebble.a(tmpL9Cjnwpebble.o)
 .text.gpath_draw_filled_legacy
                0x0000000000000000        0xc /Users/Jesse/pebble-dev/PebbleSDK-2.8.1/Pebble/lib/libpebble.a(tmpL9Cjnwpebble.o)
 .text.gpath_draw_outline
                0x0000000000000000        0xc /Users/Jesse/pebble-dev/PebbleSDK-2.8.1/Pebble/lib/libpebble.a(tmpL9Cjnwpebble.o)
 .text.gpath_move_to
                0x0000000000000000        0xc /Users/Jesse/pebble-dev/PebbleSDK-2.8.1/Pebble/lib/libpebble.a(tmpL9Cjnwpebble.o)
 .text.gpath_rotate_to
                0x0000000000000000        0xc /Users/Jesse/pebble-dev/PebbleSDK-2.8.1/Pebble/lib/libpebble.a(tmpL9Cjnwpebble.o)
 .text.gpoint_equal
                0x0000000000000000        0xc /Users/Jesse/pebble-dev/PebbleSDK-2.8.1/Pebble/lib/libpebble.a(tmpL9Cjnwpebble.o)
 .text.graphics_context_set_compositing_mode
                0x0000000000000000        0xc /Users/Jesse/pebble-dev/PebbleSDK-2.8.1/Pebble/lib/libpebble.a(tmpL9Cjnwpebble.o)
 .text.graphics_context_set_stroke_color
                0x0000000000000000        0xc /Users/Jesse/pebble-dev/PebbleSDK-2.8.1/Pebble/lib/libpebble.a(tmpL9Cjnwpebble.o)
 .text.graphics_context_set_text_color
                0x0000000000000000        0xc /Users/Jesse/pebble-dev/PebbleSDK-2.8.1/Pebble/lib/libpebble.a(tmpL9Cjnwpebble.o)
 .text.graphics_draw_bitmap_in_rect
                0x0000000000000000        0xc /Users/Jesse/pebble-dev/PebbleSDK-2.8.1/Pebble/lib/libpebble.a(tmpL9Cjnwpebble.o)
 .text.graphics_draw_circle
                0x0000000000000000        0xc /Users/Jesse/pebble-dev/PebbleSDK-2.8.1/Pebble/lib/libpebble.a(tmpL9Cjnwpebble.o)
 .text.graphics_draw_line
                0x0000000000000000        0xc /Users/Jesse/pebble-dev/PebbleSDK-2.8.1/Pebble/lib/libpebble.a(tmpL9Cjnwpebble.o)
 .text.graphics_draw_pixel
                0x0000000000000000        0xc /Users/Jesse/pebble-dev/PebbleSDK-2.8.1/Pebble/lib/libpebble.a(tmpL9Cjnwpebble.o)
 .text.graphics_draw_rect
                0x0000000000000000        0xc /Users/Jesse/pebble-dev/PebbleSDK-2.8.1/Pebble/lib/libpebble.a(tmpL9Cjnwpebble.o)
 .text.graphics_draw_round_rect
                0x0000000000000000        0xc /Users/Jesse/pebble-dev/PebbleSDK-2.8.1/Pebble/lib/libpebble.a(tmpL9Cjnwpebble.o)
 .text.graphics_fill_circle
                0x0000000000000000        0xc /Users/Jesse/pebble-dev/PebbleSDK-2.8.1/Pebble/lib/libpebble.a(tmpL9Cjnwpebble.o)
 .text.graphics_text_layout_get_max_used_size
                0x0000000000000000        0xc /Users/Jesse/pebble-dev/PebbleSDK-2.8.1/Pebble/lib/libpebble.a(tmpL9Cjnwpebble.o)
 .text.grect_align
                0x0000000000000000        0xc /Users/Jesse/pebble-dev/PebbleSDK-2.8.1/Pebble/lib/libpebble.a(tmpL9Cjnwpebble.o)
 .text.grect_center_point
                0x0000000000000000        0xc /Users/Jesse/pebble-dev/PebbleSDK-2.8.1/Pebble/lib/libpebble.a(tmpL9Cjnwpebble.o)
 .text.grect_clip
                0x0000000000000000        0xc /Users/Jesse/pebble-dev/PebbleSDK-2.8.1/Pebble/lib/libpebble.a(tmpL9Cjnwpebble.o)
 .text.grect_contains_point
                0x0000000000000000        0xc /Users/Jesse/pebble-dev/PebbleSDK-2.8.1/Pebble/lib/libpebble.a(tmpL9Cjnwpebble.o)
 .text.grect_crop
                0x0000000000000000        0xc /Users/Jesse/pebble-dev/PebbleSDK-2.8.1/Pebble/lib/libpebble.a(tmpL9Cjnwpebble.o)
 .text.grect_equal
                0x0000000000000000        0xc /Users/Jesse/pebble-dev/PebbleSDK-2.8.1/Pebble/lib/libpebble.a(tmpL9Cjnwpebble.o)
 .text.grect_is_empty
                0x0000000000000000        0xc /Users/Jesse/pebble-dev/PebbleSDK-2.8.1/Pebble/lib/libpebble.a(tmpL9Cjnwpebble.o)
 .text.grect_standardize
                0x0000000000000000        0xc /Users/Jesse/pebble-dev/PebbleSDK-2.8.1/Pebble/lib/libpebble.a(tmpL9Cjnwpebble.o)
 .text.gsize_equal
                0x0000000000000000        0xc /Users/Jesse/pebble-dev/PebbleSDK-2.8.1/Pebble/lib/libpebble.a(tmpL9Cjnwpebble.o)
 .text.inverter_layer_create
                0x0000000000000000        0xc /Users/Jesse/pebble-dev/PebbleSDK-2.8.1/Pebble/lib/libpebble.a(tmpL9Cjnwpebble.o)
 .text.inverter_layer_destroy
                0x0000000000000000        0xc /Users/Jesse/pebble-dev/PebbleSDK-2.8.1/Pebble/lib/libpebble.a(tmpL9Cjnwpebble.o)
 .text.inverter_layer_get_layer
                0x0000000000000000        0xc /Users/Jesse/pebble-dev/PebbleSDK-2.8.1/Pebble/lib/libpebble.a(tmpL9Cjnwpebble.o)
 .text.layer_create_with_data
                0x0000000000000000        0xc /Users/Jesse/pebble-dev/PebbleSDK-2.8.1/Pebble/lib/libpebble.a(tmpL9Cjnwpebble.o)
 .text.layer_get_bounds
                0x0000000000000000        0xc /Users/Jesse/pebble-dev/PebbleSDK-2.8.1/Pebble/lib/libpebble.a(tmpL9Cjnwpebble.o)
 .text.layer_get_clips
                0x0000000000000000        0xc /Users/Jesse/pebble-dev/PebbleSDK-2.8.1/Pebble/lib/libpebble.a(tmpL9Cjnwpebble.o)
 .text.layer_get_data
                0x0000000000000000        0xc /Users/Jesse/pebble-dev/PebbleSDK-2.8.1/Pebble/lib/libpebble.a(tmpL9Cjnwpebble.o)
 .text.layer_get_frame
                0x0000000000000000        0xc /Users/Jesse/pebble-dev/PebbleSDK-2.8.1/Pebble/lib/libpebble.a(tmpL9Cjnwpebble.o)
 .text.layer_get_hidden
                0x0000000000000000        0xc /Users/Jesse/pebble-dev/PebbleSDK-2.8.1/Pebble/lib/libpebble.a(tmpL9Cjnwpebble.o)
 .text.layer_get_window
                0x0000000000000000        0xc /Users/Jesse/pebble-dev/PebbleSDK-2.8.1/Pebble/lib/libpebble.a(tmpL9Cjnwpebble.o)
 .text.layer_insert_above_sibling
                0x0000000000000000        0xc /Users/Jesse/pebble-dev/PebbleSDK-2.8.1/Pebble/lib/libpebble.a(tmpL9Cjnwpebble.o)
 .text.layer_insert_below_sibling
                0x0000000000000000        0xc /Users/Jesse/pebble-dev/PebbleSDK-2.8.1/Pebble/lib/libpebble.a(tmpL9Cjnwpebble.o)
 .text.layer_remove_child_layers
                0x0000000000000000        0xc /Users/Jesse/pebble-dev/PebbleSDK-2.8.1/Pebble/lib/libpebble.a(tmpL9Cjnwpebble.o)
 .text.layer_set_bounds
                0x0000000000000000        0xc /Users/Jesse/pebble-dev/PebbleSDK-2.8.1/Pebble/lib/libpebble.a(tmpL9Cjnwpebble.o)
 .text.layer_set_clips
                0x0000000000000000        0xc /Users/Jesse/pebble-dev/PebbleSDK-2.8.1/Pebble/lib/libpebble.a(tmpL9Cjnwpebble.o)
 .text.layer_set_frame
                0x0000000000000000        0xc /Users/Jesse/pebble-dev/PebbleSDK-2.8.1/Pebble/lib/libpebble.a(tmpL9Cjnwpebble.o)
 .text.layer_set_hidden
                0x0000000000000000        0xc /Users/Jesse/pebble-dev/PebbleSDK-2.8.1/Pebble/lib/libpebble.a(tmpL9Cjnwpebble.o)
 .text.light_enable
                0x0000000000000000        0xc /Users/Jesse/pebble-dev/PebbleSDK-2.8.1/Pebble/lib/libpebble.a(tmpL9Cjnwpebble.o)
 .text.light_enable_interaction
                0x0000000000000000        0xc /Users/Jesse/pebble-dev/PebbleSDK-2.8.1/Pebble/lib/libpebble.a(tmpL9Cjnwpebble.o)
 .text.malloc   0x0000000000000000        0xc /Users/Jesse/pebble-dev/PebbleSDK-2.8.1/Pebble/lib/libpebble.a(tmpL9Cjnwpebble.o)
 .text.memcpy   0x0000000000000000        0xc /Users/Jesse/pebble-dev/PebbleSDK-2.8.1/Pebble/lib/libpebble.a(tmpL9Cjnwpebble.o)
 .text.memmove  0x0000000000000000        0xc /Users/Jesse/pebble-dev/PebbleSDK-2.8.1/Pebble/lib/libpebble.a(tmpL9Cjnwpebble.o)
 .text.menu_cell_basic_draw
                0x0000000000000000        0xc /Users/Jesse/pebble-dev/PebbleSDK-2.8.1/Pebble/lib/libpebble.a(tmpL9Cjnwpebble.o)
 .text.menu_cell_basic_header_draw
                0x0000000000000000        0xc /Users/Jesse/pebble-dev/PebbleSDK-2.8.1/Pebble/lib/libpebble.a(tmpL9Cjnwpebble.o)
 .text.menu_cell_title_draw
                0x0000000000000000        0xc /Users/Jesse/pebble-dev/PebbleSDK-2.8.1/Pebble/lib/libpebble.a(tmpL9Cjnwpebble.o)
 .text.menu_index_compare
                0x0000000000000000        0xc /Users/Jesse/pebble-dev/PebbleSDK-2.8.1/Pebble/lib/libpebble.a(tmpL9Cjnwpebble.o)
 .text.menu_layer_create
                0x0000000000000000        0xc /Users/Jesse/pebble-dev/PebbleSDK-2.8.1/Pebble/lib/libpebble.a(tmpL9Cjnwpebble.o)
 .text.menu_layer_destroy
                0x0000000000000000        0xc /Users/Jesse/pebble-dev/PebbleSDK-2.8.1/Pebble/lib/libpebble.a(tmpL9Cjnwpebble.o)
 .text.menu_layer_get_layer
                0x0000000000000000        0xc /Users/Jesse/pebble-dev/PebbleSDK-2.8.1/Pebble/lib/libpebble.a(tmpL9Cjnwpebble.o)
 .text.menu_layer_get_scroll_layer
                0x0000000000000000        0xc /Users/Jesse/pebble-dev/PebbleSDK-2.8.1/Pebble/lib/libpebble.a(tmpL9Cjnwpebble.o)
 .text.menu_layer_get_selected_index
                0x0000000000000000        0xc /Users/Jesse/pebble-dev/PebbleSDK-2.8.1/Pebble/lib/libpebble.a(tmpL9Cjnwpebble.o)
 .text.menu_layer_reload_data
                0x0000000000000000        0xc /Users/Jesse/pebble-dev/PebbleSDK-2.8.1/Pebble/lib/libpebble.a(tmpL9Cjnwpebble.o)
 .text.menu_layer_set_callbacks__deprecated
                0x0000000000000000        0xc /Users/Jesse/pebble-dev/PebbleSDK-2.8.1/Pebble/lib/libpebble.a(tmpL9Cjnwpebble.o)
 .text.menu_layer_set_click_config_onto_window
                0x0000000000000000        0xc /Users/Jesse/pebble-dev/PebbleSDK-2.8.1/Pebble/lib/libpebble.a(tmpL9Cjnwpebble.o)
 .text.menu_layer_set_selected_index
                0x0000000000000000        0xc /Users/Jesse/pebble-dev/PebbleSDK-2.8.1/Pebble/lib/libpebble.a(tmpL9Cjnwpebble.o)
 .text.menu_layer_set_selected_next
                0x0000000000000000        0xc /Users/Jesse/pebble-dev/PebbleSDK-2.8.1/Pebble/lib/libpebble.a(tmpL9Cjnwpebble.o)
 .text.number_window_create
                0x0000000000000000        0xc /Users/Jesse/pebble-dev/PebbleSDK-2.8.1/Pebble/lib/libpebble.a(tmpL9Cjnwpebble.o)
 .text.number_window_destroy
                0x0000000000000000        0xc /Users/Jesse/pebble-dev/PebbleSDK-2.8.1/Pebble/lib/libpebble.a(tmpL9Cjnwpebble.o)
 .text.number_window_get_value
                0x0000000000000000        0xc /Users/Jesse/pebble-dev/PebbleSDK-2.8.1/Pebble/lib/libpebble.a(tmpL9Cjnwpebble.o)
 .text.number_window_set_label
                0x0000000000000000        0xc /Users/Jesse/pebble-dev/PebbleSDK-2.8.1/Pebble/lib/libpebble.a(tmpL9Cjnwpebble.o)
 .text.number_window_set_max
                0x0000000000000000        0xc /Users/Jesse/pebble-dev/PebbleSDK-2.8.1/Pebble/lib/libpebble.a(tmpL9Cjnwpebble.o)
 .text.number_window_set_min
                0x0000000000000000        0xc /Users/Jesse/pebble-dev/PebbleSDK-2.8.1/Pebble/lib/libpebble.a(tmpL9Cjnwpebble.o)
 .text.number_window_set_step_size
                0x0000000000000000        0xc /Users/Jesse/pebble-dev/PebbleSDK-2.8.1/Pebble/lib/libpebble.a(tmpL9Cjnwpebble.o)
 .text.number_window_set_value
                0x0000000000000000        0xc /Users/Jesse/pebble-dev/PebbleSDK-2.8.1/Pebble/lib/libpebble.a(tmpL9Cjnwpebble.o)
 .text.persist_delete
                0x0000000000000000        0xc /Users/Jesse/pebble-dev/PebbleSDK-2.8.1/Pebble/lib/libpebble.a(tmpL9Cjnwpebble.o)
 .text.persist_get_size
                0x0000000000000000        0xc /Users/Jesse/pebble-dev/PebbleSDK-2.8.1/Pebble/lib/libpebble.a(tmpL9Cjnwpebble.o)
 .text.persist_read_bool
                0x0000000000000000        0xc /Users/Jesse/pebble-dev/PebbleSDK-2.8.1/Pebble/lib/libpebble.a(tmpL9Cjnwpebble.o)
 .text.persist_read_data__deprecated
                0x0000000000000000        0xc /Users/Jesse/pebble-dev/PebbleSDK-2.8.1/Pebble/lib/libpebble.a(tmpL9Cjnwpebble.o)
 .text.persist_read_string__deprecated
                0x0000000000000000        0xc /Users/Jesse/pebble-dev/PebbleSDK-2.8.1/Pebble/lib/libpebble.a(tmpL9Cjnwpebble.o)
 .text.persist_write_bool
                0x0000000000000000        0xc /Users/Jesse/pebble-dev/PebbleSDK-2.8.1/Pebble/lib/libpebble.a(tmpL9Cjnwpebble.o)
 .text.persist_write_data__deprecated
                0x0000000000000000        0xc /Users/Jesse/pebble-dev/PebbleSDK-2.8.1/Pebble/lib/libpebble.a(tmpL9Cjnwpebble.o)
 .text.persist_write_string
                0x0000000000000000        0xc /Users/Jesse/pebble-dev/PebbleSDK-2.8.1/Pebble/lib/libpebble.a(tmpL9Cjnwpebble.o)
 .text.property_animation_create
                0x0000000000000000        0xc /Users/Jesse/pebble-dev/PebbleSDK-2.8.1/Pebble/lib/libpebble.a(tmpL9Cjnwpebble.o)
 .text.property_animation_create_layer_frame
                0x0000000000000000        0xc /Users/Jesse/pebble-dev/PebbleSDK-2.8.1/Pebble/lib/libpebble.a(tmpL9Cjnwpebble.o)
 .text.property_animation_destroy
                0x0000000000000000        0xc /Users/Jesse/pebble-dev/PebbleSDK-2.8.1/Pebble/lib/libpebble.a(tmpL9Cjnwpebble.o)
 .text.property_animation_update_gpoint
                0x0000000000000000        0xc /Users/Jesse/pebble-dev/PebbleSDK-2.8.1/Pebble/lib/libpebble.a(tmpL9Cjnwpebble.o)
 .text.property_animation_update_grect
                0x0000000000000000        0xc /Users/Jesse/pebble-dev/PebbleSDK-2.8.1/Pebble/lib/libpebble.a(tmpL9Cjnwpebble.o)
 .text.property_animation_update_int16
                0x0000000000000000        0xc /Users/Jesse/pebble-dev/PebbleSDK-2.8.1/Pebble/lib/libpebble.a(tmpL9Cjnwpebble.o)
 .text.psleep   0x0000000000000000        0xc /Users/Jesse/pebble-dev/PebbleSDK-2.8.1/Pebble/lib/libpebble.a(tmpL9Cjnwpebble.o)
 .text.resource_load
                0x0000000000000000        0xc /Users/Jesse/pebble-dev/PebbleSDK-2.8.1/Pebble/lib/libpebble.a(tmpL9Cjnwpebble.o)
 .text.resource_load_byte_range
                0x0000000000000000        0xc /Users/Jesse/pebble-dev/PebbleSDK-2.8.1/Pebble/lib/libpebble.a(tmpL9Cjnwpebble.o)
 .text.resource_size
                0x0000000000000000        0xc /Users/Jesse/pebble-dev/PebbleSDK-2.8.1/Pebble/lib/libpebble.a(tmpL9Cjnwpebble.o)
 .text.rot_bitmap_layer_create
                0x0000000000000000        0xc /Users/Jesse/pebble-dev/PebbleSDK-2.8.1/Pebble/lib/libpebble.a(tmpL9Cjnwpebble.o)
 .text.rot_bitmap_layer_destroy
                0x0000000000000000        0xc /Users/Jesse/pebble-dev/PebbleSDK-2.8.1/Pebble/lib/libpebble.a(tmpL9Cjnwpebble.o)
 .text.rot_bitmap_layer_increment_angle
                0x0000000000000000        0xc /Users/Jesse/pebble-dev/PebbleSDK-2.8.1/Pebble/lib/libpebble.a(tmpL9Cjnwpebble.o)
 .text.rot_bitmap_layer_set_angle
                0x0000000000000000        0xc /Users/Jesse/pebble-dev/PebbleSDK-2.8.1/Pebble/lib/libpebble.a(tmpL9Cjnwpebble.o)
 .text.rot_bitmap_layer_set_corner_clip_color
                0x0000000000000000        0xc /Users/Jesse/pebble-dev/PebbleSDK-2.8.1/Pebble/lib/libpebble.a(tmpL9Cjnwpebble.o)
 .text.rot_bitmap_set_compositing_mode
                0x0000000000000000        0xc /Users/Jesse/pebble-dev/PebbleSDK-2.8.1/Pebble/lib/libpebble.a(tmpL9Cjnwpebble.o)
 .text.rot_bitmap_set_src_ic
                0x0000000000000000        0xc /Users/Jesse/pebble-dev/PebbleSDK-2.8.1/Pebble/lib/libpebble.a(tmpL9Cjnwpebble.o)
 .text.scroll_layer_add_child
                0x0000000000000000        0xc /Users/Jesse/pebble-dev/PebbleSDK-2.8.1/Pebble/lib/libpebble.a(tmpL9Cjnwpebble.o)
 .text.scroll_layer_create
                0x0000000000000000        0xc /Users/Jesse/pebble-dev/PebbleSDK-2.8.1/Pebble/lib/libpebble.a(tmpL9Cjnwpebble.o)
 .text.scroll_layer_destroy
                0x0000000000000000        0xc /Users/Jesse/pebble-dev/PebbleSDK-2.8.1/Pebble/lib/libpebble.a(tmpL9Cjnwpebble.o)
 .text.scroll_layer_get_content_offset
                0x0000000000000000        0xc /Users/Jesse/pebble-dev/PebbleSDK-2.8.1/Pebble/lib/libpebble.a(tmpL9Cjnwpebble.o)
 .text.scroll_layer_get_content_size
                0x0000000000000000        0xc /Users/Jesse/pebble-dev/PebbleSDK-2.8.1/Pebble/lib/libpebble.a(tmpL9Cjnwpebble.o)
 .text.scroll_layer_get_layer
                0x0000000000000000        0xc /Users/Jesse/pebble-dev/PebbleSDK-2.8.1/Pebble/lib/libpebble.a(tmpL9Cjnwpebble.o)
 .text.scroll_layer_get_shadow_hidden
                0x0000000000000000        0xc /Users/Jesse/pebble-dev/PebbleSDK-2.8.1/Pebble/lib/libpebble.a(tmpL9Cjnwpebble.o)
 .text.scroll_layer_scroll_down_click_handler
                0x0000000000000000        0xc /Users/Jesse/pebble-dev/PebbleSDK-2.8.1/Pebble/lib/libpebble.a(tmpL9Cjnwpebble.o)
 .text.scroll_layer_scroll_up_click_handler
                0x0000000000000000        0xc /Users/Jesse/pebble-dev/PebbleSDK-2.8.1/Pebble/lib/libpebble.a(tmpL9Cjnwpebble.o)
 .text.scroll_layer_set_callbacks
                0x0000000000000000        0xc /Users/Jesse/pebble-dev/PebbleSDK-2.8.1/Pebble/lib/libpebble.a(tmpL9Cjnwpebble.o)
 .text.scroll_layer_set_click_config_onto_window
                0x0000000000000000        0xc /Users/Jesse/pebble-dev/PebbleSDK-2.8.1/Pebble/lib/libpebble.a(tmpL9Cjnwpebble.o)
 .text.scroll_layer_set_content_offset
                0x0000000000000000        0xc /Users/Jesse/pebble-dev/PebbleSDK-2.8.1/Pebble/lib/libpebble.a(tmpL9Cjnwpebble.o)
 .text.scroll_layer_set_content_size
                0x0000000000000000        0xc /Users/Jesse/pebble-dev/PebbleSDK-2.8.1/Pebble/lib/libpebble.a(tmpL9Cjnwpebble.o)
 .text.scroll_layer_set_context
                0x0000000000000000        0xc /Users/Jesse/pebble-dev/PebbleSDK-2.8.1/Pebble/lib/libpebble.a(tmpL9Cjnwpebble.o)
 .text.scroll_layer_set_frame
                0x0000000000000000        0xc /Users/Jesse/pebble-dev/PebbleSDK-2.8.1/Pebble/lib/libpebble.a(tmpL9Cjnwpebble.o)
 .text.scroll_layer_set_shadow_hidden
                0x0000000000000000        0xc /Users/Jesse/pebble-dev/PebbleSDK-2.8.1/Pebble/lib/libpebble.a(tmpL9Cjnwpebble.o)
 .text.simple_menu_layer_create
                0x0000000000000000        0xc /Users/Jesse/pebble-dev/PebbleSDK-2.8.1/Pebble/lib/libpebble.a(tmpL9Cjnwpebble.o)
 .text.simple_menu_layer_get_layer
                0x0000000000000000        0xc /Users/Jesse/pebble-dev/PebbleSDK-2.8.1/Pebble/lib/libpebble.a(tmpL9Cjnwpebble.o)
 .text.simple_menu_layer_get_selected_index
                0x0000000000000000        0xc /Users/Jesse/pebble-dev/PebbleSDK-2.8.1/Pebble/lib/libpebble.a(tmpL9Cjnwpebble.o)
 .text.simple_menu_layer_set_selected_index
                0x0000000000000000        0xc /Users/Jesse/pebble-dev/PebbleSDK-2.8.1/Pebble/lib/libpebble.a(tmpL9Cjnwpebble.o)
 .text.sin_lookup
                0x0000000000000000        0xc /Users/Jesse/pebble-dev/PebbleSDK-2.8.1/Pebble/lib/libpebble.a(tmpL9Cjnwpebble.o)
 .text.strcat   0x0000000000000000        0xc /Users/Jesse/pebble-dev/PebbleSDK-2.8.1/Pebble/lib/libpebble.a(tmpL9Cjnwpebble.o)
 .text.strcmp   0x0000000000000000        0xc /Users/Jesse/pebble-dev/PebbleSDK-2.8.1/Pebble/lib/libpebble.a(tmpL9Cjnwpebble.o)
 .text.strcpy   0x0000000000000000        0xc /Users/Jesse/pebble-dev/PebbleSDK-2.8.1/Pebble/lib/libpebble.a(tmpL9Cjnwpebble.o)
 .text.strlen   0x0000000000000000        0xc /Users/Jesse/pebble-dev/PebbleSDK-2.8.1/Pebble/lib/libpebble.a(tmpL9Cjnwpebble.o)
 .text.strncat  0x0000000000000000        0xc /Users/Jesse/pebble-dev/PebbleSDK-2.8.1/Pebble/lib/libpebble.a(tmpL9Cjnwpebble.o)
 .text.strncmp  0x0000000000000000        0xc /Users/Jesse/pebble-dev/PebbleSDK-2.8.1/Pebble/lib/libpebble.a(tmpL9Cjnwpebble.o)
 .text.strncpy  0x0000000000000000        0xc /Users/Jesse/pebble-dev/PebbleSDK-2.8.1/Pebble/lib/libpebble.a(tmpL9Cjnwpebble.o)
 .text.text_layer_get_content_size
                0x0000000000000000        0xc /Users/Jesse/pebble-dev/PebbleSDK-2.8.1/Pebble/lib/libpebble.a(tmpL9Cjnwpebble.o)
 .text.text_layer_get_text
                0x0000000000000000        0xc /Users/Jesse/pebble-dev/PebbleSDK-2.8.1/Pebble/lib/libpebble.a(tmpL9Cjnwpebble.o)
 .text.text_layer_set_overflow_mode
                0x0000000000000000        0xc /Users/Jesse/pebble-dev/PebbleSDK-2.8.1/Pebble/lib/libpebble.a(tmpL9Cjnwpebble.o)
 .text.text_layer_set_size
                0x0000000000000000        0xc /Users/Jesse/pebble-dev/PebbleSDK-2.8.1/Pebble/lib/libpebble.a(tmpL9Cjnwpebble.o)
 .text.tick_timer_service_unsubscribe
                0x0000000000000000        0xc /Users/Jesse/pebble-dev/PebbleSDK-2.8.1/Pebble/lib/libpebble.a(tmpL9Cjnwpebble.o)
 .text.time_ms  0x0000000000000000        0xc /Users/Jesse/pebble-dev/PebbleSDK-2.8.1/Pebble/lib/libpebble.a(tmpL9Cjnwpebble.o)
 .text.vibes_cancel
                0x0000000000000000        0xc /Users/Jesse/pebble-dev/PebbleSDK-2.8.1/Pebble/lib/libpebble.a(tmpL9Cjnwpebble.o)
 .text.vibes_double_pulse
                0x0000000000000000        0xc /Users/Jesse/pebble-dev/PebbleSDK-2.8.1/Pebble/lib/libpebble.a(tmpL9Cjnwpebble.o)
 .text.vibes_enqueue_custom_pattern
                0x0000000000000000        0xc /Users/Jesse/pebble-dev/PebbleSDK-2.8.1/Pebble/lib/libpebble.a(tmpL9Cjnwpebble.o)
 .text.vibes_long_pulse
                0x0000000000000000        0xc /Users/Jesse/pebble-dev/PebbleSDK-2.8.1/Pebble/lib/libpebble.a(tmpL9Cjnwpebble.o)
 .text.vibes_short_pulse
                0x0000000000000000        0xc /Users/Jesse/pebble-dev/PebbleSDK-2.8.1/Pebble/lib/libpebble.a(tmpL9Cjnwpebble.o)
 .text.window_get_click_config_provider
                0x0000000000000000        0xc /Users/Jesse/pebble-dev/PebbleSDK-2.8.1/Pebble/lib/libpebble.a(tmpL9Cjnwpebble.o)
 .text.window_get_fullscreen
                0x0000000000000000        0xc /Users/Jesse/pebble-dev/PebbleSDK-2.8.1/Pebble/lib/libpebble.a(tmpL9Cjnwpebble.o)
 .text.window_is_loaded
                0x0000000000000000        0xc /Users/Jesse/pebble-dev/PebbleSDK-2.8.1/Pebble/lib/libpebble.a(tmpL9Cjnwpebble.o)
 .text.window_set_background_color
                0x0000000000000000        0xc /Users/Jesse/pebble-dev/PebbleSDK-2.8.1/Pebble/lib/libpebble.a(tmpL9Cjnwpebble.o)
 .text.window_set_click_config_provider_with_context
                0x0000000000000000        0xc /Users/Jesse/pebble-dev/PebbleSDK-2.8.1/Pebble/lib/libpebble.a(tmpL9Cjnwpebble.o)
 .text.window_set_status_bar_icon
                0x0000000000000000        0xc /Users/Jesse/pebble-dev/PebbleSDK-2.8.1/Pebble/lib/libpebble.a(tmpL9Cjnwpebble.o)
 .text.window_stack_get_top_window
                0x0000000000000000        0xc /Users/Jesse/pebble-dev/PebbleSDK-2.8.1/Pebble/lib/libpebble.a(tmpL9Cjnwpebble.o)
 .text.window_stack_pop
                0x0000000000000000        0xc /Users/Jesse/pebble-dev/PebbleSDK-2.8.1/Pebble/lib/libpebble.a(tmpL9Cjnwpebble.o)
 .text.window_stack_pop_all
                0x0000000000000000        0xc /Users/Jesse/pebble-dev/PebbleSDK-2.8.1/Pebble/lib/libpebble.a(tmpL9Cjnwpebble.o)
 .text.app_focus_service_subscribe
                0x0000000000000000        0xc /Users/Jesse/pebble-dev/PebbleSDK-2.8.1/Pebble/lib/libpebble.a(tmpL9Cjnwpebble.o)
 .text.app_focus_service_unsubscribe
                0x0000000000000000        0xc /Users/Jesse/pebble-dev/PebbleSDK-2.8.1/Pebble/lib/libpebble.a(tmpL9Cjnwpebble.o)
 .text.window_get_user_data
                0x0000000000000000        0xc /Users/Jesse/pebble-dev/PebbleSDK-2.8.1/Pebble/lib/libpebble.a(tmpL9Cjnwpebble.o)
 .text.window_set_user_data
                0x0000000000000000        0xc /Users/Jesse/pebble-dev/PebbleSDK-2.8.1/Pebble/lib/libpebble.a(tmpL9Cjnwpebble.o)
 .text.app_message_get_context
                0x0000000000000000        0xc /Users/Jesse/pebble-dev/PebbleSDK-2.8.1/Pebble/lib/libpebble.a(tmpL9Cjnwpebble.o)
 .text.app_message_inbox_size_maximum
                0x0000000000000000        0xc /Users/Jesse/pebble-dev/PebbleSDK-2.8.1/Pebble/lib/libpebble.a(tmpL9Cjnwpebble.o)
 .text.app_message_outbox_begin
                0x0000000000000000        0xc /Users/Jesse/pebble-dev/PebbleSDK-2.8.1/Pebble/lib/libpebble.a(tmpL9Cjnwpebble.o)
 .text.app_message_outbox_send
                0x0000000000000000        0xc /Users/Jesse/pebble-dev/PebbleSDK-2.8.1/Pebble/lib/libpebble.a(tmpL9Cjnwpebble.o)
 .text.app_message_outbox_size_maximum
                0x0000000000000000        0xc /Users/Jesse/pebble-dev/PebbleSDK-2.8.1/Pebble/lib/libpebble.a(tmpL9Cjnwpebble.o)
 .text.app_message_register_inbox_dropped
                0x0000000000000000        0xc /Users/Jesse/pebble-dev/PebbleSDK-2.8.1/Pebble/lib/libpebble.a(tmpL9Cjnwpebble.o)
 .text.app_message_register_inbox_received
                0x0000000000000000        0xc /Users/Jesse/pebble-dev/PebbleSDK-2.8.1/Pebble/lib/libpebble.a(tmpL9Cjnwpebble.o)
 .text.app_message_register_outbox_failed
                0x0000000000000000        0xc /Users/Jesse/pebble-dev/PebbleSDK-2.8.1/Pebble/lib/libpebble.a(tmpL9Cjnwpebble.o)
 .text.app_message_register_outbox_sent
                0x0000000000000000        0xc /Users/Jesse/pebble-dev/PebbleSDK-2.8.1/Pebble/lib/libpebble.a(tmpL9Cjnwpebble.o)
 .text.app_message_set_context
                0x0000000000000000        0xc /Users/Jesse/pebble-dev/PebbleSDK-2.8.1/Pebble/lib/libpebble.a(tmpL9Cjnwpebble.o)
 .text.window_long_click_subscribe
                0x0000000000000000        0xc /Users/Jesse/pebble-dev/PebbleSDK-2.8.1/Pebble/lib/libpebble.a(tmpL9Cjnwpebble.o)
 .text.window_multi_click_subscribe
                0x0000000000000000        0xc /Users/Jesse/pebble-dev/PebbleSDK-2.8.1/Pebble/lib/libpebble.a(tmpL9Cjnwpebble.o)
 .text.window_raw_click_subscribe
                0x0000000000000000        0xc /Users/Jesse/pebble-dev/PebbleSDK-2.8.1/Pebble/lib/libpebble.a(tmpL9Cjnwpebble.o)
 .text.window_set_click_context
                0x0000000000000000        0xc /Users/Jesse/pebble-dev/PebbleSDK-2.8.1/Pebble/lib/libpebble.a(tmpL9Cjnwpebble.o)
 .text.window_single_repeating_click_subscribe
                0x0000000000000000        0xc /Users/Jesse/pebble-dev/PebbleSDK-2.8.1/Pebble/lib/libpebble.a(tmpL9Cjnwpebble.o)
 .text.graphics_draw_text
                0x0000000000000000        0xc /Users/Jesse/pebble-dev/PebbleSDK-2.8.1/Pebble/lib/libpebble.a(tmpL9Cjnwpebble.o)
 .text.dict_serialize_tuplets_to_buffer
                0x0000000000000000        0xc /Users/Jesse/pebble-dev/PebbleSDK-2.8.1/Pebble/lib/libpebble.a(tmpL9Cjnwpebble.o)
 .text.persist_read_data
                0x0000000000000000        0xc /Users/Jesse/pebble-dev/PebbleSDK-2.8.1/Pebble/lib/libpebble.a(tmpL9Cjnwpebble.o)
 .text.persist_read_string
                0x0000000000000000        0xc /Users/Jesse/pebble-dev/PebbleSDK-2.8.1/Pebble/lib/libpebble.a(tmpL9Cjnwpebble.o)
 .text.persist_write_data
                0x0000000000000000        0xc /Users/Jesse/pebble-dev/PebbleSDK-2.8.1/Pebble/lib/libpebble.a(tmpL9Cjnwpebble.o)
 .text.dict_size
                0x0000000000000000        0xc /Users/Jesse/pebble-dev/PebbleSDK-2.8.1/Pebble/lib/libpebble.a(tmpL9Cjnwpebble.o)
 .text.graphics_text_layout_get_content_size
                0x0000000000000000        0xc /Users/Jesse/pebble-dev/PebbleSDK-2.8.1/Pebble/lib/libpebble.a(tmpL9Cjnwpebble.o)
 .text.simple_menu_layer_get_menu_layer
                0x0000000000000000        0xc /Users/Jesse/pebble-dev/PebbleSDK-2.8.1/Pebble/lib/libpebble.a(tmpL9Cjnwpebble.o)
 .text.accel_data_service_subscribe
                0x0000000000000000        0xc /Users/Jesse/pebble-dev/PebbleSDK-2.8.1/Pebble/lib/libpebble.a(tmpL9Cjnwpebble.o)
 .text.calloc   0x0000000000000000        0xc /Users/Jesse/pebble-dev/PebbleSDK-2.8.1/Pebble/lib/libpebble.a(tmpL9Cjnwpebble.o)
 .text.bitmap_layer_get_bitmap
                0x0000000000000000        0xc /Users/Jesse/pebble-dev/PebbleSDK-2.8.1/Pebble/lib/libpebble.a(tmpL9Cjnwpebble.o)
 .text.menu_layer_set_callbacks
                0x0000000000000000        0xc /Users/Jesse/pebble-dev/PebbleSDK-2.8.1/Pebble/lib/libpebble.a(tmpL9Cjnwpebble.o)
 .text.window_get_click_config_context
                0x0000000000000000        0xc /Users/Jesse/pebble-dev/PebbleSDK-2.8.1/Pebble/lib/libpebble.a(tmpL9Cjnwpebble.o)
 .text.number_window_get_window
                0x0000000000000000        0xc /Users/Jesse/pebble-dev/PebbleSDK-2.8.1/Pebble/lib/libpebble.a(tmpL9Cjnwpebble.o)
 .text.realloc  0x0000000000000000        0xc /Users/Jesse/pebble-dev/PebbleSDK-2.8.1/Pebble/lib/libpebble.a(tmpL9Cjnwpebble.o)
 .text.gbitmap_create_blank
                0x0000000000000000        0xc /Users/Jesse/pebble-dev/PebbleSDK-2.8.1/Pebble/lib/libpebble.a(tmpL9Cjnwpebble.o)
 .text.click_recognizer_is_repeating
                0x0000000000000000        0xc /Users/Jesse/pebble-dev/PebbleSDK-2.8.1/Pebble/lib/libpebble.a(tmpL9Cjnwpebble.o)
 .text.accel_raw_data_service_subscribe
                0x0000000000000000        0xc /Users/Jesse/pebble-dev/PebbleSDK-2.8.1/Pebble/lib/libpebble.a(tmpL9Cjnwpebble.o)
 .text.app_worker_is_running
                0x0000000000000000        0xc /Users/Jesse/pebble-dev/PebbleSDK-2.8.1/Pebble/lib/libpebble.a(tmpL9Cjnwpebble.o)
 .text.app_worker_kill
                0x0000000000000000        0xc /Users/Jesse/pebble-dev/PebbleSDK-2.8.1/Pebble/lib/libpebble.a(tmpL9Cjnwpebble.o)
 .text.app_worker_launch
                0x0000000000000000        0xc /Users/Jesse/pebble-dev/PebbleSDK-2.8.1/Pebble/lib/libpebble.a(tmpL9Cjnwpebble.o)
 .text.app_worker_message_subscribe
                0x0000000000000000        0xc /Users/Jesse/pebble-dev/PebbleSDK-2.8.1/Pebble/lib/libpebble.a(tmpL9Cjnwpebble.o)
 .text.app_worker_message_unsubscribe
                0x0000000000000000        0xc /Users/Jesse/pebble-dev/PebbleSDK-2.8.1/Pebble/lib/libpebble.a(tmpL9Cjnwpebble.o)
 .text.app_worker_send_message
                0x0000000000000000        0xc /Users/Jesse/pebble-dev/PebbleSDK-2.8.1/Pebble/lib/libpebble.a(tmpL9Cjnwpebble.o)
 .text.worker_event_loop
                0x0000000000000000        0xc /Users/Jesse/pebble-dev/PebbleSDK-2.8.1/Pebble/lib/libpebble.a(tmpL9Cjnwpebble.o)
 .text.worker_launch_app
                0x0000000000000000        0xc /Users/Jesse/pebble-dev/PebbleSDK-2.8.1/Pebble/lib/libpebble.a(tmpL9Cjnwpebble.o)
 .text.heap_bytes_free
                0x0000000000000000        0xc /Users/Jesse/pebble-dev/PebbleSDK-2.8.1/Pebble/lib/libpebble.a(tmpL9Cjnwpebble.o)
 .text.heap_bytes_used
                0x0000000000000000        0xc /Users/Jesse/pebble-dev/PebbleSDK-2.8.1/Pebble/lib/libpebble.a(tmpL9Cjnwpebble.o)
 .text.compass_service_peek
                0x0000000000000000        0xc /Users/Jesse/pebble-dev/PebbleSDK-2.8.1/Pebble/lib/libpebble.a(tmpL9Cjnwpebble.o)
 .text.compass_service_set_heading_filter
                0x0000000000000000        0xc /Users/Jesse/pebble-dev/PebbleSDK-2.8.1/Pebble/lib/libpebble.a(tmpL9Cjnwpebble.o)
 .text.compass_service_subscribe
                0x0000000000000000        0xc /Users/Jesse/pebble-dev/PebbleSDK-2.8.1/Pebble/lib/libpebble.a(tmpL9Cjnwpebble.o)
 .text.compass_service_unsubscribe
                0x0000000000000000        0xc /Users/Jesse/pebble-dev/PebbleSDK-2.8.1/Pebble/lib/libpebble.a(tmpL9Cjnwpebble.o)
 .text.uuid_equal
                0x0000000000000000        0xc /Users/Jesse/pebble-dev/PebbleSDK-2.8.1/Pebble/lib/libpebble.a(tmpL9Cjnwpebble.o)
 .text.uuid_to_string
                0x0000000000000000        0xc /Users/Jesse/pebble-dev/PebbleSDK-2.8.1/Pebble/lib/libpebble.a(tmpL9Cjnwpebble.o)
 .text.gpath_draw_filled
                0x0000000000000000        0xc /Users/Jesse/pebble-dev/PebbleSDK-2.8.1/Pebble/lib/libpebble.a(tmpL9Cjnwpebble.o)
 .text.animation_set_custom_curve
                0x0000000000000000        0xc /Users/Jesse/pebble-dev/PebbleSDK-2.8.1/Pebble/lib/libpebble.a(tmpL9Cjnwpebble.o)
 .text.watch_info_get_color
                0x0000000000000000        0xc /Users/Jesse/pebble-dev/PebbleSDK-2.8.1/Pebble/lib/libpebble.a(tmpL9Cjnwpebble.o)
 .text.watch_info_get_firmware_version
                0x0000000000000000        0xc /Users/Jesse/pebble-dev/PebbleSDK-2.8.1/Pebble/lib/libpebble.a(tmpL9Cjnwpebble.o)
 .text.watch_info_get_model
                0x0000000000000000        0xc /Users/Jesse/pebble-dev/PebbleSDK-2.8.1/Pebble/lib/libpebble.a(tmpL9Cjnwpebble.o)
 .text.graphics_capture_frame_buffer
                0x0000000000000000        0xc /Users/Jesse/pebble-dev/PebbleSDK-2.8.1/Pebble/lib/libpebble.a(tmpL9Cjnwpebble.o)
 .text.graphics_frame_buffer_is_captured
                0x0000000000000000        0xc /Users/Jesse/pebble-dev/PebbleSDK-2.8.1/Pebble/lib/libpebble.a(tmpL9Cjnwpebble.o)
 .text.graphics_release_frame_buffer
                0x0000000000000000        0xc /Users/Jesse/pebble-dev/PebbleSDK-2.8.1/Pebble/lib/libpebble.a(tmpL9Cjnwpebble.o)
 .text.clock_to_timestamp
                0x0000000000000000        0xc /Users/Jesse/pebble-dev/PebbleSDK-2.8.1/Pebble/lib/libpebble.a(tmpL9Cjnwpebble.o)
 .text.launch_reason
                0x0000000000000000        0xc /Users/Jesse/pebble-dev/PebbleSDK-2.8.1/Pebble/lib/libpebble.a(tmpL9Cjnwpebble.o)
 .text.wakeup_cancel
                0x0000000000000000        0xc /Users/Jesse/pebble-dev/PebbleSDK-2.8.1/Pebble/lib/libpebble.a(tmpL9Cjnwpebble.o)
 .text.wakeup_cancel_all
                0x0000000000000000        0xc /Users/Jesse/pebble-dev/PebbleSDK-2.8.1/Pebble/lib/libpebble.a(tmpL9Cjnwpebble.o)
 .text.wakeup_get_launch_event
                0x0000000000000000        0xc /Users/Jesse/pebble-dev/PebbleSDK-2.8.1/Pebble/lib/libpebble.a(tmpL9Cjnwpebble.o)
 .text.wakeup_query
                0x0000000000000000        0xc /Users/Jesse/pebble-dev/PebbleSDK-2.8.1/Pebble/lib/libpebble.a(tmpL9Cjnwpebble.o)
 .text.wakeup_schedule
                0x0000000000000000        0xc /Users/Jesse/pebble-dev/PebbleSDK-2.8.1/Pebble/lib/libpebble.a(tmpL9Cjnwpebble.o)
 .text.wakeup_service_subscribe
                0x0000000000000000        0xc /Users/Jesse/pebble-dev/PebbleSDK-2.8.1/Pebble/lib/libpebble.a(tmpL9Cjnwpebble.o)
 .text.clock_is_timezone_set
                0x0000000000000000        0xc /Users/Jesse/pebble-dev/PebbleSDK-2.8.1/Pebble/lib/libpebble.a(tmpL9Cjnwpebble.o)
 .text.i18n_get_system_locale
                0x0000000000000000        0xc /Users/Jesse/pebble-dev/PebbleSDK-2.8.1/Pebble/lib/libpebble.a(tmpL9Cjnwpebble.o)
 .text._localeconv_r
                0x0000000000000000        0xc /Users/Jesse/pebble-dev/PebbleSDK-2.8.1/Pebble/lib/libpebble.a(tmpL9Cjnwpebble.o)
 .text.setlocale
                0x0000000000000000        0xc /Users/Jesse/pebble-dev/PebbleSDK-2.8.1/Pebble/lib/libpebble.a(tmpL9Cjnwpebble.o)
 .bss           0x0000000000000000        0x0 /Users/Jesse/pebble-dev/PebbleSDK-2.8.1/arm-cs-tools/bin/../lib/gcc/arm-none-eabi/4.7.2/thumb2/libgcc.a(_arm_addsubdf3.o)
 .bss           0x0000000000000000        0x0 /Users/Jesse/pebble-dev/PebbleSDK-2.8.1/arm-cs-tools/bin/../lib/gcc/arm-none-eabi/4.7.2/thumb2/libgcc.a(_arm_muldivdf3.o)
 .bss           0x0000000000000000        0x0 /Users/Jesse/pebble-dev/PebbleSDK-2.8.1/arm-cs-tools/bin/../lib/gcc/arm-none-eabi/4.7.2/thumb2/libgcc.a(_arm_fixdfsi.o)
 .text          0x0000000000000000        0x0 /Users/Jesse/pebble-dev/PebbleSDK-2.8.1/arm-cs-tools/bin/../lib/gcc/arm-none-eabi/4.7.2/thumb2/crtend.o
 .bss           0x0000000000000000        0x0 /Users/Jesse/pebble-dev/PebbleSDK-2.8.1/arm-cs-tools/bin/../lib/gcc/arm-none-eabi/4.7.2/thumb2/crtend.o
 .eh_frame      0x0000000000000000        0x4 /Users/Jesse/pebble-dev/PebbleSDK-2.8.1/arm-cs-tools/bin/../lib/gcc/arm-none-eabi/4.7.2/thumb2/crtend.o
 .jcr           0x0000000000000000        0x4 /Users/Jesse/pebble-dev/PebbleSDK-2.8.1/arm-cs-tools/bin/../lib/gcc/arm-none-eabi/4.7.2/thumb2/crtend.o
 .tm_clone_table
                0x0000000000000000        0x0 /Users/Jesse/pebble-dev/PebbleSDK-2.8.1/arm-cs-tools/bin/../lib/gcc/arm-none-eabi/4.7.2/thumb2/crtend.o
 .text          0x0000000000000000        0x0 /Users/Jesse/pebble-dev/PebbleSDK-2.8.1/arm-cs-tools/bin/../lib/gcc/arm-none-eabi/4.7.2/thumb2/crtn.o
 .bss           0x0000000000000000        0x0 /Users/Jesse/pebble-dev/PebbleSDK-2.8.1/arm-cs-tools/bin/../lib/gcc/arm-none-eabi/4.7.2/thumb2/crtn.o
 .init          0x0000000000000000        0x8 /Users/Jesse/pebble-dev/PebbleSDK-2.8.1/arm-cs-tools/bin/../lib/gcc/arm-none-eabi/4.7.2/thumb2/crtn.o
 .fini          0x0000000000000000        0x8 /Users/Jesse/pebble-dev/PebbleSDK-2.8.1/arm-cs-tools/bin/../lib/gcc/arm-none-eabi/4.7.2/thumb2/crtn.o

Memory Configuration

Name             Origin             Length             Attributes
APP              0x0000000000000000 0x0000000000006000 xrw
*default*        0x0000000000000000 0xffffffffffffffff

Linker script and memory map

LOAD /Users/Jesse/pebble-dev/PebbleSDK-2.8.1/arm-cs-tools/bin/../lib/gcc/arm-none-eabi/4.7.2/thumb2/crti.o
LOAD /Users/Jesse/pebble-dev/PebbleSDK-2.8.1/arm-cs-tools/bin/../lib/gcc/arm-none-eabi/4.7.2/thumb2/crtbegin.o
LOAD src/combat.c.34.o
LOAD src/main.c.34.o
LOAD src/tools.c.34.o
LOAD appinfo.auto.c.34.o
LOAD /Users/Jesse/pebble-dev/PebbleSDK-2.8.1/Pebble/lib/libpebble.a
START GROUP
LOAD /Users/Jesse/pebble-dev/PebbleSDK-2.8.1/arm-cs-tools/bin/../lib/gcc/arm-none-eabi/4.7.2/thumb2/libgcc.a
LOAD /Users/Jesse/pebble-dev/PebbleSDK-2.8.1/arm-cs-tools/bin/../lib/gcc/arm-none-eabi/4.7.2/../../../../arm-none-eabi/lib/thumb2/libc.a
END GROUP
LOAD /Users/Jesse/pebble-dev/PebbleSDK-2.8.1/arm-cs-tools/bin/../lib/gcc/arm-none-eabi/4.7.2/thumb2/crtend.o
LOAD /Users/Jesse/pebble-dev/PebbleSDK-2.8.1/arm-cs-tools/bin/../lib/gcc/arm-none-eabi/4.7.2/thumb2/crtn.o

.header         0x0000000000000000       0x82
 *(.pbl_header)
 .pbl_header    0x0000000000000000       0x82 appinfo.auto.c.34.o
                0x0000000000000000                __pbl_app_info

.text           0x0000000000000088     0x19f3
 *(.text)
 .text          0x0000000000000088       0x14 /Users/Jesse/pebble-dev/PebbleSDK-2.8.1/Pebble/lib/libpebble.a(tmpL9Cjnwpebble.o)
 .text          0x000000000000009c      0x370 /Users/Jesse/pebble-dev/PebbleSDK-2.8.1/arm-cs-tools/bin/../lib/gcc/arm-none-eabi/4.7.2/thumb2/libgcc.a(_arm_addsubdf3.o)
                0x000000000000009c                __aeabi_drsub
                0x00000000000000a4                __subdf3
                0x00000000000000a4                __aeabi_dsub
                0x00000000000000a8                __aeabi_dadd
                0x00000000000000a8                __adddf3
                0x0000000000000320                __aeabi_ui2d
                0x0000000000000320                __floatunsidf
                0x0000000000000340                __floatsidf
                0x0000000000000340                __aeabi_i2d
                0x0000000000000364                __extendsfdf2
                0x0000000000000364                __aeabi_f2d
                0x00000000000003a0                __aeabi_ul2d
                0x00000000000003a0                __floatundidf
                0x00000000000003b0                __aeabi_l2d
                0x00000000000003b0                __floatdidf
 .text          0x000000000000040c      0x424 /Users/Jesse/pebble-dev/PebbleSDK-2.8.1/arm-cs-tools/bin/../lib/gcc/arm-none-eabi/4.7.2/thumb2/libgcc.a(_arm_muldivdf3.o)
                0x000000000000040c                __aeabi_dmul
                0x000000000000040c                __muldf3
                0x0000000000000660                __aeabi_ddiv
                0x0000000000000660                __divdf3
 .text          0x0000000000000830       0x50 /Users/Jesse/pebble-dev/PebbleSDK-2.8.1/arm-cs-tools/bin/../lib/gcc/arm-none-eabi/4.7.2/thumb2/libgcc.a(_arm_fixdfsi.o)
                0x0000000000000830                __fixdfsi
                0x0000000000000830                __aeabi_d2iz
 *(.text.*)
 .text.heal_player
                0x0000000000000880       0x40 src/combat.c.34.o
                0x0000000000000880                heal_player
 .text.hurt_player
                0x00000000000008c0       0x64 src/combat.c.34.o
                0x00000000000008c0                hurt_player
 .text.hurt_enemy
                0x0000000000000924       0x30 src/combat.c.34.o
                0x0000000000000924                hurt_enemy
 .text.window_menu_load
                0x0000000000000954       0x6c src/main.c.34.o
                0x0000000000000954                window_menu_load
 .text.window_clock_unload
                0x00000000000009c0       0x9c src/main.c.34.o
                0x00000000000009c0                window_clock_unload
 .text.window_menu_unload
                0x0000000000000a5c       0x18 src/main.c.34.o
                0x0000000000000a5c                window_menu_unload
 .text.window_main_unload
                0x0000000000000a74       0xb8 src/main.c.34.o
                0x0000000000000a74                window_main_unload
 .text.click_config_provider
                0x0000000000000b2c       0x24 src/main.c.34.o
                0x0000000000000b2c                click_config_provider
 .text.tap_handler
                0x0000000000000b50       0x28 src/main.c.34.o
                0x0000000000000b50                tap_handler
 .text.hide_clock
                0x0000000000000b78       0x28 src/main.c.34.o
                0x0000000000000b78                hide_clock
 .text.draw_health
                0x0000000000000ba0      0x108 src/main.c.34.o
                0x0000000000000ba0                draw_health
 .text.step     0x0000000000000ca8      0x168 src/main.c.34.o
                0x0000000000000ca8                step
 .text.button_down_handler
                0x0000000000000e10       0x54 src/main.c.34.o
                0x0000000000000e10                button_down_handler
 .text.take_step
                0x0000000000000e64       0x20 src/main.c.34.o
                0x0000000000000e64                take_step
 .text.show_stats
                0x0000000000000e84       0x70 src/main.c.34.o
                0x0000000000000e84                show_stats
 .text.window_main_load
                0x0000000000000ef4      0x22c src/main.c.34.o
                0x0000000000000ef4                window_main_load
 .text.button_up_handler
                0x0000000000001120       0x9c src/main.c.34.o
                0x0000000000001120                button_up_handler
 .text.populate_clock
                0x00000000000011bc       0x60 src/main.c.34.o
                0x00000000000011bc                populate_clock
 .text.window_clock_load
                0x000000000000121c      0x264 src/main.c.34.o
                0x000000000000121c                window_clock_load
 .text.init     0x0000000000001480      0x1f8 src/main.c.34.o
                0x0000000000001480                init
 .text.deinit   0x0000000000001678       0xb0 src/main.c.34.o
                0x0000000000001678                deinit
 .text.startup.main
                0x0000000000001728       0x12 src/main.c.34.o
                0x0000000000001728                main
 .text.random   0x000000000000173a       0x12 src/tools.c.34.o
                0x000000000000173a                random
 .text.accel_tap_service_subscribe
                0x000000000000174c        0xc /Users/Jesse/pebble-dev/PebbleSDK-2.8.1/Pebble/lib/libpebble.a(tmpL9Cjnwpebble.o)
                0x000000000000174c                accel_tap_service_subscribe
 .text.app_event_loop
                0x0000000000001758        0xc /Users/Jesse/pebble-dev/PebbleSDK-2.8.1/Pebble/lib/libpebble.a(tmpL9Cjnwpebble.o)
                0x0000000000001758                app_event_loop
 .text.app_timer_register
                0x0000000000001764        0xc /Users/Jesse/pebble-dev/PebbleSDK-2.8.1/Pebble/lib/libpebble.a(tmpL9Cjnwpebble.o)
                0x0000000000001764                app_timer_register
 .text.battery_state_service_peek
                0x0000000000001770        0xc /Users/Jesse/pebble-dev/PebbleSDK-2.8.1/Pebble/lib/libpebble.a(tmpL9Cjnwpebble.o)
                0x0000000000001770                battery_state_service_peek
 .text.bitmap_layer_create
                0x000000000000177c        0xc /Users/Jesse/pebble-dev/PebbleSDK-2.8.1/Pebble/lib/libpebble.a(tmpL9Cjnwpebble.o)
                0x000000000000177c                bitmap_layer_create
 .text.bitmap_layer_destroy
                0x0000000000001788        0xc /Users/Jesse/pebble-dev/PebbleSDK-2.8.1/Pebble/lib/libpebble.a(tmpL9Cjnwpebble.o)
                0x0000000000001788                bitmap_layer_destroy
 .text.bitmap_layer_get_layer
                0x0000000000001794        0xc /Users/Jesse/pebble-dev/PebbleSDK-2.8.1/Pebble/lib/libpebble.a(tmpL9Cjnwpebble.o)
                0x0000000000001794                bitmap_layer_get_layer
 .text.bitmap_layer_set_bitmap
                0x00000000000017a0        0xc /Users/Jesse/pebble-dev/PebbleSDK-2.8.1/Pebble/lib/libpebble.a(tmpL9Cjnwpebble.o)
                0x00000000000017a0                bitmap_layer_set_bitmap
 .text.bluetooth_connection_service_peek
                0x00000000000017ac        0xc /Users/Jesse/pebble-dev/PebbleSDK-2.8.1/Pebble/lib/libpebble.a(tmpL9Cjnwpebble.o)
                0x00000000000017ac                bluetooth_connection_service_peek
 .text.clock_copy_time_string
                0x00000000000017b8        0xc /Users/Jesse/pebble-dev/PebbleSDK-2.8.1/Pebble/lib/libpebble.a(tmpL9Cjnwpebble.o)
                0x00000000000017b8                clock_copy_time_string
 .text.fonts_load_custom_font
                0x00000000000017c4        0xc /Users/Jesse/pebble-dev/PebbleSDK-2.8.1/Pebble/lib/libpebble.a(tmpL9Cjnwpebble.o)
                0x00000000000017c4                fonts_load_custom_font
 .text.fonts_unload_custom_font
                0x00000000000017d0        0xc /Users/Jesse/pebble-dev/PebbleSDK-2.8.1/Pebble/lib/libpebble.a(tmpL9Cjnwpebble.o)
                0x00000000000017d0                fonts_unload_custom_font
 .text.gbitmap_create_with_resource
                0x00000000000017dc        0xc /Users/Jesse/pebble-dev/PebbleSDK-2.8.1/Pebble/lib/libpebble.a(tmpL9Cjnwpebble.o)
                0x00000000000017dc                gbitmap_create_with_resource
 .text.gbitmap_destroy
                0x00000000000017e8        0xc /Users/Jesse/pebble-dev/PebbleSDK-2.8.1/Pebble/lib/libpebble.a(tmpL9Cjnwpebble.o)
                0x00000000000017e8                gbitmap_destroy
 .text.graphics_context_set_fill_color
                0x00000000000017f4        0xc /Users/Jesse/pebble-dev/PebbleSDK-2.8.1/Pebble/lib/libpebble.a(tmpL9Cjnwpebble.o)
                0x00000000000017f4                graphics_context_set_fill_color
 .text.graphics_fill_rect
                0x0000000000001800        0xc /Users/Jesse/pebble-dev/PebbleSDK-2.8.1/Pebble/lib/libpebble.a(tmpL9Cjnwpebble.o)
                0x0000000000001800                graphics_fill_rect
 .text.layer_add_child
                0x000000000000180c        0xc /Users/Jesse/pebble-dev/PebbleSDK-2.8.1/Pebble/lib/libpebble.a(tmpL9Cjnwpebble.o)
                0x000000000000180c                layer_add_child
 .text.layer_create
                0x0000000000001818        0xc /Users/Jesse/pebble-dev/PebbleSDK-2.8.1/Pebble/lib/libpebble.a(tmpL9Cjnwpebble.o)
                0x0000000000001818                layer_create
 .text.layer_destroy
                0x0000000000001824        0xc /Users/Jesse/pebble-dev/PebbleSDK-2.8.1/Pebble/lib/libpebble.a(tmpL9Cjnwpebble.o)
                0x0000000000001824                layer_destroy
 .text.layer_mark_dirty
                0x0000000000001830        0xc /Users/Jesse/pebble-dev/PebbleSDK-2.8.1/Pebble/lib/libpebble.a(tmpL9Cjnwpebble.o)
                0x0000000000001830                layer_mark_dirty
 .text.layer_remove_from_parent
                0x000000000000183c        0xc /Users/Jesse/pebble-dev/PebbleSDK-2.8.1/Pebble/lib/libpebble.a(tmpL9Cjnwpebble.o)
                0x000000000000183c                layer_remove_from_parent
 .text.layer_set_update_proc
                0x0000000000001848        0xc /Users/Jesse/pebble-dev/PebbleSDK-2.8.1/Pebble/lib/libpebble.a(tmpL9Cjnwpebble.o)
                0x0000000000001848                layer_set_update_proc
 .text.localtime
                0x0000000000001854        0xc /Users/Jesse/pebble-dev/PebbleSDK-2.8.1/Pebble/lib/libpebble.a(tmpL9Cjnwpebble.o)
                0x0000000000001854                localtime
 .text.memset   0x0000000000001860        0xc /Users/Jesse/pebble-dev/PebbleSDK-2.8.1/Pebble/lib/libpebble.a(tmpL9Cjnwpebble.o)
                0x0000000000001860                memset
 .text.persist_exists
                0x000000000000186c        0xc /Users/Jesse/pebble-dev/PebbleSDK-2.8.1/Pebble/lib/libpebble.a(tmpL9Cjnwpebble.o)
                0x000000000000186c                persist_exists
 .text.persist_read_int
                0x0000000000001878        0xc /Users/Jesse/pebble-dev/PebbleSDK-2.8.1/Pebble/lib/libpebble.a(tmpL9Cjnwpebble.o)
                0x0000000000001878                persist_read_int
 .text.persist_write_int
                0x0000000000001884        0xc /Users/Jesse/pebble-dev/PebbleSDK-2.8.1/Pebble/lib/libpebble.a(tmpL9Cjnwpebble.o)
                0x0000000000001884                persist_write_int
 .text.rand     0x0000000000001890        0xc /Users/Jesse/pebble-dev/PebbleSDK-2.8.1/Pebble/lib/libpebble.a(tmpL9Cjnwpebble.o)
                0x0000000000001890                rand
 .text.resource_get_handle
                0x000000000000189c        0xc /Users/Jesse/pebble-dev/PebbleSDK-2.8.1/Pebble/lib/libpebble.a(tmpL9Cjnwpebble.o)
                0x000000000000189c                resource_get_handle
 .text.simple_menu_layer_destroy
                0x00000000000018a8        0xc /Users/Jesse/pebble-dev/PebbleSDK-2.8.1/Pebble/lib/libpebble.a(tmpL9Cjnwpebble.o)
                0x00000000000018a8                simple_menu_layer_destroy
 .text.snprintf
                0x00000000000018b4        0xc /Users/Jesse/pebble-dev/PebbleSDK-2.8.1/Pebble/lib/libpebble.a(tmpL9Cjnwpebble.o)
                0x00000000000018b4                snprintf
 .text.srand    0x00000000000018c0        0xc /Users/Jesse/pebble-dev/PebbleSDK-2.8.1/Pebble/lib/libpebble.a(tmpL9Cjnwpebble.o)
                0x00000000000018c0                srand
 .text.strftime
                0x00000000000018cc        0xc /Users/Jesse/pebble-dev/PebbleSDK-2.8.1/Pebble/lib/libpebble.a(tmpL9Cjnwpebble.o)
                0x00000000000018cc                strftime
 .text.text_layer_create
                0x00000000000018d8        0xc /Users/Jesse/pebble-dev/PebbleSDK-2.8.1/Pebble/lib/libpebble.a(tmpL9Cjnwpebble.o)
                0x00000000000018d8                text_layer_create
 .text.text_layer_destroy
                0x00000000000018e4        0xc /Users/Jesse/pebble-dev/PebbleSDK-2.8.1/Pebble/lib/libpebble.a(tmpL9Cjnwpebble.o)
                0x00000000000018e4                text_layer_destroy
 .text.text_layer_get_layer
                0x00000000000018f0        0xc /Users/Jesse/pebble-dev/PebbleSDK-2.8.1/Pebble/lib/libpebble.a(tmpL9Cjnwpebble.o)
                0x00000000000018f0                text_layer_get_layer
 .text.text_layer_set_background_color
                0x00000000000018fc        0xc /Users/Jesse/pebble-dev/PebbleSDK-2.8.1/Pebble/lib/libpebble.a(tmpL9Cjnwpebble.o)
                0x00000000000018fc                text_layer_set_background_color
 .text.text_layer_set_font
                0x0000000000001908        0xc /Users/Jesse/pebble-dev/PebbleSDK-2.8.1/Pebble/lib/libpebble.a(tmpL9Cjnwpebble.o)
                0x0000000000001908                text_layer_set_font
 .text.text_layer_set_text
                0x0000000000001914        0xc /Users/Jesse/pebble-dev/PebbleSDK-2.8.1/Pebble/lib/libpebble.a(tmpL9Cjnwpebble.o)
                0x0000000000001914                text_layer_set_text
 .text.text_layer_set_text_alignment
                0x0000000000001920        0xc /Users/Jesse/pebble-dev/PebbleSDK-2.8.1/Pebble/lib/libpebble.a(tmpL9Cjnwpebble.o)
                0x0000000000001920                text_layer_set_text_alignment
 .text.text_layer_set_text_color
                0x000000000000192c        0xc /Users/Jesse/pebble-dev/PebbleSDK-2.8.1/Pebble/lib/libpebble.a(tmpL9Cjnwpebble.o)
                0x000000000000192c                text_layer_set_text_color
 .text.tick_timer_service_subscribe
                0x0000000000001938        0xc /Users/Jesse/pebble-dev/PebbleSDK-2.8.1/Pebble/lib/libpebble.a(tmpL9Cjnwpebble.o)
                0x0000000000001938                tick_timer_service_subscribe
 .text.time     0x0000000000001944        0xc /Users/Jesse/pebble-dev/PebbleSDK-2.8.1/Pebble/lib/libpebble.a(tmpL9Cjnwpebble.o)
                0x0000000000001944                time
 .text.window_create
                0x0000000000001950        0xc /Users/Jesse/pebble-dev/PebbleSDK-2.8.1/Pebble/lib/libpebble.a(tmpL9Cjnwpebble.o)
                0x0000000000001950                window_create
 .text.window_destroy
                0x000000000000195c        0xc /Users/Jesse/pebble-dev/PebbleSDK-2.8.1/Pebble/lib/libpebble.a(tmpL9Cjnwpebble.o)
                0x000000000000195c                window_destroy
 .text.window_get_root_layer
                0x0000000000001968        0xc /Users/Jesse/pebble-dev/PebbleSDK-2.8.1/Pebble/lib/libpebble.a(tmpL9Cjnwpebble.o)
                0x0000000000001968                window_get_root_layer
 .text.window_set_click_config_provider
                0x0000000000001974        0xc /Users/Jesse/pebble-dev/PebbleSDK-2.8.1/Pebble/lib/libpebble.a(tmpL9Cjnwpebble.o)
                0x0000000000001974                window_set_click_config_provider
 .text.window_set_fullscreen
                0x0000000000001980        0xc /Users/Jesse/pebble-dev/PebbleSDK-2.8.1/Pebble/lib/libpebble.a(tmpL9Cjnwpebble.o)
                0x0000000000001980                window_set_fullscreen
 .text.window_set_window_handlers
                0x000000000000198c        0xc /Users/Jesse/pebble-dev/PebbleSDK-2.8.1/Pebble/lib/libpebble.a(tmpL9Cjnwpebble.o)
                0x000000000000198c                window_set_window_handlers
 .text.window_stack_contains_window
                0x0000000000001998        0xc /Users/Jesse/pebble-dev/PebbleSDK-2.8.1/Pebble/lib/libpebble.a(tmpL9Cjnwpebble.o)
                0x0000000000001998                window_stack_contains_window
 .text.window_stack_push
                0x00000000000019a4        0xc /Users/Jesse/pebble-dev/PebbleSDK-2.8.1/Pebble/lib/libpebble.a(tmpL9Cjnwpebble.o)
                0x00000000000019a4                window_stack_push
 .text.window_stack_remove
                0x00000000000019b0        0xc /Users/Jesse/pebble-dev/PebbleSDK-2.8.1/Pebble/lib/libpebble.a(tmpL9Cjnwpebble.o)
                0x00000000000019b0                window_stack_remove
 .text.window_single_click_subscribe
                0x00000000000019bc        0xc /Users/Jesse/pebble-dev/PebbleSDK-2.8.1/Pebble/lib/libpebble.a(tmpL9Cjnwpebble.o)
                0x00000000000019bc                window_single_click_subscribe
 *(.rodata)
 .rodata        0x00000000000019c8       0x50 src/main.c.34.o
 *(.rodata*)
 .rodata.str1.1
                0x0000000000001a18       0x63 src/main.c.34.o

.glue_7         0x0000000000001a7c        0x0
 .glue_7        0x0000000000000000        0x0 linker stubs

.glue_7t        0x0000000000001a7c        0x0
 .glue_7t       0x0000000000000000        0x0 linker stubs

.vfp11_veneer   0x0000000000001a7c        0x0
 .vfp11_veneer  0x0000000000000000        0x0 linker stubs

.v4_bx          0x0000000000001a7c        0x0
 .v4_bx         0x0000000000000000        0x0 linker stubs

.iplt           0x0000000000001a7c        0x0
 .iplt          0x0000000000000000        0x0 /Users/Jesse/pebble-dev/PebbleSDK-2.8.1/arm-cs-tools/bin/../lib/gcc/arm-none-eabi/4.7.2/thumb2/crtbegin.o

.rel.dyn        0x0000000000001a7c        0x0
 .rel.iplt      0x0000000000000000        0x0 /Users/Jesse/pebble-dev/PebbleSDK-2.8.1/arm-cs-tools/bin/../lib/gcc/arm-none-eabi/4.7.2/thumb2/crtbegin.o
 .rel.got       0x0000000000000000        0x0 /Users/Jesse/pebble-dev/PebbleSDK-2.8.1/arm-cs-tools/bin/../lib/gcc/arm-none-eabi/4.7.2/thumb2/crtbegin.o

.data           0x0000000000001a7c       0x48
 *(.data)
 .data          0x0000000000001a7c        0x0 /Users/Jesse/pebble-dev/PebbleSDK-2.8.1/arm-cs-tools/bin/../lib/gcc/arm-none-eabi/4.7.2/thumb2/crti.o
 .data          0x0000000000001a7c        0x4 /Users/Jesse/pebble-dev/PebbleSDK-2.8.1/arm-cs-tools/bin/../lib/gcc/arm-none-eabi/4.7.2/thumb2/crtbegin.o
                0x0000000000001a7c                __dso_handle
 .data          0x0000000000001a80        0x0 src/combat.c.34.o
 .data          0x0000000000001a80        0x0 src/main.c.34.o
 .data          0x0000000000001a80        0x0 src/tools.c.34.o
 .data          0x0000000000001a80        0x0 appinfo.auto.c.34.o
 .data          0x0000000000001a80        0x0 /Users/Jesse/pebble-dev/PebbleSDK-2.8.1/Pebble/lib/libpebble.a(tmpL9Cjnwpebble.o)
 .data          0x0000000000001a80        0x0 /Users/Jesse/pebble-dev/PebbleSDK-2.8.1/arm-cs-tools/bin/../lib/gcc/arm-none-eabi/4.7.2/thumb2/libgcc.a(_arm_addsubdf3.o)
 .data          0x0000000000001a80        0x0 /Users/Jesse/pebble-dev/PebbleSDK-2.8.1/arm-cs-tools/bin/../lib/gcc/arm-none-eabi/4.7.2/thumb2/libgcc.a(_arm_muldivdf3.o)
 .data          0x0000000000001a80        0x0 /Users/Jesse/pebble-dev/PebbleSDK-2.8.1/arm-cs-tools/bin/../lib/gcc/arm-none-eabi/4.7.2/thumb2/libgcc.a(_arm_fixdfsi.o)
 .data          0x0000000000001a80        0x0 /Users/Jesse/pebble-dev/PebbleSDK-2.8.1/arm-cs-tools/bin/../lib/gcc/arm-none-eabi/4.7.2/thumb2/crtend.o
 .data          0x0000000000001a80        0x0 /Users/Jesse/pebble-dev/PebbleSDK-2.8.1/arm-cs-tools/bin/../lib/gcc/arm-none-eabi/4.7.2/thumb2/crtn.o
 *(.data.*)
 .data.g_images_enemies
                0x0000000000001a80       0x10 src/main.c.34.o
                0x0000000000001a80                g_images_enemies
 .data.g_fight_probability
                0x0000000000001a90        0x4 src/main.c.34.o
                0x0000000000001a90                g_fight_probability
 .data.g_image_count_corridor
                0x0000000000001a94        0x4 src/main.c.34.o
                0x0000000000001a94                g_image_count_corridor
 .data.g_enemy_attack
                0x0000000000001a98        0x4 src/main.c.34.o
                0x0000000000001a98                g_enemy_attack
 .data.g_enemy_current_health
                0x0000000000001a9c        0x4 src/main.c.34.o
                0x0000000000001a9c                g_enemy_current_health
 .data.g_enemy_level
                0x0000000000001aa0        0x4 src/main.c.34.o
                0x0000000000001aa0                g_enemy_level
 .data.g_image_count_enemies
                0x0000000000001aa4        0x4 src/main.c.34.o
                0x0000000000001aa4                g_image_count_enemies
 .data.g_enemy_max_health
                0x0000000000001aa8        0x4 src/main.c.34.o
                0x0000000000001aa8                g_enemy_max_health
 .data.g_clock_life
                0x0000000000001aac        0x4 src/main.c.34.o
                0x0000000000001aac                g_clock_life
 .data.g_images_corridor
                0x0000000000001ab0       0x10 src/main.c.34.o
                0x0000000000001ab0                g_images_corridor
 .data.g_fight_probability_cap
                0x0000000000001ac0        0x4 src/main.c.34.o
                0x0000000000001ac0                g_fight_probability_cap

.igot.plt       0x0000000000001ac4        0x0
 .igot.plt      0x0000000000000000        0x0 /Users/Jesse/pebble-dev/PebbleSDK-2.8.1/arm-cs-tools/bin/../lib/gcc/arm-none-eabi/4.7.2/thumb2/crtbegin.o

.got            0x0000000000001ac4       0x8c
 .got           0x0000000000001ac4       0x8c /Users/Jesse/pebble-dev/PebbleSDK-2.8.1/arm-cs-tools/bin/../lib/gcc/arm-none-eabi/4.7.2/thumb2/crtbegin.o

.got.plt        0x0000000000001b50        0xc
 .got.plt       0x0000000000001b50        0xc /Users/Jesse/pebble-dev/PebbleSDK-2.8.1/arm-cs-tools/bin/../lib/gcc/arm-none-eabi/4.7.2/thumb2/crtbegin.o
                0x0000000000001b50                _GLOBAL_OFFSET_TABLE_

.bss            0x0000000000001b5c        0x1
 *(.bss)
 *(.bss.*)
 .bss.g_in_fight
                0x0000000000001b5c        0x1 src/main.c.34.o
                0x0000000000001b5c                g_in_fight

DISCARD
 libc.a(*)
 libm.a(*)
 libgcc.a(*)
 *(.eh_frame)
OUTPUT(/Users/Jesse/Dropbox/Projects/Games/Gimbatul/build/pebble-app.elf elf32-littlearm)

.ARM.attributes
                0x0000000000000000       0x27
 .ARM.attributes
                0x0000000000000000       0x19 /Users/Jesse/pebble-dev/PebbleSDK-2.8.1/arm-cs-tools/bin/../lib/gcc/arm-none-eabi/4.7.2/thumb2/crti.o
 .ARM.attributes
                0x0000000000000019       0x29 /Users/Jesse/pebble-dev/PebbleSDK-2.8.1/arm-cs-tools/bin/../lib/gcc/arm-none-eabi/4.7.2/thumb2/crtbegin.o
 .ARM.attributes
                0x0000000000000042       0x33 src/combat.c.34.o
 .ARM.attributes
                0x0000000000000075       0x33 src/main.c.34.o
 .ARM.attributes
                0x00000000000000a8       0x33 src/tools.c.34.o
 .ARM.attributes
                0x00000000000000db       0x33 appinfo.auto.c.34.o
 .ARM.attributes
                0x000000000000010e       0x21 /Users/Jesse/pebble-dev/PebbleSDK-2.8.1/Pebble/lib/libpebble.a(tmpL9Cjnwpebble.o)
 .ARM.attributes
                0x000000000000012f       0x19 /Users/Jesse/pebble-dev/PebbleSDK-2.8.1/arm-cs-tools/bin/../lib/gcc/arm-none-eabi/4.7.2/thumb2/libgcc.a(_arm_addsubdf3.o)
 .ARM.attributes
                0x0000000000000148       0x19 /Users/Jesse/pebble-dev/PebbleSDK-2.8.1/arm-cs-tools/bin/../lib/gcc/arm-none-eabi/4.7.2/thumb2/libgcc.a(_arm_muldivdf3.o)
 .ARM.attributes
                0x0000000000000161       0x19 /Users/Jesse/pebble-dev/PebbleSDK-2.8.1/arm-cs-tools/bin/../lib/gcc/arm-none-eabi/4.7.2/thumb2/libgcc.a(_arm_fixdfsi.o)
 .ARM.attributes
                0x000000000000017a       0x29 /Users/Jesse/pebble-dev/PebbleSDK-2.8.1/arm-cs-tools/bin/../lib/gcc/arm-none-eabi/4.7.2/thumb2/crtend.o
 .ARM.attributes
                0x00000000000001a3       0x19 /Users/Jesse/pebble-dev/PebbleSDK-2.8.1/arm-cs-tools/bin/../lib/gcc/arm-none-eabi/4.7.2/thumb2/crtn.o

.comment        0x0000000000000000       0x4e
 .comment       0x0000000000000000       0x4e /Users/Jesse/pebble-dev/PebbleSDK-2.8.1/arm-cs-tools/bin/../lib/gcc/arm-none-eabi/4.7.2/thumb2/crtbegin.o
                                         0x4f (size before relaxing)
 .comment       0x0000000000000000       0x4f src/combat.c.34.o
 .comment       0x0000000000000000       0x4f src/main.c.34.o
 .comment       0x0000000000000000       0x4f src/tools.c.34.o
 .comment       0x0000000000000000       0x4f appinfo.auto.c.34.o
 .comment       0x0000000000000000       0x4f /Users/Jesse/pebble-dev/PebbleSDK-2.8.1/arm-cs-tools/bin/../lib/gcc/arm-none-eabi/4.7.2/thumb2/crtend.o

.debug_info     0x0000000000000000     0x2eb9
 .debug_info    0x0000000000000000      0x461 src/combat.c.34.o
 .debug_info    0x0000000000000461     0x228d src/main.c.34.o
 .debug_info    0x00000000000026ee      0x1fc src/tools.c.34.o
 .debug_info    0x00000000000028ea      0x3a4 appinfo.auto.c.34.o
 .debug_info    0x0000000000002c8e       0xb9 /Users/Jesse/pebble-dev/PebbleSDK-2.8.1/arm-cs-tools/bin/../lib/gcc/arm-none-eabi/4.7.2/thumb2/libgcc.a(_arm_addsubdf3.o)
 .debug_info    0x0000000000002d47       0xb9 /Users/Jesse/pebble-dev/PebbleSDK-2.8.1/arm-cs-tools/bin/../lib/gcc/arm-none-eabi/4.7.2/thumb2/libgcc.a(_arm_muldivdf3.o)
 .debug_info    0x0000000000002e00       0xb9 /Users/Jesse/pebble-dev/PebbleSDK-2.8.1/arm-cs-tools/bin/../lib/gcc/arm-none-eabi/4.7.2/thumb2/libgcc.a(_arm_fixdfsi.o)

.debug_abbrev   0x0000000000000000      0x846
 .debug_abbrev  0x0000000000000000      0x1aa src/combat.c.34.o
 .debug_abbrev  0x00000000000001aa      0x475 src/main.c.34.o
 .debug_abbrev  0x000000000000061f      0x14d src/tools.c.34.o
 .debug_abbrev  0x000000000000076c       0x9e appinfo.auto.c.34.o
 .debug_abbrev  0x000000000000080a       0x14 /Users/Jesse/pebble-dev/PebbleSDK-2.8.1/arm-cs-tools/bin/../lib/gcc/arm-none-eabi/4.7.2/thumb2/libgcc.a(_arm_addsubdf3.o)
 .debug_abbrev  0x000000000000081e       0x14 /Users/Jesse/pebble-dev/PebbleSDK-2.8.1/arm-cs-tools/bin/../lib/gcc/arm-none-eabi/4.7.2/thumb2/libgcc.a(_arm_muldivdf3.o)
 .debug_abbrev  0x0000000000000832       0x14 /Users/Jesse/pebble-dev/PebbleSDK-2.8.1/arm-cs-tools/bin/../lib/gcc/arm-none-eabi/4.7.2/thumb2/libgcc.a(_arm_fixdfsi.o)

.debug_loc      0x0000000000000000      0x86c
 .debug_loc     0x0000000000000000       0xdd src/combat.c.34.o
 .debug_loc     0x00000000000000dd      0x6e9 src/main.c.34.o
 .debug_loc     0x00000000000007c6       0xa6 src/tools.c.34.o

.debug_aranges  0x0000000000000000      0x198
 .debug_aranges
                0x0000000000000000       0x30 src/combat.c.34.o
 .debug_aranges
                0x0000000000000030       0xc8 src/main.c.34.o
 .debug_aranges
                0x00000000000000f8       0x28 src/tools.c.34.o
 .debug_aranges
                0x0000000000000120       0x18 appinfo.auto.c.34.o
 .debug_aranges
                0x0000000000000138       0x20 /Users/Jesse/pebble-dev/PebbleSDK-2.8.1/arm-cs-tools/bin/../lib/gcc/arm-none-eabi/4.7.2/thumb2/libgcc.a(_arm_addsubdf3.o)
 .debug_aranges
                0x0000000000000158       0x20 /Users/Jesse/pebble-dev/PebbleSDK-2.8.1/arm-cs-tools/bin/../lib/gcc/arm-none-eabi/4.7.2/thumb2/libgcc.a(_arm_muldivdf3.o)
 .debug_aranges
                0x0000000000000178       0x20 /Users/Jesse/pebble-dev/PebbleSDK-2.8.1/arm-cs-tools/bin/../lib/gcc/arm-none-eabi/4.7.2/thumb2/libgcc.a(_arm_fixdfsi.o)

.debug_ranges   0x0000000000000000      0x1e8
 .debug_ranges  0x0000000000000000       0x20 src/combat.c.34.o
 .debug_ranges  0x0000000000000020      0x1b0 src/main.c.34.o
 .debug_ranges  0x00000000000001d0       0x18 src/tools.c.34.o

.debug_line     0x0000000000000000      0xf5f
 .debug_line    0x0000000000000000      0x1a5 src/combat.c.34.o
 .debug_line    0x00000000000001a5      0x644 src/main.c.34.o
 .debug_line    0x00000000000007e9      0x1a0 src/tools.c.34.o
 .debug_line    0x0000000000000989      0x120 appinfo.auto.c.34.o
 .debug_line    0x0000000000000aa9      0x20a /Users/Jesse/pebble-dev/PebbleSDK-2.8.1/arm-cs-tools/bin/../lib/gcc/arm-none-eabi/4.7.2/thumb2/libgcc.a(_arm_addsubdf3.o)
 .debug_line    0x0000000000000cb3      0x226 /Users/Jesse/pebble-dev/PebbleSDK-2.8.1/arm-cs-tools/bin/../lib/gcc/arm-none-eabi/4.7.2/thumb2/libgcc.a(_arm_muldivdf3.o)
 .debug_line    0x0000000000000ed9       0x86 /Users/Jesse/pebble-dev/PebbleSDK-2.8.1/arm-cs-tools/bin/../lib/gcc/arm-none-eabi/4.7.2/thumb2/libgcc.a(_arm_fixdfsi.o)

.debug_str      0x0000000000000000     0x1368
 .debug_str     0x0000000000000000      0x544 src/combat.c.34.o
                                        0x59d (size before relaxing)
 .debug_str     0x0000000000000544      0xc2f src/main.c.34.o
                                       0x1229 (size before relaxing)
 .debug_str     0x0000000000001173       0x97 src/tools.c.34.o
                                        0x197 (size before relaxing)
 .debug_str     0x000000000000120a      0x15e appinfo.auto.c.34.o
                                        0x565 (size before relaxing)

.debug_frame    0x0000000000000000      0x2f8
 .debug_frame   0x0000000000000000       0x54 src/combat.c.34.o
 .debug_frame   0x0000000000000054      0x264 src/main.c.34.o
 .debug_frame   0x00000000000002b8       0x40 src/tools.c.34.o
