Archive member included because of file (symbol)

/Users/Jesse/pebble-dev/PebbleSDK-2.7/Pebble/lib/libpebble.a(tmpu_Elzfpebble.o)
                              src/main.c.29.o (accel_tap_service_subscribe)
/Users/Jesse/pebble-dev/PebbleSDK-2.7/arm-cs-tools/bin/../lib/gcc/arm-none-eabi/4.7.2/thumb2/libgcc.a(_arm_addsubdf3.o)
                              src/main.c.29.o (__aeabi_dsub)
/Users/Jesse/pebble-dev/PebbleSDK-2.7/arm-cs-tools/bin/../lib/gcc/arm-none-eabi/4.7.2/thumb2/libgcc.a(_arm_muldivdf3.o)
                              src/main.c.29.o (__aeabi_dmul)
/Users/Jesse/pebble-dev/PebbleSDK-2.7/arm-cs-tools/bin/../lib/gcc/arm-none-eabi/4.7.2/thumb2/libgcc.a(_arm_cmpdf2.o)
                              src/main.c.29.o (__aeabi_dcmplt)
/Users/Jesse/pebble-dev/PebbleSDK-2.7/arm-cs-tools/bin/../lib/gcc/arm-none-eabi/4.7.2/thumb2/libgcc.a(_arm_fixdfsi.o)
                              src/main.c.29.o (__aeabi_d2iz)

Allocating common symbols
Common symbol       size              file

g_font_press_start  0x4               src/main.c.29.o
g_font_alagard      0x4               src/main.c.29.o
g_image_clock_battery
                    0x4               src/main.c.29.o
g_layer_menu_items  0x4               src/main.c.29.o
g_window_main       0x4               src/main.c.29.o
g_window_menu       0x4               src/main.c.29.o
g_window_clock      0x4               src/main.c.29.o
g_layer_health_bars
                    0x4               src/main.c.29.o
g_layer_menu        0x4               src/main.c.29.o
g_image_clock_bluetooth
                    0x4               src/main.c.29.o
g_image_layer_clock_battery
                    0x4               src/main.c.29.o
g_image_layer_main  0x4               src/main.c.29.o
g_image_layer_clock_bluetooth
                    0x4               src/main.c.29.o
g_text_layer_lvl    0x4               src/main.c.29.o
g_text_layer_time   0x4               src/main.c.29.o
g_image_layer_clock
                    0x4               src/main.c.29.o
g_text_layer_exp    0x4               src/main.c.29.o
g_image_main_background
                    0x4               src/main.c.29.o
g_image_clock_background
                    0x4               src/main.c.29.o

Discarded input sections

 .text          0x0000000000000000        0x0 /Users/Jesse/pebble-dev/PebbleSDK-2.7/arm-cs-tools/bin/../lib/gcc/arm-none-eabi/4.7.2/thumb2/crti.o
 .bss           0x0000000000000000        0x0 /Users/Jesse/pebble-dev/PebbleSDK-2.7/arm-cs-tools/bin/../lib/gcc/arm-none-eabi/4.7.2/thumb2/crti.o
 .init          0x0000000000000000        0x4 /Users/Jesse/pebble-dev/PebbleSDK-2.7/arm-cs-tools/bin/../lib/gcc/arm-none-eabi/4.7.2/thumb2/crti.o
 .fini          0x0000000000000000        0x4 /Users/Jesse/pebble-dev/PebbleSDK-2.7/arm-cs-tools/bin/../lib/gcc/arm-none-eabi/4.7.2/thumb2/crti.o
 .text          0x0000000000000000       0xc8 /Users/Jesse/pebble-dev/PebbleSDK-2.7/arm-cs-tools/bin/../lib/gcc/arm-none-eabi/4.7.2/thumb2/crtbegin.o
 .bss           0x0000000000000000       0x1c /Users/Jesse/pebble-dev/PebbleSDK-2.7/arm-cs-tools/bin/../lib/gcc/arm-none-eabi/4.7.2/thumb2/crtbegin.o
 .init_array    0x0000000000000000        0x4 /Users/Jesse/pebble-dev/PebbleSDK-2.7/arm-cs-tools/bin/../lib/gcc/arm-none-eabi/4.7.2/thumb2/crtbegin.o
 .fini_array    0x0000000000000000        0x4 /Users/Jesse/pebble-dev/PebbleSDK-2.7/arm-cs-tools/bin/../lib/gcc/arm-none-eabi/4.7.2/thumb2/crtbegin.o
 .eh_frame      0x0000000000000000        0x0 /Users/Jesse/pebble-dev/PebbleSDK-2.7/arm-cs-tools/bin/../lib/gcc/arm-none-eabi/4.7.2/thumb2/crtbegin.o
 .jcr           0x0000000000000000        0x0 /Users/Jesse/pebble-dev/PebbleSDK-2.7/arm-cs-tools/bin/../lib/gcc/arm-none-eabi/4.7.2/thumb2/crtbegin.o
 .tm_clone_table
                0x0000000000000000        0x0 /Users/Jesse/pebble-dev/PebbleSDK-2.7/arm-cs-tools/bin/../lib/gcc/arm-none-eabi/4.7.2/thumb2/crtbegin.o
 .text          0x0000000000000000        0x0 src/main.c.29.o
 .bss           0x0000000000000000        0x0 src/main.c.29.o
 .text.random   0x0000000000000000       0x12 src/main.c.29.o
 .text          0x0000000000000000        0x0 appinfo.auto.c.29.o
 .bss           0x0000000000000000        0x0 appinfo.auto.c.29.o
 .bss           0x0000000000000000        0x0 /Users/Jesse/pebble-dev/PebbleSDK-2.7/Pebble/lib/libpebble.a(tmpu_Elzfpebble.o)
 .text.accel_data_service_subscribe__deprecated
                0x0000000000000000        0xc /Users/Jesse/pebble-dev/PebbleSDK-2.7/Pebble/lib/libpebble.a(tmpu_Elzfpebble.o)
 .text.accel_data_service_unsubscribe
                0x0000000000000000        0xc /Users/Jesse/pebble-dev/PebbleSDK-2.7/Pebble/lib/libpebble.a(tmpu_Elzfpebble.o)
 .text.accel_service_peek
                0x0000000000000000        0xc /Users/Jesse/pebble-dev/PebbleSDK-2.7/Pebble/lib/libpebble.a(tmpu_Elzfpebble.o)
 .text.accel_service_set_samples_per_update
                0x0000000000000000        0xc /Users/Jesse/pebble-dev/PebbleSDK-2.7/Pebble/lib/libpebble.a(tmpu_Elzfpebble.o)
 .text.accel_service_set_sampling_rate
                0x0000000000000000        0xc /Users/Jesse/pebble-dev/PebbleSDK-2.7/Pebble/lib/libpebble.a(tmpu_Elzfpebble.o)
 .text.accel_tap_service_unsubscribe
                0x0000000000000000        0xc /Users/Jesse/pebble-dev/PebbleSDK-2.7/Pebble/lib/libpebble.a(tmpu_Elzfpebble.o)
 .text.action_bar_layer_add_to_window
                0x0000000000000000        0xc /Users/Jesse/pebble-dev/PebbleSDK-2.7/Pebble/lib/libpebble.a(tmpu_Elzfpebble.o)
 .text.action_bar_layer_clear_icon
                0x0000000000000000        0xc /Users/Jesse/pebble-dev/PebbleSDK-2.7/Pebble/lib/libpebble.a(tmpu_Elzfpebble.o)
 .text.action_bar_layer_create
                0x0000000000000000        0xc /Users/Jesse/pebble-dev/PebbleSDK-2.7/Pebble/lib/libpebble.a(tmpu_Elzfpebble.o)
 .text.action_bar_layer_destroy
                0x0000000000000000        0xc /Users/Jesse/pebble-dev/PebbleSDK-2.7/Pebble/lib/libpebble.a(tmpu_Elzfpebble.o)
 .text.action_bar_layer_get_layer
                0x0000000000000000        0xc /Users/Jesse/pebble-dev/PebbleSDK-2.7/Pebble/lib/libpebble.a(tmpu_Elzfpebble.o)
 .text.action_bar_layer_remove_from_window
                0x0000000000000000        0xc /Users/Jesse/pebble-dev/PebbleSDK-2.7/Pebble/lib/libpebble.a(tmpu_Elzfpebble.o)
 .text.action_bar_layer_set_background_color
                0x0000000000000000        0xc /Users/Jesse/pebble-dev/PebbleSDK-2.7/Pebble/lib/libpebble.a(tmpu_Elzfpebble.o)
 .text.action_bar_layer_set_click_config_provider
                0x0000000000000000        0xc /Users/Jesse/pebble-dev/PebbleSDK-2.7/Pebble/lib/libpebble.a(tmpu_Elzfpebble.o)
 .text.action_bar_layer_set_context
                0x0000000000000000        0xc /Users/Jesse/pebble-dev/PebbleSDK-2.7/Pebble/lib/libpebble.a(tmpu_Elzfpebble.o)
 .text.action_bar_layer_set_icon
                0x0000000000000000        0xc /Users/Jesse/pebble-dev/PebbleSDK-2.7/Pebble/lib/libpebble.a(tmpu_Elzfpebble.o)
 .text.animation_create
                0x0000000000000000        0xc /Users/Jesse/pebble-dev/PebbleSDK-2.7/Pebble/lib/libpebble.a(tmpu_Elzfpebble.o)
 .text.animation_destroy
                0x0000000000000000        0xc /Users/Jesse/pebble-dev/PebbleSDK-2.7/Pebble/lib/libpebble.a(tmpu_Elzfpebble.o)
 .text.animation_get_context
                0x0000000000000000        0xc /Users/Jesse/pebble-dev/PebbleSDK-2.7/Pebble/lib/libpebble.a(tmpu_Elzfpebble.o)
 .text.animation_is_scheduled
                0x0000000000000000        0xc /Users/Jesse/pebble-dev/PebbleSDK-2.7/Pebble/lib/libpebble.a(tmpu_Elzfpebble.o)
 .text.animation_schedule
                0x0000000000000000        0xc /Users/Jesse/pebble-dev/PebbleSDK-2.7/Pebble/lib/libpebble.a(tmpu_Elzfpebble.o)
 .text.animation_set_curve
                0x0000000000000000        0xc /Users/Jesse/pebble-dev/PebbleSDK-2.7/Pebble/lib/libpebble.a(tmpu_Elzfpebble.o)
 .text.animation_set_delay
                0x0000000000000000        0xc /Users/Jesse/pebble-dev/PebbleSDK-2.7/Pebble/lib/libpebble.a(tmpu_Elzfpebble.o)
 .text.animation_set_duration
                0x0000000000000000        0xc /Users/Jesse/pebble-dev/PebbleSDK-2.7/Pebble/lib/libpebble.a(tmpu_Elzfpebble.o)
 .text.animation_set_handlers
                0x0000000000000000        0xc /Users/Jesse/pebble-dev/PebbleSDK-2.7/Pebble/lib/libpebble.a(tmpu_Elzfpebble.o)
 .text.animation_set_implementation
                0x0000000000000000        0xc /Users/Jesse/pebble-dev/PebbleSDK-2.7/Pebble/lib/libpebble.a(tmpu_Elzfpebble.o)
 .text.animation_unschedule
                0x0000000000000000        0xc /Users/Jesse/pebble-dev/PebbleSDK-2.7/Pebble/lib/libpebble.a(tmpu_Elzfpebble.o)
 .text.animation_unschedule_all
                0x0000000000000000        0xc /Users/Jesse/pebble-dev/PebbleSDK-2.7/Pebble/lib/libpebble.a(tmpu_Elzfpebble.o)
 .text.app_comm_get_sniff_interval
                0x0000000000000000        0xc /Users/Jesse/pebble-dev/PebbleSDK-2.7/Pebble/lib/libpebble.a(tmpu_Elzfpebble.o)
 .text.app_comm_set_sniff_interval
                0x0000000000000000        0xc /Users/Jesse/pebble-dev/PebbleSDK-2.7/Pebble/lib/libpebble.a(tmpu_Elzfpebble.o)
 .text.app_log  0x0000000000000000        0xc /Users/Jesse/pebble-dev/PebbleSDK-2.7/Pebble/lib/libpebble.a(tmpu_Elzfpebble.o)
 .text.app_message_deregister_callbacks
                0x0000000000000000        0xc /Users/Jesse/pebble-dev/PebbleSDK-2.7/Pebble/lib/libpebble.a(tmpu_Elzfpebble.o)
 .text.app_message_open
                0x0000000000000000        0xc /Users/Jesse/pebble-dev/PebbleSDK-2.7/Pebble/lib/libpebble.a(tmpu_Elzfpebble.o)
 .text.app_sync_deinit
                0x0000000000000000        0xc /Users/Jesse/pebble-dev/PebbleSDK-2.7/Pebble/lib/libpebble.a(tmpu_Elzfpebble.o)
 .text.app_sync_get
                0x0000000000000000        0xc /Users/Jesse/pebble-dev/PebbleSDK-2.7/Pebble/lib/libpebble.a(tmpu_Elzfpebble.o)
 .text.app_sync_init
                0x0000000000000000        0xc /Users/Jesse/pebble-dev/PebbleSDK-2.7/Pebble/lib/libpebble.a(tmpu_Elzfpebble.o)
 .text.app_sync_set
                0x0000000000000000        0xc /Users/Jesse/pebble-dev/PebbleSDK-2.7/Pebble/lib/libpebble.a(tmpu_Elzfpebble.o)
 .text.app_timer_cancel
                0x0000000000000000        0xc /Users/Jesse/pebble-dev/PebbleSDK-2.7/Pebble/lib/libpebble.a(tmpu_Elzfpebble.o)
 .text.app_timer_reschedule
                0x0000000000000000        0xc /Users/Jesse/pebble-dev/PebbleSDK-2.7/Pebble/lib/libpebble.a(tmpu_Elzfpebble.o)
 .text.atan2_lookup
                0x0000000000000000        0xc /Users/Jesse/pebble-dev/PebbleSDK-2.7/Pebble/lib/libpebble.a(tmpu_Elzfpebble.o)
 .text.atoi     0x0000000000000000        0xc /Users/Jesse/pebble-dev/PebbleSDK-2.7/Pebble/lib/libpebble.a(tmpu_Elzfpebble.o)
 .text.atol     0x0000000000000000        0xc /Users/Jesse/pebble-dev/PebbleSDK-2.7/Pebble/lib/libpebble.a(tmpu_Elzfpebble.o)
 .text.battery_state_service_subscribe
                0x0000000000000000        0xc /Users/Jesse/pebble-dev/PebbleSDK-2.7/Pebble/lib/libpebble.a(tmpu_Elzfpebble.o)
 .text.battery_state_service_unsubscribe
                0x0000000000000000        0xc /Users/Jesse/pebble-dev/PebbleSDK-2.7/Pebble/lib/libpebble.a(tmpu_Elzfpebble.o)
 .text.bitmap_layer_set_alignment
                0x0000000000000000        0xc /Users/Jesse/pebble-dev/PebbleSDK-2.7/Pebble/lib/libpebble.a(tmpu_Elzfpebble.o)
 .text.bitmap_layer_set_background_color
                0x0000000000000000        0xc /Users/Jesse/pebble-dev/PebbleSDK-2.7/Pebble/lib/libpebble.a(tmpu_Elzfpebble.o)
 .text.bitmap_layer_set_compositing_mode
                0x0000000000000000        0xc /Users/Jesse/pebble-dev/PebbleSDK-2.7/Pebble/lib/libpebble.a(tmpu_Elzfpebble.o)
 .text.bluetooth_connection_service_subscribe
                0x0000000000000000        0xc /Users/Jesse/pebble-dev/PebbleSDK-2.7/Pebble/lib/libpebble.a(tmpu_Elzfpebble.o)
 .text.bluetooth_connection_service_unsubscribe
                0x0000000000000000        0xc /Users/Jesse/pebble-dev/PebbleSDK-2.7/Pebble/lib/libpebble.a(tmpu_Elzfpebble.o)
 .text.click_number_of_clicks_counted
                0x0000000000000000        0xc /Users/Jesse/pebble-dev/PebbleSDK-2.7/Pebble/lib/libpebble.a(tmpu_Elzfpebble.o)
 .text.click_recognizer_get_button_id
                0x0000000000000000        0xc /Users/Jesse/pebble-dev/PebbleSDK-2.7/Pebble/lib/libpebble.a(tmpu_Elzfpebble.o)
 .text.clock_is_24h_style
                0x0000000000000000        0xc /Users/Jesse/pebble-dev/PebbleSDK-2.7/Pebble/lib/libpebble.a(tmpu_Elzfpebble.o)
 .text.cos_lookup
                0x0000000000000000        0xc /Users/Jesse/pebble-dev/PebbleSDK-2.7/Pebble/lib/libpebble.a(tmpu_Elzfpebble.o)
 .text.data_logging_create
                0x0000000000000000        0xc /Users/Jesse/pebble-dev/PebbleSDK-2.7/Pebble/lib/libpebble.a(tmpu_Elzfpebble.o)
 .text.data_logging_finish
                0x0000000000000000        0xc /Users/Jesse/pebble-dev/PebbleSDK-2.7/Pebble/lib/libpebble.a(tmpu_Elzfpebble.o)
 .text.data_logging_log
                0x0000000000000000        0xc /Users/Jesse/pebble-dev/PebbleSDK-2.7/Pebble/lib/libpebble.a(tmpu_Elzfpebble.o)
 .text.dict_calc_buffer_size
                0x0000000000000000        0xc /Users/Jesse/pebble-dev/PebbleSDK-2.7/Pebble/lib/libpebble.a(tmpu_Elzfpebble.o)
 .text.dict_calc_buffer_size_from_tuplets
                0x0000000000000000        0xc /Users/Jesse/pebble-dev/PebbleSDK-2.7/Pebble/lib/libpebble.a(tmpu_Elzfpebble.o)
 .text.dict_find
                0x0000000000000000        0xc /Users/Jesse/pebble-dev/PebbleSDK-2.7/Pebble/lib/libpebble.a(tmpu_Elzfpebble.o)
 .text.dict_merge
                0x0000000000000000        0xc /Users/Jesse/pebble-dev/PebbleSDK-2.7/Pebble/lib/libpebble.a(tmpu_Elzfpebble.o)
 .text.dict_read_begin_from_buffer
                0x0000000000000000        0xc /Users/Jesse/pebble-dev/PebbleSDK-2.7/Pebble/lib/libpebble.a(tmpu_Elzfpebble.o)
 .text.dict_read_first
                0x0000000000000000        0xc /Users/Jesse/pebble-dev/PebbleSDK-2.7/Pebble/lib/libpebble.a(tmpu_Elzfpebble.o)
 .text.dict_read_next
                0x0000000000000000        0xc /Users/Jesse/pebble-dev/PebbleSDK-2.7/Pebble/lib/libpebble.a(tmpu_Elzfpebble.o)
 .text.dict_serialize_tuplets
                0x0000000000000000        0xc /Users/Jesse/pebble-dev/PebbleSDK-2.7/Pebble/lib/libpebble.a(tmpu_Elzfpebble.o)
 .text.dict_serialize_tuplets_to_buffer__deprecated
                0x0000000000000000        0xc /Users/Jesse/pebble-dev/PebbleSDK-2.7/Pebble/lib/libpebble.a(tmpu_Elzfpebble.o)
 .text.dict_serialize_tuplets_to_buffer_with_iter
                0x0000000000000000        0xc /Users/Jesse/pebble-dev/PebbleSDK-2.7/Pebble/lib/libpebble.a(tmpu_Elzfpebble.o)
 .text.dict_write_begin
                0x0000000000000000        0xc /Users/Jesse/pebble-dev/PebbleSDK-2.7/Pebble/lib/libpebble.a(tmpu_Elzfpebble.o)
 .text.dict_write_cstring
                0x0000000000000000        0xc /Users/Jesse/pebble-dev/PebbleSDK-2.7/Pebble/lib/libpebble.a(tmpu_Elzfpebble.o)
 .text.dict_write_data
                0x0000000000000000        0xc /Users/Jesse/pebble-dev/PebbleSDK-2.7/Pebble/lib/libpebble.a(tmpu_Elzfpebble.o)
 .text.dict_write_end
                0x0000000000000000        0xc /Users/Jesse/pebble-dev/PebbleSDK-2.7/Pebble/lib/libpebble.a(tmpu_Elzfpebble.o)
 .text.dict_write_int
                0x0000000000000000        0xc /Users/Jesse/pebble-dev/PebbleSDK-2.7/Pebble/lib/libpebble.a(tmpu_Elzfpebble.o)
 .text.dict_write_int16
                0x0000000000000000        0xc /Users/Jesse/pebble-dev/PebbleSDK-2.7/Pebble/lib/libpebble.a(tmpu_Elzfpebble.o)
 .text.dict_write_int32
                0x0000000000000000        0xc /Users/Jesse/pebble-dev/PebbleSDK-2.7/Pebble/lib/libpebble.a(tmpu_Elzfpebble.o)
 .text.dict_write_int8
                0x0000000000000000        0xc /Users/Jesse/pebble-dev/PebbleSDK-2.7/Pebble/lib/libpebble.a(tmpu_Elzfpebble.o)
 .text.dict_write_tuplet
                0x0000000000000000        0xc /Users/Jesse/pebble-dev/PebbleSDK-2.7/Pebble/lib/libpebble.a(tmpu_Elzfpebble.o)
 .text.dict_write_uint16
                0x0000000000000000        0xc /Users/Jesse/pebble-dev/PebbleSDK-2.7/Pebble/lib/libpebble.a(tmpu_Elzfpebble.o)
 .text.dict_write_uint32
                0x0000000000000000        0xc /Users/Jesse/pebble-dev/PebbleSDK-2.7/Pebble/lib/libpebble.a(tmpu_Elzfpebble.o)
 .text.dict_write_uint8
                0x0000000000000000        0xc /Users/Jesse/pebble-dev/PebbleSDK-2.7/Pebble/lib/libpebble.a(tmpu_Elzfpebble.o)
 .text.fonts_get_system_font
                0x0000000000000000        0xc /Users/Jesse/pebble-dev/PebbleSDK-2.7/Pebble/lib/libpebble.a(tmpu_Elzfpebble.o)
 .text.free     0x0000000000000000        0xc /Users/Jesse/pebble-dev/PebbleSDK-2.7/Pebble/lib/libpebble.a(tmpu_Elzfpebble.o)
 .text.gbitmap_create_as_sub_bitmap
                0x0000000000000000        0xc /Users/Jesse/pebble-dev/PebbleSDK-2.7/Pebble/lib/libpebble.a(tmpu_Elzfpebble.o)
 .text.gbitmap_create_with_data
                0x0000000000000000        0xc /Users/Jesse/pebble-dev/PebbleSDK-2.7/Pebble/lib/libpebble.a(tmpu_Elzfpebble.o)
 .text.gmtime   0x0000000000000000        0xc /Users/Jesse/pebble-dev/PebbleSDK-2.7/Pebble/lib/libpebble.a(tmpu_Elzfpebble.o)
 .text.gpath_create
                0x0000000000000000        0xc /Users/Jesse/pebble-dev/PebbleSDK-2.7/Pebble/lib/libpebble.a(tmpu_Elzfpebble.o)
 .text.gpath_destroy
                0x0000000000000000        0xc /Users/Jesse/pebble-dev/PebbleSDK-2.7/Pebble/lib/libpebble.a(tmpu_Elzfpebble.o)
 .text.gpath_draw_filled_legacy
                0x0000000000000000        0xc /Users/Jesse/pebble-dev/PebbleSDK-2.7/Pebble/lib/libpebble.a(tmpu_Elzfpebble.o)
 .text.gpath_draw_outline
                0x0000000000000000        0xc /Users/Jesse/pebble-dev/PebbleSDK-2.7/Pebble/lib/libpebble.a(tmpu_Elzfpebble.o)
 .text.gpath_move_to
                0x0000000000000000        0xc /Users/Jesse/pebble-dev/PebbleSDK-2.7/Pebble/lib/libpebble.a(tmpu_Elzfpebble.o)
 .text.gpath_rotate_to
                0x0000000000000000        0xc /Users/Jesse/pebble-dev/PebbleSDK-2.7/Pebble/lib/libpebble.a(tmpu_Elzfpebble.o)
 .text.gpoint_equal
                0x0000000000000000        0xc /Users/Jesse/pebble-dev/PebbleSDK-2.7/Pebble/lib/libpebble.a(tmpu_Elzfpebble.o)
 .text.graphics_context_set_compositing_mode
                0x0000000000000000        0xc /Users/Jesse/pebble-dev/PebbleSDK-2.7/Pebble/lib/libpebble.a(tmpu_Elzfpebble.o)
 .text.graphics_context_set_stroke_color
                0x0000000000000000        0xc /Users/Jesse/pebble-dev/PebbleSDK-2.7/Pebble/lib/libpebble.a(tmpu_Elzfpebble.o)
 .text.graphics_context_set_text_color
                0x0000000000000000        0xc /Users/Jesse/pebble-dev/PebbleSDK-2.7/Pebble/lib/libpebble.a(tmpu_Elzfpebble.o)
 .text.graphics_draw_bitmap_in_rect
                0x0000000000000000        0xc /Users/Jesse/pebble-dev/PebbleSDK-2.7/Pebble/lib/libpebble.a(tmpu_Elzfpebble.o)
 .text.graphics_draw_circle
                0x0000000000000000        0xc /Users/Jesse/pebble-dev/PebbleSDK-2.7/Pebble/lib/libpebble.a(tmpu_Elzfpebble.o)
 .text.graphics_draw_line
                0x0000000000000000        0xc /Users/Jesse/pebble-dev/PebbleSDK-2.7/Pebble/lib/libpebble.a(tmpu_Elzfpebble.o)
 .text.graphics_draw_pixel
                0x0000000000000000        0xc /Users/Jesse/pebble-dev/PebbleSDK-2.7/Pebble/lib/libpebble.a(tmpu_Elzfpebble.o)
 .text.graphics_draw_rect
                0x0000000000000000        0xc /Users/Jesse/pebble-dev/PebbleSDK-2.7/Pebble/lib/libpebble.a(tmpu_Elzfpebble.o)
 .text.graphics_draw_round_rect
                0x0000000000000000        0xc /Users/Jesse/pebble-dev/PebbleSDK-2.7/Pebble/lib/libpebble.a(tmpu_Elzfpebble.o)
 .text.graphics_fill_circle
                0x0000000000000000        0xc /Users/Jesse/pebble-dev/PebbleSDK-2.7/Pebble/lib/libpebble.a(tmpu_Elzfpebble.o)
 .text.graphics_text_layout_get_max_used_size
                0x0000000000000000        0xc /Users/Jesse/pebble-dev/PebbleSDK-2.7/Pebble/lib/libpebble.a(tmpu_Elzfpebble.o)
 .text.grect_align
                0x0000000000000000        0xc /Users/Jesse/pebble-dev/PebbleSDK-2.7/Pebble/lib/libpebble.a(tmpu_Elzfpebble.o)
 .text.grect_center_point
                0x0000000000000000        0xc /Users/Jesse/pebble-dev/PebbleSDK-2.7/Pebble/lib/libpebble.a(tmpu_Elzfpebble.o)
 .text.grect_clip
                0x0000000000000000        0xc /Users/Jesse/pebble-dev/PebbleSDK-2.7/Pebble/lib/libpebble.a(tmpu_Elzfpebble.o)
 .text.grect_contains_point
                0x0000000000000000        0xc /Users/Jesse/pebble-dev/PebbleSDK-2.7/Pebble/lib/libpebble.a(tmpu_Elzfpebble.o)
 .text.grect_crop
                0x0000000000000000        0xc /Users/Jesse/pebble-dev/PebbleSDK-2.7/Pebble/lib/libpebble.a(tmpu_Elzfpebble.o)
 .text.grect_equal
                0x0000000000000000        0xc /Users/Jesse/pebble-dev/PebbleSDK-2.7/Pebble/lib/libpebble.a(tmpu_Elzfpebble.o)
 .text.grect_is_empty
                0x0000000000000000        0xc /Users/Jesse/pebble-dev/PebbleSDK-2.7/Pebble/lib/libpebble.a(tmpu_Elzfpebble.o)
 .text.grect_standardize
                0x0000000000000000        0xc /Users/Jesse/pebble-dev/PebbleSDK-2.7/Pebble/lib/libpebble.a(tmpu_Elzfpebble.o)
 .text.gsize_equal
                0x0000000000000000        0xc /Users/Jesse/pebble-dev/PebbleSDK-2.7/Pebble/lib/libpebble.a(tmpu_Elzfpebble.o)
 .text.inverter_layer_create
                0x0000000000000000        0xc /Users/Jesse/pebble-dev/PebbleSDK-2.7/Pebble/lib/libpebble.a(tmpu_Elzfpebble.o)
 .text.inverter_layer_destroy
                0x0000000000000000        0xc /Users/Jesse/pebble-dev/PebbleSDK-2.7/Pebble/lib/libpebble.a(tmpu_Elzfpebble.o)
 .text.inverter_layer_get_layer
                0x0000000000000000        0xc /Users/Jesse/pebble-dev/PebbleSDK-2.7/Pebble/lib/libpebble.a(tmpu_Elzfpebble.o)
 .text.layer_create_with_data
                0x0000000000000000        0xc /Users/Jesse/pebble-dev/PebbleSDK-2.7/Pebble/lib/libpebble.a(tmpu_Elzfpebble.o)
 .text.layer_get_bounds
                0x0000000000000000        0xc /Users/Jesse/pebble-dev/PebbleSDK-2.7/Pebble/lib/libpebble.a(tmpu_Elzfpebble.o)
 .text.layer_get_clips
                0x0000000000000000        0xc /Users/Jesse/pebble-dev/PebbleSDK-2.7/Pebble/lib/libpebble.a(tmpu_Elzfpebble.o)
 .text.layer_get_data
                0x0000000000000000        0xc /Users/Jesse/pebble-dev/PebbleSDK-2.7/Pebble/lib/libpebble.a(tmpu_Elzfpebble.o)
 .text.layer_get_frame
                0x0000000000000000        0xc /Users/Jesse/pebble-dev/PebbleSDK-2.7/Pebble/lib/libpebble.a(tmpu_Elzfpebble.o)
 .text.layer_get_hidden
                0x0000000000000000        0xc /Users/Jesse/pebble-dev/PebbleSDK-2.7/Pebble/lib/libpebble.a(tmpu_Elzfpebble.o)
 .text.layer_get_window
                0x0000000000000000        0xc /Users/Jesse/pebble-dev/PebbleSDK-2.7/Pebble/lib/libpebble.a(tmpu_Elzfpebble.o)
 .text.layer_insert_above_sibling
                0x0000000000000000        0xc /Users/Jesse/pebble-dev/PebbleSDK-2.7/Pebble/lib/libpebble.a(tmpu_Elzfpebble.o)
 .text.layer_insert_below_sibling
                0x0000000000000000        0xc /Users/Jesse/pebble-dev/PebbleSDK-2.7/Pebble/lib/libpebble.a(tmpu_Elzfpebble.o)
 .text.layer_remove_child_layers
                0x0000000000000000        0xc /Users/Jesse/pebble-dev/PebbleSDK-2.7/Pebble/lib/libpebble.a(tmpu_Elzfpebble.o)
 .text.layer_remove_from_parent
                0x0000000000000000        0xc /Users/Jesse/pebble-dev/PebbleSDK-2.7/Pebble/lib/libpebble.a(tmpu_Elzfpebble.o)
 .text.layer_set_bounds
                0x0000000000000000        0xc /Users/Jesse/pebble-dev/PebbleSDK-2.7/Pebble/lib/libpebble.a(tmpu_Elzfpebble.o)
 .text.layer_set_clips
                0x0000000000000000        0xc /Users/Jesse/pebble-dev/PebbleSDK-2.7/Pebble/lib/libpebble.a(tmpu_Elzfpebble.o)
 .text.layer_set_frame
                0x0000000000000000        0xc /Users/Jesse/pebble-dev/PebbleSDK-2.7/Pebble/lib/libpebble.a(tmpu_Elzfpebble.o)
 .text.layer_set_hidden
                0x0000000000000000        0xc /Users/Jesse/pebble-dev/PebbleSDK-2.7/Pebble/lib/libpebble.a(tmpu_Elzfpebble.o)
 .text.light_enable
                0x0000000000000000        0xc /Users/Jesse/pebble-dev/PebbleSDK-2.7/Pebble/lib/libpebble.a(tmpu_Elzfpebble.o)
 .text.light_enable_interaction
                0x0000000000000000        0xc /Users/Jesse/pebble-dev/PebbleSDK-2.7/Pebble/lib/libpebble.a(tmpu_Elzfpebble.o)
 .text.malloc   0x0000000000000000        0xc /Users/Jesse/pebble-dev/PebbleSDK-2.7/Pebble/lib/libpebble.a(tmpu_Elzfpebble.o)
 .text.memcpy   0x0000000000000000        0xc /Users/Jesse/pebble-dev/PebbleSDK-2.7/Pebble/lib/libpebble.a(tmpu_Elzfpebble.o)
 .text.memmove  0x0000000000000000        0xc /Users/Jesse/pebble-dev/PebbleSDK-2.7/Pebble/lib/libpebble.a(tmpu_Elzfpebble.o)
 .text.menu_cell_basic_draw
                0x0000000000000000        0xc /Users/Jesse/pebble-dev/PebbleSDK-2.7/Pebble/lib/libpebble.a(tmpu_Elzfpebble.o)
 .text.menu_cell_basic_header_draw
                0x0000000000000000        0xc /Users/Jesse/pebble-dev/PebbleSDK-2.7/Pebble/lib/libpebble.a(tmpu_Elzfpebble.o)
 .text.menu_cell_title_draw
                0x0000000000000000        0xc /Users/Jesse/pebble-dev/PebbleSDK-2.7/Pebble/lib/libpebble.a(tmpu_Elzfpebble.o)
 .text.menu_index_compare
                0x0000000000000000        0xc /Users/Jesse/pebble-dev/PebbleSDK-2.7/Pebble/lib/libpebble.a(tmpu_Elzfpebble.o)
 .text.menu_layer_create
                0x0000000000000000        0xc /Users/Jesse/pebble-dev/PebbleSDK-2.7/Pebble/lib/libpebble.a(tmpu_Elzfpebble.o)
 .text.menu_layer_destroy
                0x0000000000000000        0xc /Users/Jesse/pebble-dev/PebbleSDK-2.7/Pebble/lib/libpebble.a(tmpu_Elzfpebble.o)
 .text.menu_layer_get_layer
                0x0000000000000000        0xc /Users/Jesse/pebble-dev/PebbleSDK-2.7/Pebble/lib/libpebble.a(tmpu_Elzfpebble.o)
 .text.menu_layer_get_scroll_layer
                0x0000000000000000        0xc /Users/Jesse/pebble-dev/PebbleSDK-2.7/Pebble/lib/libpebble.a(tmpu_Elzfpebble.o)
 .text.menu_layer_get_selected_index
                0x0000000000000000        0xc /Users/Jesse/pebble-dev/PebbleSDK-2.7/Pebble/lib/libpebble.a(tmpu_Elzfpebble.o)
 .text.menu_layer_reload_data
                0x0000000000000000        0xc /Users/Jesse/pebble-dev/PebbleSDK-2.7/Pebble/lib/libpebble.a(tmpu_Elzfpebble.o)
 .text.menu_layer_set_callbacks__deprecated
                0x0000000000000000        0xc /Users/Jesse/pebble-dev/PebbleSDK-2.7/Pebble/lib/libpebble.a(tmpu_Elzfpebble.o)
 .text.menu_layer_set_click_config_onto_window
                0x0000000000000000        0xc /Users/Jesse/pebble-dev/PebbleSDK-2.7/Pebble/lib/libpebble.a(tmpu_Elzfpebble.o)
 .text.menu_layer_set_selected_index
                0x0000000000000000        0xc /Users/Jesse/pebble-dev/PebbleSDK-2.7/Pebble/lib/libpebble.a(tmpu_Elzfpebble.o)
 .text.menu_layer_set_selected_next
                0x0000000000000000        0xc /Users/Jesse/pebble-dev/PebbleSDK-2.7/Pebble/lib/libpebble.a(tmpu_Elzfpebble.o)
 .text.number_window_create
                0x0000000000000000        0xc /Users/Jesse/pebble-dev/PebbleSDK-2.7/Pebble/lib/libpebble.a(tmpu_Elzfpebble.o)
 .text.number_window_destroy
                0x0000000000000000        0xc /Users/Jesse/pebble-dev/PebbleSDK-2.7/Pebble/lib/libpebble.a(tmpu_Elzfpebble.o)
 .text.number_window_get_value
                0x0000000000000000        0xc /Users/Jesse/pebble-dev/PebbleSDK-2.7/Pebble/lib/libpebble.a(tmpu_Elzfpebble.o)
 .text.number_window_set_label
                0x0000000000000000        0xc /Users/Jesse/pebble-dev/PebbleSDK-2.7/Pebble/lib/libpebble.a(tmpu_Elzfpebble.o)
 .text.number_window_set_max
                0x0000000000000000        0xc /Users/Jesse/pebble-dev/PebbleSDK-2.7/Pebble/lib/libpebble.a(tmpu_Elzfpebble.o)
 .text.number_window_set_min
                0x0000000000000000        0xc /Users/Jesse/pebble-dev/PebbleSDK-2.7/Pebble/lib/libpebble.a(tmpu_Elzfpebble.o)
 .text.number_window_set_step_size
                0x0000000000000000        0xc /Users/Jesse/pebble-dev/PebbleSDK-2.7/Pebble/lib/libpebble.a(tmpu_Elzfpebble.o)
 .text.number_window_set_value
                0x0000000000000000        0xc /Users/Jesse/pebble-dev/PebbleSDK-2.7/Pebble/lib/libpebble.a(tmpu_Elzfpebble.o)
 .text.persist_delete
                0x0000000000000000        0xc /Users/Jesse/pebble-dev/PebbleSDK-2.7/Pebble/lib/libpebble.a(tmpu_Elzfpebble.o)
 .text.persist_get_size
                0x0000000000000000        0xc /Users/Jesse/pebble-dev/PebbleSDK-2.7/Pebble/lib/libpebble.a(tmpu_Elzfpebble.o)
 .text.persist_read_bool
                0x0000000000000000        0xc /Users/Jesse/pebble-dev/PebbleSDK-2.7/Pebble/lib/libpebble.a(tmpu_Elzfpebble.o)
 .text.persist_read_data__deprecated
                0x0000000000000000        0xc /Users/Jesse/pebble-dev/PebbleSDK-2.7/Pebble/lib/libpebble.a(tmpu_Elzfpebble.o)
 .text.persist_read_string__deprecated
                0x0000000000000000        0xc /Users/Jesse/pebble-dev/PebbleSDK-2.7/Pebble/lib/libpebble.a(tmpu_Elzfpebble.o)
 .text.persist_write_bool
                0x0000000000000000        0xc /Users/Jesse/pebble-dev/PebbleSDK-2.7/Pebble/lib/libpebble.a(tmpu_Elzfpebble.o)
 .text.persist_write_data__deprecated
                0x0000000000000000        0xc /Users/Jesse/pebble-dev/PebbleSDK-2.7/Pebble/lib/libpebble.a(tmpu_Elzfpebble.o)
 .text.persist_write_string
                0x0000000000000000        0xc /Users/Jesse/pebble-dev/PebbleSDK-2.7/Pebble/lib/libpebble.a(tmpu_Elzfpebble.o)
 .text.property_animation_create
                0x0000000000000000        0xc /Users/Jesse/pebble-dev/PebbleSDK-2.7/Pebble/lib/libpebble.a(tmpu_Elzfpebble.o)
 .text.property_animation_create_layer_frame
                0x0000000000000000        0xc /Users/Jesse/pebble-dev/PebbleSDK-2.7/Pebble/lib/libpebble.a(tmpu_Elzfpebble.o)
 .text.property_animation_destroy
                0x0000000000000000        0xc /Users/Jesse/pebble-dev/PebbleSDK-2.7/Pebble/lib/libpebble.a(tmpu_Elzfpebble.o)
 .text.property_animation_update_gpoint
                0x0000000000000000        0xc /Users/Jesse/pebble-dev/PebbleSDK-2.7/Pebble/lib/libpebble.a(tmpu_Elzfpebble.o)
 .text.property_animation_update_grect
                0x0000000000000000        0xc /Users/Jesse/pebble-dev/PebbleSDK-2.7/Pebble/lib/libpebble.a(tmpu_Elzfpebble.o)
 .text.property_animation_update_int16
                0x0000000000000000        0xc /Users/Jesse/pebble-dev/PebbleSDK-2.7/Pebble/lib/libpebble.a(tmpu_Elzfpebble.o)
 .text.psleep   0x0000000000000000        0xc /Users/Jesse/pebble-dev/PebbleSDK-2.7/Pebble/lib/libpebble.a(tmpu_Elzfpebble.o)
 .text.resource_load
                0x0000000000000000        0xc /Users/Jesse/pebble-dev/PebbleSDK-2.7/Pebble/lib/libpebble.a(tmpu_Elzfpebble.o)
 .text.resource_load_byte_range
                0x0000000000000000        0xc /Users/Jesse/pebble-dev/PebbleSDK-2.7/Pebble/lib/libpebble.a(tmpu_Elzfpebble.o)
 .text.resource_size
                0x0000000000000000        0xc /Users/Jesse/pebble-dev/PebbleSDK-2.7/Pebble/lib/libpebble.a(tmpu_Elzfpebble.o)
 .text.rot_bitmap_layer_create
                0x0000000000000000        0xc /Users/Jesse/pebble-dev/PebbleSDK-2.7/Pebble/lib/libpebble.a(tmpu_Elzfpebble.o)
 .text.rot_bitmap_layer_destroy
                0x0000000000000000        0xc /Users/Jesse/pebble-dev/PebbleSDK-2.7/Pebble/lib/libpebble.a(tmpu_Elzfpebble.o)
 .text.rot_bitmap_layer_increment_angle
                0x0000000000000000        0xc /Users/Jesse/pebble-dev/PebbleSDK-2.7/Pebble/lib/libpebble.a(tmpu_Elzfpebble.o)
 .text.rot_bitmap_layer_set_angle
                0x0000000000000000        0xc /Users/Jesse/pebble-dev/PebbleSDK-2.7/Pebble/lib/libpebble.a(tmpu_Elzfpebble.o)
 .text.rot_bitmap_layer_set_corner_clip_color
                0x0000000000000000        0xc /Users/Jesse/pebble-dev/PebbleSDK-2.7/Pebble/lib/libpebble.a(tmpu_Elzfpebble.o)
 .text.rot_bitmap_set_compositing_mode
                0x0000000000000000        0xc /Users/Jesse/pebble-dev/PebbleSDK-2.7/Pebble/lib/libpebble.a(tmpu_Elzfpebble.o)
 .text.rot_bitmap_set_src_ic
                0x0000000000000000        0xc /Users/Jesse/pebble-dev/PebbleSDK-2.7/Pebble/lib/libpebble.a(tmpu_Elzfpebble.o)
 .text.scroll_layer_add_child
                0x0000000000000000        0xc /Users/Jesse/pebble-dev/PebbleSDK-2.7/Pebble/lib/libpebble.a(tmpu_Elzfpebble.o)
 .text.scroll_layer_create
                0x0000000000000000        0xc /Users/Jesse/pebble-dev/PebbleSDK-2.7/Pebble/lib/libpebble.a(tmpu_Elzfpebble.o)
 .text.scroll_layer_destroy
                0x0000000000000000        0xc /Users/Jesse/pebble-dev/PebbleSDK-2.7/Pebble/lib/libpebble.a(tmpu_Elzfpebble.o)
 .text.scroll_layer_get_content_offset
                0x0000000000000000        0xc /Users/Jesse/pebble-dev/PebbleSDK-2.7/Pebble/lib/libpebble.a(tmpu_Elzfpebble.o)
 .text.scroll_layer_get_content_size
                0x0000000000000000        0xc /Users/Jesse/pebble-dev/PebbleSDK-2.7/Pebble/lib/libpebble.a(tmpu_Elzfpebble.o)
 .text.scroll_layer_get_layer
                0x0000000000000000        0xc /Users/Jesse/pebble-dev/PebbleSDK-2.7/Pebble/lib/libpebble.a(tmpu_Elzfpebble.o)
 .text.scroll_layer_get_shadow_hidden
                0x0000000000000000        0xc /Users/Jesse/pebble-dev/PebbleSDK-2.7/Pebble/lib/libpebble.a(tmpu_Elzfpebble.o)
 .text.scroll_layer_scroll_down_click_handler
                0x0000000000000000        0xc /Users/Jesse/pebble-dev/PebbleSDK-2.7/Pebble/lib/libpebble.a(tmpu_Elzfpebble.o)
 .text.scroll_layer_scroll_up_click_handler
                0x0000000000000000        0xc /Users/Jesse/pebble-dev/PebbleSDK-2.7/Pebble/lib/libpebble.a(tmpu_Elzfpebble.o)
 .text.scroll_layer_set_callbacks
                0x0000000000000000        0xc /Users/Jesse/pebble-dev/PebbleSDK-2.7/Pebble/lib/libpebble.a(tmpu_Elzfpebble.o)
 .text.scroll_layer_set_click_config_onto_window
                0x0000000000000000        0xc /Users/Jesse/pebble-dev/PebbleSDK-2.7/Pebble/lib/libpebble.a(tmpu_Elzfpebble.o)
 .text.scroll_layer_set_content_offset
                0x0000000000000000        0xc /Users/Jesse/pebble-dev/PebbleSDK-2.7/Pebble/lib/libpebble.a(tmpu_Elzfpebble.o)
 .text.scroll_layer_set_content_size
                0x0000000000000000        0xc /Users/Jesse/pebble-dev/PebbleSDK-2.7/Pebble/lib/libpebble.a(tmpu_Elzfpebble.o)
 .text.scroll_layer_set_context
                0x0000000000000000        0xc /Users/Jesse/pebble-dev/PebbleSDK-2.7/Pebble/lib/libpebble.a(tmpu_Elzfpebble.o)
 .text.scroll_layer_set_frame
                0x0000000000000000        0xc /Users/Jesse/pebble-dev/PebbleSDK-2.7/Pebble/lib/libpebble.a(tmpu_Elzfpebble.o)
 .text.scroll_layer_set_shadow_hidden
                0x0000000000000000        0xc /Users/Jesse/pebble-dev/PebbleSDK-2.7/Pebble/lib/libpebble.a(tmpu_Elzfpebble.o)
 .text.simple_menu_layer_create
                0x0000000000000000        0xc /Users/Jesse/pebble-dev/PebbleSDK-2.7/Pebble/lib/libpebble.a(tmpu_Elzfpebble.o)
 .text.simple_menu_layer_get_layer
                0x0000000000000000        0xc /Users/Jesse/pebble-dev/PebbleSDK-2.7/Pebble/lib/libpebble.a(tmpu_Elzfpebble.o)
 .text.simple_menu_layer_get_selected_index
                0x0000000000000000        0xc /Users/Jesse/pebble-dev/PebbleSDK-2.7/Pebble/lib/libpebble.a(tmpu_Elzfpebble.o)
 .text.simple_menu_layer_set_selected_index
                0x0000000000000000        0xc /Users/Jesse/pebble-dev/PebbleSDK-2.7/Pebble/lib/libpebble.a(tmpu_Elzfpebble.o)
 .text.sin_lookup
                0x0000000000000000        0xc /Users/Jesse/pebble-dev/PebbleSDK-2.7/Pebble/lib/libpebble.a(tmpu_Elzfpebble.o)
 .text.strcat   0x0000000000000000        0xc /Users/Jesse/pebble-dev/PebbleSDK-2.7/Pebble/lib/libpebble.a(tmpu_Elzfpebble.o)
 .text.strcmp   0x0000000000000000        0xc /Users/Jesse/pebble-dev/PebbleSDK-2.7/Pebble/lib/libpebble.a(tmpu_Elzfpebble.o)
 .text.strcpy   0x0000000000000000        0xc /Users/Jesse/pebble-dev/PebbleSDK-2.7/Pebble/lib/libpebble.a(tmpu_Elzfpebble.o)
 .text.strlen   0x0000000000000000        0xc /Users/Jesse/pebble-dev/PebbleSDK-2.7/Pebble/lib/libpebble.a(tmpu_Elzfpebble.o)
 .text.strncat  0x0000000000000000        0xc /Users/Jesse/pebble-dev/PebbleSDK-2.7/Pebble/lib/libpebble.a(tmpu_Elzfpebble.o)
 .text.strncmp  0x0000000000000000        0xc /Users/Jesse/pebble-dev/PebbleSDK-2.7/Pebble/lib/libpebble.a(tmpu_Elzfpebble.o)
 .text.strncpy  0x0000000000000000        0xc /Users/Jesse/pebble-dev/PebbleSDK-2.7/Pebble/lib/libpebble.a(tmpu_Elzfpebble.o)
 .text.text_layer_get_content_size
                0x0000000000000000        0xc /Users/Jesse/pebble-dev/PebbleSDK-2.7/Pebble/lib/libpebble.a(tmpu_Elzfpebble.o)
 .text.text_layer_get_text
                0x0000000000000000        0xc /Users/Jesse/pebble-dev/PebbleSDK-2.7/Pebble/lib/libpebble.a(tmpu_Elzfpebble.o)
 .text.text_layer_set_overflow_mode
                0x0000000000000000        0xc /Users/Jesse/pebble-dev/PebbleSDK-2.7/Pebble/lib/libpebble.a(tmpu_Elzfpebble.o)
 .text.text_layer_set_size
                0x0000000000000000        0xc /Users/Jesse/pebble-dev/PebbleSDK-2.7/Pebble/lib/libpebble.a(tmpu_Elzfpebble.o)
 .text.tick_timer_service_unsubscribe
                0x0000000000000000        0xc /Users/Jesse/pebble-dev/PebbleSDK-2.7/Pebble/lib/libpebble.a(tmpu_Elzfpebble.o)
 .text.time_ms  0x0000000000000000        0xc /Users/Jesse/pebble-dev/PebbleSDK-2.7/Pebble/lib/libpebble.a(tmpu_Elzfpebble.o)
 .text.vibes_cancel
                0x0000000000000000        0xc /Users/Jesse/pebble-dev/PebbleSDK-2.7/Pebble/lib/libpebble.a(tmpu_Elzfpebble.o)
 .text.vibes_double_pulse
                0x0000000000000000        0xc /Users/Jesse/pebble-dev/PebbleSDK-2.7/Pebble/lib/libpebble.a(tmpu_Elzfpebble.o)
 .text.vibes_enqueue_custom_pattern
                0x0000000000000000        0xc /Users/Jesse/pebble-dev/PebbleSDK-2.7/Pebble/lib/libpebble.a(tmpu_Elzfpebble.o)
 .text.vibes_long_pulse
                0x0000000000000000        0xc /Users/Jesse/pebble-dev/PebbleSDK-2.7/Pebble/lib/libpebble.a(tmpu_Elzfpebble.o)
 .text.vibes_short_pulse
                0x0000000000000000        0xc /Users/Jesse/pebble-dev/PebbleSDK-2.7/Pebble/lib/libpebble.a(tmpu_Elzfpebble.o)
 .text.window_get_click_config_provider
                0x0000000000000000        0xc /Users/Jesse/pebble-dev/PebbleSDK-2.7/Pebble/lib/libpebble.a(tmpu_Elzfpebble.o)
 .text.window_get_fullscreen
                0x0000000000000000        0xc /Users/Jesse/pebble-dev/PebbleSDK-2.7/Pebble/lib/libpebble.a(tmpu_Elzfpebble.o)
 .text.window_is_loaded
                0x0000000000000000        0xc /Users/Jesse/pebble-dev/PebbleSDK-2.7/Pebble/lib/libpebble.a(tmpu_Elzfpebble.o)
 .text.window_set_background_color
                0x0000000000000000        0xc /Users/Jesse/pebble-dev/PebbleSDK-2.7/Pebble/lib/libpebble.a(tmpu_Elzfpebble.o)
 .text.window_set_click_config_provider_with_context
                0x0000000000000000        0xc /Users/Jesse/pebble-dev/PebbleSDK-2.7/Pebble/lib/libpebble.a(tmpu_Elzfpebble.o)
 .text.window_set_status_bar_icon
                0x0000000000000000        0xc /Users/Jesse/pebble-dev/PebbleSDK-2.7/Pebble/lib/libpebble.a(tmpu_Elzfpebble.o)
 .text.window_stack_get_top_window
                0x0000000000000000        0xc /Users/Jesse/pebble-dev/PebbleSDK-2.7/Pebble/lib/libpebble.a(tmpu_Elzfpebble.o)
 .text.window_stack_pop
                0x0000000000000000        0xc /Users/Jesse/pebble-dev/PebbleSDK-2.7/Pebble/lib/libpebble.a(tmpu_Elzfpebble.o)
 .text.window_stack_pop_all
                0x0000000000000000        0xc /Users/Jesse/pebble-dev/PebbleSDK-2.7/Pebble/lib/libpebble.a(tmpu_Elzfpebble.o)
 .text.app_focus_service_subscribe
                0x0000000000000000        0xc /Users/Jesse/pebble-dev/PebbleSDK-2.7/Pebble/lib/libpebble.a(tmpu_Elzfpebble.o)
 .text.app_focus_service_unsubscribe
                0x0000000000000000        0xc /Users/Jesse/pebble-dev/PebbleSDK-2.7/Pebble/lib/libpebble.a(tmpu_Elzfpebble.o)
 .text.window_get_user_data
                0x0000000000000000        0xc /Users/Jesse/pebble-dev/PebbleSDK-2.7/Pebble/lib/libpebble.a(tmpu_Elzfpebble.o)
 .text.window_set_user_data
                0x0000000000000000        0xc /Users/Jesse/pebble-dev/PebbleSDK-2.7/Pebble/lib/libpebble.a(tmpu_Elzfpebble.o)
 .text.app_message_get_context
                0x0000000000000000        0xc /Users/Jesse/pebble-dev/PebbleSDK-2.7/Pebble/lib/libpebble.a(tmpu_Elzfpebble.o)
 .text.app_message_inbox_size_maximum
                0x0000000000000000        0xc /Users/Jesse/pebble-dev/PebbleSDK-2.7/Pebble/lib/libpebble.a(tmpu_Elzfpebble.o)
 .text.app_message_outbox_begin
                0x0000000000000000        0xc /Users/Jesse/pebble-dev/PebbleSDK-2.7/Pebble/lib/libpebble.a(tmpu_Elzfpebble.o)
 .text.app_message_outbox_send
                0x0000000000000000        0xc /Users/Jesse/pebble-dev/PebbleSDK-2.7/Pebble/lib/libpebble.a(tmpu_Elzfpebble.o)
 .text.app_message_outbox_size_maximum
                0x0000000000000000        0xc /Users/Jesse/pebble-dev/PebbleSDK-2.7/Pebble/lib/libpebble.a(tmpu_Elzfpebble.o)
 .text.app_message_register_inbox_dropped
                0x0000000000000000        0xc /Users/Jesse/pebble-dev/PebbleSDK-2.7/Pebble/lib/libpebble.a(tmpu_Elzfpebble.o)
 .text.app_message_register_inbox_received
                0x0000000000000000        0xc /Users/Jesse/pebble-dev/PebbleSDK-2.7/Pebble/lib/libpebble.a(tmpu_Elzfpebble.o)
 .text.app_message_register_outbox_failed
                0x0000000000000000        0xc /Users/Jesse/pebble-dev/PebbleSDK-2.7/Pebble/lib/libpebble.a(tmpu_Elzfpebble.o)
 .text.app_message_register_outbox_sent
                0x0000000000000000        0xc /Users/Jesse/pebble-dev/PebbleSDK-2.7/Pebble/lib/libpebble.a(tmpu_Elzfpebble.o)
 .text.app_message_set_context
                0x0000000000000000        0xc /Users/Jesse/pebble-dev/PebbleSDK-2.7/Pebble/lib/libpebble.a(tmpu_Elzfpebble.o)
 .text.window_long_click_subscribe
                0x0000000000000000        0xc /Users/Jesse/pebble-dev/PebbleSDK-2.7/Pebble/lib/libpebble.a(tmpu_Elzfpebble.o)
 .text.window_multi_click_subscribe
                0x0000000000000000        0xc /Users/Jesse/pebble-dev/PebbleSDK-2.7/Pebble/lib/libpebble.a(tmpu_Elzfpebble.o)
 .text.window_raw_click_subscribe
                0x0000000000000000        0xc /Users/Jesse/pebble-dev/PebbleSDK-2.7/Pebble/lib/libpebble.a(tmpu_Elzfpebble.o)
 .text.window_set_click_context
                0x0000000000000000        0xc /Users/Jesse/pebble-dev/PebbleSDK-2.7/Pebble/lib/libpebble.a(tmpu_Elzfpebble.o)
 .text.window_single_repeating_click_subscribe
                0x0000000000000000        0xc /Users/Jesse/pebble-dev/PebbleSDK-2.7/Pebble/lib/libpebble.a(tmpu_Elzfpebble.o)
 .text.graphics_draw_text
                0x0000000000000000        0xc /Users/Jesse/pebble-dev/PebbleSDK-2.7/Pebble/lib/libpebble.a(tmpu_Elzfpebble.o)
 .text.dict_serialize_tuplets_to_buffer
                0x0000000000000000        0xc /Users/Jesse/pebble-dev/PebbleSDK-2.7/Pebble/lib/libpebble.a(tmpu_Elzfpebble.o)
 .text.persist_read_data
                0x0000000000000000        0xc /Users/Jesse/pebble-dev/PebbleSDK-2.7/Pebble/lib/libpebble.a(tmpu_Elzfpebble.o)
 .text.persist_read_string
                0x0000000000000000        0xc /Users/Jesse/pebble-dev/PebbleSDK-2.7/Pebble/lib/libpebble.a(tmpu_Elzfpebble.o)
 .text.persist_write_data
                0x0000000000000000        0xc /Users/Jesse/pebble-dev/PebbleSDK-2.7/Pebble/lib/libpebble.a(tmpu_Elzfpebble.o)
 .text.dict_size
                0x0000000000000000        0xc /Users/Jesse/pebble-dev/PebbleSDK-2.7/Pebble/lib/libpebble.a(tmpu_Elzfpebble.o)
 .text.graphics_text_layout_get_content_size
                0x0000000000000000        0xc /Users/Jesse/pebble-dev/PebbleSDK-2.7/Pebble/lib/libpebble.a(tmpu_Elzfpebble.o)
 .text.simple_menu_layer_get_menu_layer
                0x0000000000000000        0xc /Users/Jesse/pebble-dev/PebbleSDK-2.7/Pebble/lib/libpebble.a(tmpu_Elzfpebble.o)
 .text.accel_data_service_subscribe
                0x0000000000000000        0xc /Users/Jesse/pebble-dev/PebbleSDK-2.7/Pebble/lib/libpebble.a(tmpu_Elzfpebble.o)
 .text.calloc   0x0000000000000000        0xc /Users/Jesse/pebble-dev/PebbleSDK-2.7/Pebble/lib/libpebble.a(tmpu_Elzfpebble.o)
 .text.bitmap_layer_get_bitmap
                0x0000000000000000        0xc /Users/Jesse/pebble-dev/PebbleSDK-2.7/Pebble/lib/libpebble.a(tmpu_Elzfpebble.o)
 .text.menu_layer_set_callbacks
                0x0000000000000000        0xc /Users/Jesse/pebble-dev/PebbleSDK-2.7/Pebble/lib/libpebble.a(tmpu_Elzfpebble.o)
 .text.window_get_click_config_context
                0x0000000000000000        0xc /Users/Jesse/pebble-dev/PebbleSDK-2.7/Pebble/lib/libpebble.a(tmpu_Elzfpebble.o)
 .text.number_window_get_window
                0x0000000000000000        0xc /Users/Jesse/pebble-dev/PebbleSDK-2.7/Pebble/lib/libpebble.a(tmpu_Elzfpebble.o)
 .text.realloc  0x0000000000000000        0xc /Users/Jesse/pebble-dev/PebbleSDK-2.7/Pebble/lib/libpebble.a(tmpu_Elzfpebble.o)
 .text.gbitmap_create_blank
                0x0000000000000000        0xc /Users/Jesse/pebble-dev/PebbleSDK-2.7/Pebble/lib/libpebble.a(tmpu_Elzfpebble.o)
 .text.click_recognizer_is_repeating
                0x0000000000000000        0xc /Users/Jesse/pebble-dev/PebbleSDK-2.7/Pebble/lib/libpebble.a(tmpu_Elzfpebble.o)
 .text.accel_raw_data_service_subscribe
                0x0000000000000000        0xc /Users/Jesse/pebble-dev/PebbleSDK-2.7/Pebble/lib/libpebble.a(tmpu_Elzfpebble.o)
 .text.app_worker_is_running
                0x0000000000000000        0xc /Users/Jesse/pebble-dev/PebbleSDK-2.7/Pebble/lib/libpebble.a(tmpu_Elzfpebble.o)
 .text.app_worker_kill
                0x0000000000000000        0xc /Users/Jesse/pebble-dev/PebbleSDK-2.7/Pebble/lib/libpebble.a(tmpu_Elzfpebble.o)
 .text.app_worker_launch
                0x0000000000000000        0xc /Users/Jesse/pebble-dev/PebbleSDK-2.7/Pebble/lib/libpebble.a(tmpu_Elzfpebble.o)
 .text.app_worker_message_subscribe
                0x0000000000000000        0xc /Users/Jesse/pebble-dev/PebbleSDK-2.7/Pebble/lib/libpebble.a(tmpu_Elzfpebble.o)
 .text.app_worker_message_unsubscribe
                0x0000000000000000        0xc /Users/Jesse/pebble-dev/PebbleSDK-2.7/Pebble/lib/libpebble.a(tmpu_Elzfpebble.o)
 .text.app_worker_send_message
                0x0000000000000000        0xc /Users/Jesse/pebble-dev/PebbleSDK-2.7/Pebble/lib/libpebble.a(tmpu_Elzfpebble.o)
 .text.worker_event_loop
                0x0000000000000000        0xc /Users/Jesse/pebble-dev/PebbleSDK-2.7/Pebble/lib/libpebble.a(tmpu_Elzfpebble.o)
 .text.worker_launch_app
                0x0000000000000000        0xc /Users/Jesse/pebble-dev/PebbleSDK-2.7/Pebble/lib/libpebble.a(tmpu_Elzfpebble.o)
 .text.heap_bytes_free
                0x0000000000000000        0xc /Users/Jesse/pebble-dev/PebbleSDK-2.7/Pebble/lib/libpebble.a(tmpu_Elzfpebble.o)
 .text.heap_bytes_used
                0x0000000000000000        0xc /Users/Jesse/pebble-dev/PebbleSDK-2.7/Pebble/lib/libpebble.a(tmpu_Elzfpebble.o)
 .text.compass_service_peek
                0x0000000000000000        0xc /Users/Jesse/pebble-dev/PebbleSDK-2.7/Pebble/lib/libpebble.a(tmpu_Elzfpebble.o)
 .text.compass_service_set_heading_filter
                0x0000000000000000        0xc /Users/Jesse/pebble-dev/PebbleSDK-2.7/Pebble/lib/libpebble.a(tmpu_Elzfpebble.o)
 .text.compass_service_subscribe
                0x0000000000000000        0xc /Users/Jesse/pebble-dev/PebbleSDK-2.7/Pebble/lib/libpebble.a(tmpu_Elzfpebble.o)
 .text.compass_service_unsubscribe
                0x0000000000000000        0xc /Users/Jesse/pebble-dev/PebbleSDK-2.7/Pebble/lib/libpebble.a(tmpu_Elzfpebble.o)
 .text.uuid_equal
                0x0000000000000000        0xc /Users/Jesse/pebble-dev/PebbleSDK-2.7/Pebble/lib/libpebble.a(tmpu_Elzfpebble.o)
 .text.uuid_to_string
                0x0000000000000000        0xc /Users/Jesse/pebble-dev/PebbleSDK-2.7/Pebble/lib/libpebble.a(tmpu_Elzfpebble.o)
 .text.gpath_draw_filled
                0x0000000000000000        0xc /Users/Jesse/pebble-dev/PebbleSDK-2.7/Pebble/lib/libpebble.a(tmpu_Elzfpebble.o)
 .text.animation_set_custom_curve
                0x0000000000000000        0xc /Users/Jesse/pebble-dev/PebbleSDK-2.7/Pebble/lib/libpebble.a(tmpu_Elzfpebble.o)
 .text.watch_info_get_color
                0x0000000000000000        0xc /Users/Jesse/pebble-dev/PebbleSDK-2.7/Pebble/lib/libpebble.a(tmpu_Elzfpebble.o)
 .text.watch_info_get_firmware_version
                0x0000000000000000        0xc /Users/Jesse/pebble-dev/PebbleSDK-2.7/Pebble/lib/libpebble.a(tmpu_Elzfpebble.o)
 .text.watch_info_get_model
                0x0000000000000000        0xc /Users/Jesse/pebble-dev/PebbleSDK-2.7/Pebble/lib/libpebble.a(tmpu_Elzfpebble.o)
 .text.graphics_capture_frame_buffer
                0x0000000000000000        0xc /Users/Jesse/pebble-dev/PebbleSDK-2.7/Pebble/lib/libpebble.a(tmpu_Elzfpebble.o)
 .text.graphics_frame_buffer_is_captured
                0x0000000000000000        0xc /Users/Jesse/pebble-dev/PebbleSDK-2.7/Pebble/lib/libpebble.a(tmpu_Elzfpebble.o)
 .text.graphics_release_frame_buffer
                0x0000000000000000        0xc /Users/Jesse/pebble-dev/PebbleSDK-2.7/Pebble/lib/libpebble.a(tmpu_Elzfpebble.o)
 .text.clock_to_timestamp
                0x0000000000000000        0xc /Users/Jesse/pebble-dev/PebbleSDK-2.7/Pebble/lib/libpebble.a(tmpu_Elzfpebble.o)
 .text.launch_reason
                0x0000000000000000        0xc /Users/Jesse/pebble-dev/PebbleSDK-2.7/Pebble/lib/libpebble.a(tmpu_Elzfpebble.o)
 .text.wakeup_cancel
                0x0000000000000000        0xc /Users/Jesse/pebble-dev/PebbleSDK-2.7/Pebble/lib/libpebble.a(tmpu_Elzfpebble.o)
 .text.wakeup_cancel_all
                0x0000000000000000        0xc /Users/Jesse/pebble-dev/PebbleSDK-2.7/Pebble/lib/libpebble.a(tmpu_Elzfpebble.o)
 .text.wakeup_get_launch_event
                0x0000000000000000        0xc /Users/Jesse/pebble-dev/PebbleSDK-2.7/Pebble/lib/libpebble.a(tmpu_Elzfpebble.o)
 .text.wakeup_query
                0x0000000000000000        0xc /Users/Jesse/pebble-dev/PebbleSDK-2.7/Pebble/lib/libpebble.a(tmpu_Elzfpebble.o)
 .text.wakeup_schedule
                0x0000000000000000        0xc /Users/Jesse/pebble-dev/PebbleSDK-2.7/Pebble/lib/libpebble.a(tmpu_Elzfpebble.o)
 .text.wakeup_service_subscribe
                0x0000000000000000        0xc /Users/Jesse/pebble-dev/PebbleSDK-2.7/Pebble/lib/libpebble.a(tmpu_Elzfpebble.o)
 .text.clock_is_timezone_set
                0x0000000000000000        0xc /Users/Jesse/pebble-dev/PebbleSDK-2.7/Pebble/lib/libpebble.a(tmpu_Elzfpebble.o)
 .bss           0x0000000000000000        0x0 /Users/Jesse/pebble-dev/PebbleSDK-2.7/arm-cs-tools/bin/../lib/gcc/arm-none-eabi/4.7.2/thumb2/libgcc.a(_arm_addsubdf3.o)
 .bss           0x0000000000000000        0x0 /Users/Jesse/pebble-dev/PebbleSDK-2.7/arm-cs-tools/bin/../lib/gcc/arm-none-eabi/4.7.2/thumb2/libgcc.a(_arm_muldivdf3.o)
 .bss           0x0000000000000000        0x0 /Users/Jesse/pebble-dev/PebbleSDK-2.7/arm-cs-tools/bin/../lib/gcc/arm-none-eabi/4.7.2/thumb2/libgcc.a(_arm_cmpdf2.o)
 .bss           0x0000000000000000        0x0 /Users/Jesse/pebble-dev/PebbleSDK-2.7/arm-cs-tools/bin/../lib/gcc/arm-none-eabi/4.7.2/thumb2/libgcc.a(_arm_fixdfsi.o)
 .text          0x0000000000000000        0x0 /Users/Jesse/pebble-dev/PebbleSDK-2.7/arm-cs-tools/bin/../lib/gcc/arm-none-eabi/4.7.2/thumb2/crtend.o
 .bss           0x0000000000000000        0x0 /Users/Jesse/pebble-dev/PebbleSDK-2.7/arm-cs-tools/bin/../lib/gcc/arm-none-eabi/4.7.2/thumb2/crtend.o
 .eh_frame      0x0000000000000000        0x4 /Users/Jesse/pebble-dev/PebbleSDK-2.7/arm-cs-tools/bin/../lib/gcc/arm-none-eabi/4.7.2/thumb2/crtend.o
 .jcr           0x0000000000000000        0x4 /Users/Jesse/pebble-dev/PebbleSDK-2.7/arm-cs-tools/bin/../lib/gcc/arm-none-eabi/4.7.2/thumb2/crtend.o
 .tm_clone_table
                0x0000000000000000        0x0 /Users/Jesse/pebble-dev/PebbleSDK-2.7/arm-cs-tools/bin/../lib/gcc/arm-none-eabi/4.7.2/thumb2/crtend.o
 .text          0x0000000000000000        0x0 /Users/Jesse/pebble-dev/PebbleSDK-2.7/arm-cs-tools/bin/../lib/gcc/arm-none-eabi/4.7.2/thumb2/crtn.o
 .bss           0x0000000000000000        0x0 /Users/Jesse/pebble-dev/PebbleSDK-2.7/arm-cs-tools/bin/../lib/gcc/arm-none-eabi/4.7.2/thumb2/crtn.o
 .init          0x0000000000000000        0x8 /Users/Jesse/pebble-dev/PebbleSDK-2.7/arm-cs-tools/bin/../lib/gcc/arm-none-eabi/4.7.2/thumb2/crtn.o
 .fini          0x0000000000000000        0x8 /Users/Jesse/pebble-dev/PebbleSDK-2.7/arm-cs-tools/bin/../lib/gcc/arm-none-eabi/4.7.2/thumb2/crtn.o

Memory Configuration

Name             Origin             Length             Attributes
APP              0x0000000000000000 0x0000000000006000 xrw
*default*        0x0000000000000000 0xffffffffffffffff

Linker script and memory map

LOAD /Users/Jesse/pebble-dev/PebbleSDK-2.7/arm-cs-tools/bin/../lib/gcc/arm-none-eabi/4.7.2/thumb2/crti.o
LOAD /Users/Jesse/pebble-dev/PebbleSDK-2.7/arm-cs-tools/bin/../lib/gcc/arm-none-eabi/4.7.2/thumb2/crtbegin.o
LOAD src/main.c.29.o
LOAD appinfo.auto.c.29.o
LOAD /Users/Jesse/pebble-dev/PebbleSDK-2.7/Pebble/lib/libpebble.a
START GROUP
LOAD /Users/Jesse/pebble-dev/PebbleSDK-2.7/arm-cs-tools/bin/../lib/gcc/arm-none-eabi/4.7.2/thumb2/libgcc.a
LOAD /Users/Jesse/pebble-dev/PebbleSDK-2.7/arm-cs-tools/bin/../lib/gcc/arm-none-eabi/4.7.2/../../../../arm-none-eabi/lib/thumb2/libc.a
END GROUP
LOAD /Users/Jesse/pebble-dev/PebbleSDK-2.7/arm-cs-tools/bin/../lib/gcc/arm-none-eabi/4.7.2/thumb2/crtend.o
LOAD /Users/Jesse/pebble-dev/PebbleSDK-2.7/arm-cs-tools/bin/../lib/gcc/arm-none-eabi/4.7.2/thumb2/crtn.o

.header         0x0000000000000000       0x82
 *(.pbl_header)
 .pbl_header    0x0000000000000000       0x82 appinfo.auto.c.29.o
                0x0000000000000000                __pbl_app_info

.text           0x0000000000000088     0x153d
 *(.text)
 .text          0x0000000000000088       0x14 /Users/Jesse/pebble-dev/PebbleSDK-2.7/Pebble/lib/libpebble.a(tmpu_Elzfpebble.o)
 .text          0x000000000000009c      0x370 /Users/Jesse/pebble-dev/PebbleSDK-2.7/arm-cs-tools/bin/../lib/gcc/arm-none-eabi/4.7.2/thumb2/libgcc.a(_arm_addsubdf3.o)
                0x000000000000009c                __aeabi_drsub
                0x00000000000000a4                __subdf3
                0x00000000000000a4                __aeabi_dsub
                0x00000000000000a8                __aeabi_dadd
                0x00000000000000a8                __adddf3
                0x0000000000000320                __aeabi_ui2d
                0x0000000000000320                __floatunsidf
                0x0000000000000340                __floatsidf
                0x0000000000000340                __aeabi_i2d
                0x0000000000000364                __extendsfdf2
                0x0000000000000364                __aeabi_f2d
                0x00000000000003a0                __aeabi_ul2d
                0x00000000000003a0                __floatundidf
                0x00000000000003b0                __aeabi_l2d
                0x00000000000003b0                __floatdidf
 .text          0x000000000000040c      0x424 /Users/Jesse/pebble-dev/PebbleSDK-2.7/arm-cs-tools/bin/../lib/gcc/arm-none-eabi/4.7.2/thumb2/libgcc.a(_arm_muldivdf3.o)
                0x000000000000040c                __aeabi_dmul
                0x000000000000040c                __muldf3
                0x0000000000000660                __aeabi_ddiv
                0x0000000000000660                __divdf3
 .text          0x0000000000000830      0x110 /Users/Jesse/pebble-dev/PebbleSDK-2.7/arm-cs-tools/bin/../lib/gcc/arm-none-eabi/4.7.2/thumb2/libgcc.a(_arm_cmpdf2.o)
                0x0000000000000830                __gtdf2
                0x0000000000000830                __gedf2
                0x0000000000000838                __ltdf2
                0x0000000000000838                __ledf2
                0x0000000000000840                __eqdf2
                0x0000000000000840                __nedf2
                0x0000000000000840                __cmpdf2
                0x00000000000008bc                __aeabi_cdrcmple
                0x00000000000008cc                __aeabi_cdcmple
                0x00000000000008cc                __aeabi_cdcmpeq
                0x00000000000008dc                __aeabi_dcmpeq
                0x00000000000008f0                __aeabi_dcmplt
                0x0000000000000904                __aeabi_dcmple
                0x0000000000000918                __aeabi_dcmpge
                0x000000000000092c                __aeabi_dcmpgt
 .text          0x0000000000000940       0x50 /Users/Jesse/pebble-dev/PebbleSDK-2.7/arm-cs-tools/bin/../lib/gcc/arm-none-eabi/4.7.2/thumb2/libgcc.a(_arm_fixdfsi.o)
                0x0000000000000940                __fixdfsi
                0x0000000000000940                __aeabi_d2iz
 *(.text.*)
 .text.window_menu_load
                0x0000000000000990       0x6c src/main.c.29.o
                0x0000000000000990                window_menu_load
 .text.window_clock_unload
                0x00000000000009fc       0x80 src/main.c.29.o
                0x00000000000009fc                window_clock_unload
 .text.window_menu_unload
                0x0000000000000a7c       0x18 src/main.c.29.o
                0x0000000000000a7c                window_menu_unload
 .text.window_main_unload
                0x0000000000000a94       0x64 src/main.c.29.o
                0x0000000000000a94                window_main_unload
 .text.window_main_load
                0x0000000000000af8      0x1b4 src/main.c.29.o
                0x0000000000000af8                window_main_load
 .text.click_config_provider
                0x0000000000000cac       0x24 src/main.c.29.o
                0x0000000000000cac                click_config_provider
 .text.draw_health
                0x0000000000000cd0       0x68 src/main.c.29.o
                0x0000000000000cd0                draw_health
 .text.take_step
                0x0000000000000d38       0x60 src/main.c.29.o
                0x0000000000000d38                take_step
 .text.tap_handler
                0x0000000000000d98       0x28 src/main.c.29.o
 .text.hide_clock
                0x0000000000000dc0       0x28 src/main.c.29.o
                0x0000000000000dc0                hide_clock
 .text.heal_player
                0x0000000000000de8       0x7c src/main.c.29.o
                0x0000000000000de8                heal_player
 .text.button_up_handler
                0x0000000000000e64        0x6 src/main.c.29.o
                0x0000000000000e64                button_up_handler
 *fill*         0x0000000000000e6a        0x2 
 .text.hurt_player
                0x0000000000000e6c       0x74 src/main.c.29.o
                0x0000000000000e6c                hurt_player
 .text.button_down_handler
                0x0000000000000ee0        0x6 src/main.c.29.o
                0x0000000000000ee0                button_down_handler
 *fill*         0x0000000000000ee6        0x2 
 .text.populate_clock
                0x0000000000000ee8       0x40 src/main.c.29.o
                0x0000000000000ee8                populate_clock
 .text.window_clock_load
                0x0000000000000f28      0x1fc src/main.c.29.o
                0x0000000000000f28                window_clock_load
 .text.init     0x0000000000001124      0x144 src/main.c.29.o
                0x0000000000001124                init
 .text.deinit   0x0000000000001268       0x50 src/main.c.29.o
                0x0000000000001268                deinit
 .text.startup.main
                0x00000000000012b8       0x12 src/main.c.29.o
                0x00000000000012b8                main
 *fill*         0x00000000000012ca        0x2 
 .text.accel_tap_service_subscribe
                0x00000000000012cc        0xc /Users/Jesse/pebble-dev/PebbleSDK-2.7/Pebble/lib/libpebble.a(tmpu_Elzfpebble.o)
                0x00000000000012cc                accel_tap_service_subscribe
 .text.app_event_loop
                0x00000000000012d8        0xc /Users/Jesse/pebble-dev/PebbleSDK-2.7/Pebble/lib/libpebble.a(tmpu_Elzfpebble.o)
                0x00000000000012d8                app_event_loop
 .text.app_timer_register
                0x00000000000012e4        0xc /Users/Jesse/pebble-dev/PebbleSDK-2.7/Pebble/lib/libpebble.a(tmpu_Elzfpebble.o)
                0x00000000000012e4                app_timer_register
 .text.battery_state_service_peek
                0x00000000000012f0        0xc /Users/Jesse/pebble-dev/PebbleSDK-2.7/Pebble/lib/libpebble.a(tmpu_Elzfpebble.o)
                0x00000000000012f0                battery_state_service_peek
 .text.bitmap_layer_create
                0x00000000000012fc        0xc /Users/Jesse/pebble-dev/PebbleSDK-2.7/Pebble/lib/libpebble.a(tmpu_Elzfpebble.o)
                0x00000000000012fc                bitmap_layer_create
 .text.bitmap_layer_destroy
                0x0000000000001308        0xc /Users/Jesse/pebble-dev/PebbleSDK-2.7/Pebble/lib/libpebble.a(tmpu_Elzfpebble.o)
                0x0000000000001308                bitmap_layer_destroy
 .text.bitmap_layer_get_layer
                0x0000000000001314        0xc /Users/Jesse/pebble-dev/PebbleSDK-2.7/Pebble/lib/libpebble.a(tmpu_Elzfpebble.o)
                0x0000000000001314                bitmap_layer_get_layer
 .text.bitmap_layer_set_bitmap
                0x0000000000001320        0xc /Users/Jesse/pebble-dev/PebbleSDK-2.7/Pebble/lib/libpebble.a(tmpu_Elzfpebble.o)
                0x0000000000001320                bitmap_layer_set_bitmap
 .text.bluetooth_connection_service_peek
                0x000000000000132c        0xc /Users/Jesse/pebble-dev/PebbleSDK-2.7/Pebble/lib/libpebble.a(tmpu_Elzfpebble.o)
                0x000000000000132c                bluetooth_connection_service_peek
 .text.clock_copy_time_string
                0x0000000000001338        0xc /Users/Jesse/pebble-dev/PebbleSDK-2.7/Pebble/lib/libpebble.a(tmpu_Elzfpebble.o)
                0x0000000000001338                clock_copy_time_string
 .text.fonts_load_custom_font
                0x0000000000001344        0xc /Users/Jesse/pebble-dev/PebbleSDK-2.7/Pebble/lib/libpebble.a(tmpu_Elzfpebble.o)
                0x0000000000001344                fonts_load_custom_font
 .text.fonts_unload_custom_font
                0x0000000000001350        0xc /Users/Jesse/pebble-dev/PebbleSDK-2.7/Pebble/lib/libpebble.a(tmpu_Elzfpebble.o)
                0x0000000000001350                fonts_unload_custom_font
 .text.gbitmap_create_with_resource
                0x000000000000135c        0xc /Users/Jesse/pebble-dev/PebbleSDK-2.7/Pebble/lib/libpebble.a(tmpu_Elzfpebble.o)
                0x000000000000135c                gbitmap_create_with_resource
 .text.gbitmap_destroy
                0x0000000000001368        0xc /Users/Jesse/pebble-dev/PebbleSDK-2.7/Pebble/lib/libpebble.a(tmpu_Elzfpebble.o)
                0x0000000000001368                gbitmap_destroy
 .text.graphics_context_set_fill_color
                0x0000000000001374        0xc /Users/Jesse/pebble-dev/PebbleSDK-2.7/Pebble/lib/libpebble.a(tmpu_Elzfpebble.o)
                0x0000000000001374                graphics_context_set_fill_color
 .text.graphics_fill_rect
                0x0000000000001380        0xc /Users/Jesse/pebble-dev/PebbleSDK-2.7/Pebble/lib/libpebble.a(tmpu_Elzfpebble.o)
                0x0000000000001380                graphics_fill_rect
 .text.layer_add_child
                0x000000000000138c        0xc /Users/Jesse/pebble-dev/PebbleSDK-2.7/Pebble/lib/libpebble.a(tmpu_Elzfpebble.o)
                0x000000000000138c                layer_add_child
 .text.layer_create
                0x0000000000001398        0xc /Users/Jesse/pebble-dev/PebbleSDK-2.7/Pebble/lib/libpebble.a(tmpu_Elzfpebble.o)
                0x0000000000001398                layer_create
 .text.layer_destroy
                0x00000000000013a4        0xc /Users/Jesse/pebble-dev/PebbleSDK-2.7/Pebble/lib/libpebble.a(tmpu_Elzfpebble.o)
                0x00000000000013a4                layer_destroy
 .text.layer_mark_dirty
                0x00000000000013b0        0xc /Users/Jesse/pebble-dev/PebbleSDK-2.7/Pebble/lib/libpebble.a(tmpu_Elzfpebble.o)
                0x00000000000013b0                layer_mark_dirty
 .text.layer_set_update_proc
                0x00000000000013bc        0xc /Users/Jesse/pebble-dev/PebbleSDK-2.7/Pebble/lib/libpebble.a(tmpu_Elzfpebble.o)
                0x00000000000013bc                layer_set_update_proc
 .text.localtime
                0x00000000000013c8        0xc /Users/Jesse/pebble-dev/PebbleSDK-2.7/Pebble/lib/libpebble.a(tmpu_Elzfpebble.o)
                0x00000000000013c8                localtime
 .text.memset   0x00000000000013d4        0xc /Users/Jesse/pebble-dev/PebbleSDK-2.7/Pebble/lib/libpebble.a(tmpu_Elzfpebble.o)
                0x00000000000013d4                memset
 .text.persist_exists
                0x00000000000013e0        0xc /Users/Jesse/pebble-dev/PebbleSDK-2.7/Pebble/lib/libpebble.a(tmpu_Elzfpebble.o)
                0x00000000000013e0                persist_exists
 .text.persist_read_int
                0x00000000000013ec        0xc /Users/Jesse/pebble-dev/PebbleSDK-2.7/Pebble/lib/libpebble.a(tmpu_Elzfpebble.o)
                0x00000000000013ec                persist_read_int
 .text.persist_write_int
                0x00000000000013f8        0xc /Users/Jesse/pebble-dev/PebbleSDK-2.7/Pebble/lib/libpebble.a(tmpu_Elzfpebble.o)
                0x00000000000013f8                persist_write_int
 .text.rand     0x0000000000001404        0xc /Users/Jesse/pebble-dev/PebbleSDK-2.7/Pebble/lib/libpebble.a(tmpu_Elzfpebble.o)
                0x0000000000001404                rand
 .text.resource_get_handle
                0x0000000000001410        0xc /Users/Jesse/pebble-dev/PebbleSDK-2.7/Pebble/lib/libpebble.a(tmpu_Elzfpebble.o)
                0x0000000000001410                resource_get_handle
 .text.simple_menu_layer_destroy
                0x000000000000141c        0xc /Users/Jesse/pebble-dev/PebbleSDK-2.7/Pebble/lib/libpebble.a(tmpu_Elzfpebble.o)
                0x000000000000141c                simple_menu_layer_destroy
 .text.snprintf
                0x0000000000001428        0xc /Users/Jesse/pebble-dev/PebbleSDK-2.7/Pebble/lib/libpebble.a(tmpu_Elzfpebble.o)
                0x0000000000001428                snprintf
 .text.srand    0x0000000000001434        0xc /Users/Jesse/pebble-dev/PebbleSDK-2.7/Pebble/lib/libpebble.a(tmpu_Elzfpebble.o)
                0x0000000000001434                srand
 .text.strftime
                0x0000000000001440        0xc /Users/Jesse/pebble-dev/PebbleSDK-2.7/Pebble/lib/libpebble.a(tmpu_Elzfpebble.o)
                0x0000000000001440                strftime
 .text.text_layer_create
                0x000000000000144c        0xc /Users/Jesse/pebble-dev/PebbleSDK-2.7/Pebble/lib/libpebble.a(tmpu_Elzfpebble.o)
                0x000000000000144c                text_layer_create
 .text.text_layer_destroy
                0x0000000000001458        0xc /Users/Jesse/pebble-dev/PebbleSDK-2.7/Pebble/lib/libpebble.a(tmpu_Elzfpebble.o)
                0x0000000000001458                text_layer_destroy
 .text.text_layer_get_layer
                0x0000000000001464        0xc /Users/Jesse/pebble-dev/PebbleSDK-2.7/Pebble/lib/libpebble.a(tmpu_Elzfpebble.o)
                0x0000000000001464                text_layer_get_layer
 .text.text_layer_set_background_color
                0x0000000000001470        0xc /Users/Jesse/pebble-dev/PebbleSDK-2.7/Pebble/lib/libpebble.a(tmpu_Elzfpebble.o)
                0x0000000000001470                text_layer_set_background_color
 .text.text_layer_set_font
                0x000000000000147c        0xc /Users/Jesse/pebble-dev/PebbleSDK-2.7/Pebble/lib/libpebble.a(tmpu_Elzfpebble.o)
                0x000000000000147c                text_layer_set_font
 .text.text_layer_set_text
                0x0000000000001488        0xc /Users/Jesse/pebble-dev/PebbleSDK-2.7/Pebble/lib/libpebble.a(tmpu_Elzfpebble.o)
                0x0000000000001488                text_layer_set_text
 .text.text_layer_set_text_alignment
                0x0000000000001494        0xc /Users/Jesse/pebble-dev/PebbleSDK-2.7/Pebble/lib/libpebble.a(tmpu_Elzfpebble.o)
                0x0000000000001494                text_layer_set_text_alignment
 .text.text_layer_set_text_color
                0x00000000000014a0        0xc /Users/Jesse/pebble-dev/PebbleSDK-2.7/Pebble/lib/libpebble.a(tmpu_Elzfpebble.o)
                0x00000000000014a0                text_layer_set_text_color
 .text.tick_timer_service_subscribe
                0x00000000000014ac        0xc /Users/Jesse/pebble-dev/PebbleSDK-2.7/Pebble/lib/libpebble.a(tmpu_Elzfpebble.o)
                0x00000000000014ac                tick_timer_service_subscribe
 .text.time     0x00000000000014b8        0xc /Users/Jesse/pebble-dev/PebbleSDK-2.7/Pebble/lib/libpebble.a(tmpu_Elzfpebble.o)
                0x00000000000014b8                time
 .text.window_create
                0x00000000000014c4        0xc /Users/Jesse/pebble-dev/PebbleSDK-2.7/Pebble/lib/libpebble.a(tmpu_Elzfpebble.o)
                0x00000000000014c4                window_create
 .text.window_destroy
                0x00000000000014d0        0xc /Users/Jesse/pebble-dev/PebbleSDK-2.7/Pebble/lib/libpebble.a(tmpu_Elzfpebble.o)
                0x00000000000014d0                window_destroy
 .text.window_get_root_layer
                0x00000000000014dc        0xc /Users/Jesse/pebble-dev/PebbleSDK-2.7/Pebble/lib/libpebble.a(tmpu_Elzfpebble.o)
                0x00000000000014dc                window_get_root_layer
 .text.window_set_click_config_provider
                0x00000000000014e8        0xc /Users/Jesse/pebble-dev/PebbleSDK-2.7/Pebble/lib/libpebble.a(tmpu_Elzfpebble.o)
                0x00000000000014e8                window_set_click_config_provider
 .text.window_set_fullscreen
                0x00000000000014f4        0xc /Users/Jesse/pebble-dev/PebbleSDK-2.7/Pebble/lib/libpebble.a(tmpu_Elzfpebble.o)
                0x00000000000014f4                window_set_fullscreen
 .text.window_set_window_handlers
                0x0000000000001500        0xc /Users/Jesse/pebble-dev/PebbleSDK-2.7/Pebble/lib/libpebble.a(tmpu_Elzfpebble.o)
                0x0000000000001500                window_set_window_handlers
 .text.window_stack_contains_window
                0x000000000000150c        0xc /Users/Jesse/pebble-dev/PebbleSDK-2.7/Pebble/lib/libpebble.a(tmpu_Elzfpebble.o)
                0x000000000000150c                window_stack_contains_window
 .text.window_stack_push
                0x0000000000001518        0xc /Users/Jesse/pebble-dev/PebbleSDK-2.7/Pebble/lib/libpebble.a(tmpu_Elzfpebble.o)
                0x0000000000001518                window_stack_push
 .text.window_stack_remove
                0x0000000000001524        0xc /Users/Jesse/pebble-dev/PebbleSDK-2.7/Pebble/lib/libpebble.a(tmpu_Elzfpebble.o)
                0x0000000000001524                window_stack_remove
 .text.window_single_click_subscribe
                0x0000000000001530        0xc /Users/Jesse/pebble-dev/PebbleSDK-2.7/Pebble/lib/libpebble.a(tmpu_Elzfpebble.o)
                0x0000000000001530                window_single_click_subscribe
 *(.rodata)
 .rodata        0x000000000000153c       0x30 src/main.c.29.o
 *(.rodata*)
 .rodata.str1.1
                0x000000000000156c       0x59 src/main.c.29.o

.glue_7         0x00000000000015c8        0x0
 .glue_7        0x0000000000000000        0x0 linker stubs

.glue_7t        0x00000000000015c8        0x0
 .glue_7t       0x0000000000000000        0x0 linker stubs

.vfp11_veneer   0x00000000000015c8        0x0
 .vfp11_veneer  0x0000000000000000        0x0 linker stubs

.v4_bx          0x00000000000015c8        0x0
 .v4_bx         0x0000000000000000        0x0 linker stubs

.iplt           0x00000000000015c8        0x0
 .iplt          0x0000000000000000        0x0 /Users/Jesse/pebble-dev/PebbleSDK-2.7/arm-cs-tools/bin/../lib/gcc/arm-none-eabi/4.7.2/thumb2/crtbegin.o

.rel.dyn        0x00000000000015c8        0x0
 .rel.iplt      0x0000000000000000        0x0 /Users/Jesse/pebble-dev/PebbleSDK-2.7/arm-cs-tools/bin/../lib/gcc/arm-none-eabi/4.7.2/thumb2/crtbegin.o
 .rel.got       0x0000000000000000        0x0 /Users/Jesse/pebble-dev/PebbleSDK-2.7/arm-cs-tools/bin/../lib/gcc/arm-none-eabi/4.7.2/thumb2/crtbegin.o

.data           0x00000000000015c8       0x3c
 *(.data)
 .data          0x00000000000015c8        0x0 /Users/Jesse/pebble-dev/PebbleSDK-2.7/arm-cs-tools/bin/../lib/gcc/arm-none-eabi/4.7.2/thumb2/crti.o
 .data          0x00000000000015c8        0x4 /Users/Jesse/pebble-dev/PebbleSDK-2.7/arm-cs-tools/bin/../lib/gcc/arm-none-eabi/4.7.2/thumb2/crtbegin.o
                0x00000000000015c8                __dso_handle
 .data          0x00000000000015cc        0x0 src/main.c.29.o
 .data          0x00000000000015cc        0x0 appinfo.auto.c.29.o
 .data          0x00000000000015cc        0x0 /Users/Jesse/pebble-dev/PebbleSDK-2.7/Pebble/lib/libpebble.a(tmpu_Elzfpebble.o)
 .data          0x00000000000015cc        0x0 /Users/Jesse/pebble-dev/PebbleSDK-2.7/arm-cs-tools/bin/../lib/gcc/arm-none-eabi/4.7.2/thumb2/libgcc.a(_arm_addsubdf3.o)
 .data          0x00000000000015cc        0x0 /Users/Jesse/pebble-dev/PebbleSDK-2.7/arm-cs-tools/bin/../lib/gcc/arm-none-eabi/4.7.2/thumb2/libgcc.a(_arm_muldivdf3.o)
 .data          0x00000000000015cc        0x0 /Users/Jesse/pebble-dev/PebbleSDK-2.7/arm-cs-tools/bin/../lib/gcc/arm-none-eabi/4.7.2/thumb2/libgcc.a(_arm_cmpdf2.o)
 .data          0x00000000000015cc        0x0 /Users/Jesse/pebble-dev/PebbleSDK-2.7/arm-cs-tools/bin/../lib/gcc/arm-none-eabi/4.7.2/thumb2/libgcc.a(_arm_fixdfsi.o)
 .data          0x00000000000015cc        0x0 /Users/Jesse/pebble-dev/PebbleSDK-2.7/arm-cs-tools/bin/../lib/gcc/arm-none-eabi/4.7.2/thumb2/crtend.o
 .data          0x00000000000015cc        0x0 /Users/Jesse/pebble-dev/PebbleSDK-2.7/arm-cs-tools/bin/../lib/gcc/arm-none-eabi/4.7.2/thumb2/crtn.o
 *(.data.*)
 *fill*         0x00000000000015cc        0x4 
 .data.g_player_current_health
                0x00000000000015d0        0x8 src/main.c.29.o
                0x00000000000015d0                g_player_current_health
 .data.g_player_max_exp
                0x00000000000015d8        0x4 src/main.c.29.o
                0x00000000000015d8                g_player_max_exp
 .data.g_player_current_exp
                0x00000000000015dc        0x4 src/main.c.29.o
                0x00000000000015dc                g_player_current_exp
 .data.g_player_max_health
                0x00000000000015e0        0x8 src/main.c.29.o
                0x00000000000015e0                g_player_max_health
 .data.g_image_count_corridor
                0x00000000000015e8        0x4 src/main.c.29.o
                0x00000000000015e8                g_image_count_corridor
 .data.g_clock_life
                0x00000000000015ec        0x4 src/main.c.29.o
                0x00000000000015ec                g_clock_life
 .data.g_images_corridor
                0x00000000000015f0       0x10 src/main.c.29.o
                0x00000000000015f0                g_images_corridor
 .data.g_player_level
                0x0000000000001600        0x4 src/main.c.29.o
                0x0000000000001600                g_player_level

.igot.plt       0x0000000000001604        0x0
 .igot.plt      0x0000000000000000        0x0 /Users/Jesse/pebble-dev/PebbleSDK-2.7/arm-cs-tools/bin/../lib/gcc/arm-none-eabi/4.7.2/thumb2/crtbegin.o

.got            0x0000000000001604       0x4c
 .got           0x0000000000001604       0x4c /Users/Jesse/pebble-dev/PebbleSDK-2.7/arm-cs-tools/bin/../lib/gcc/arm-none-eabi/4.7.2/thumb2/crtbegin.o

.got.plt        0x0000000000001650        0xc
 .got.plt       0x0000000000001650        0xc /Users/Jesse/pebble-dev/PebbleSDK-2.7/arm-cs-tools/bin/../lib/gcc/arm-none-eabi/4.7.2/thumb2/crtbegin.o
                0x0000000000001650                _GLOBAL_OFFSET_TABLE_

.bss            0x000000000000165c       0x68
 *(.bss)
 *(.bss.*)
 .bss.exp_buffer.6696
                0x000000000000165c        0xc src/main.c.29.o
 .bss.lvl_buffer.6694
                0x0000000000001668        0x4 src/main.c.29.o
 .bss.time_buffer.6719
                0x000000000000166c        0x9 src/main.c.29.o
 *fill*         0x0000000000001675        0x3 
 COMMON         0x0000000000001678       0x4c src/main.c.29.o
                0x0000000000001678                g_font_press_start
                0x000000000000167c                g_font_alagard
                0x0000000000001680                g_image_clock_battery
                0x0000000000001684                g_layer_menu_items
                0x0000000000001688                g_window_main
                0x000000000000168c                g_window_menu
                0x0000000000001690                g_window_clock
                0x0000000000001694                g_layer_health_bars
                0x0000000000001698                g_layer_menu
                0x000000000000169c                g_image_clock_bluetooth
                0x00000000000016a0                g_image_layer_clock_battery
                0x00000000000016a4                g_image_layer_main
                0x00000000000016a8                g_image_layer_clock_bluetooth
                0x00000000000016ac                g_text_layer_lvl
                0x00000000000016b0                g_text_layer_time
                0x00000000000016b4                g_image_layer_clock
                0x00000000000016b8                g_text_layer_exp
                0x00000000000016bc                g_image_main_background
                0x00000000000016c0                g_image_clock_background

DISCARD
 libc.a(*)
 libm.a(*)
 libgcc.a(*)
 *(.eh_frame)
OUTPUT(/Users/Jesse/Dropbox/Projects/Pebble/Gimbatul/build/pebble-app.elf elf32-littlearm)

.ARM.attributes
                0x0000000000000000       0x27
 .ARM.attributes
                0x0000000000000000       0x19 /Users/Jesse/pebble-dev/PebbleSDK-2.7/arm-cs-tools/bin/../lib/gcc/arm-none-eabi/4.7.2/thumb2/crti.o
 .ARM.attributes
                0x0000000000000019       0x29 /Users/Jesse/pebble-dev/PebbleSDK-2.7/arm-cs-tools/bin/../lib/gcc/arm-none-eabi/4.7.2/thumb2/crtbegin.o
 .ARM.attributes
                0x0000000000000042       0x33 src/main.c.29.o
 .ARM.attributes
                0x0000000000000075       0x33 appinfo.auto.c.29.o
 .ARM.attributes
                0x00000000000000a8       0x21 /Users/Jesse/pebble-dev/PebbleSDK-2.7/Pebble/lib/libpebble.a(tmpu_Elzfpebble.o)
 .ARM.attributes
                0x00000000000000c9       0x19 /Users/Jesse/pebble-dev/PebbleSDK-2.7/arm-cs-tools/bin/../lib/gcc/arm-none-eabi/4.7.2/thumb2/libgcc.a(_arm_addsubdf3.o)
 .ARM.attributes
                0x00000000000000e2       0x19 /Users/Jesse/pebble-dev/PebbleSDK-2.7/arm-cs-tools/bin/../lib/gcc/arm-none-eabi/4.7.2/thumb2/libgcc.a(_arm_muldivdf3.o)
 .ARM.attributes
                0x00000000000000fb       0x19 /Users/Jesse/pebble-dev/PebbleSDK-2.7/arm-cs-tools/bin/../lib/gcc/arm-none-eabi/4.7.2/thumb2/libgcc.a(_arm_cmpdf2.o)
 .ARM.attributes
                0x0000000000000114       0x19 /Users/Jesse/pebble-dev/PebbleSDK-2.7/arm-cs-tools/bin/../lib/gcc/arm-none-eabi/4.7.2/thumb2/libgcc.a(_arm_fixdfsi.o)
 .ARM.attributes
                0x000000000000012d       0x29 /Users/Jesse/pebble-dev/PebbleSDK-2.7/arm-cs-tools/bin/../lib/gcc/arm-none-eabi/4.7.2/thumb2/crtend.o
 .ARM.attributes
                0x0000000000000156       0x19 /Users/Jesse/pebble-dev/PebbleSDK-2.7/arm-cs-tools/bin/../lib/gcc/arm-none-eabi/4.7.2/thumb2/crtn.o

.comment        0x0000000000000000       0x4e
 .comment       0x0000000000000000       0x4e /Users/Jesse/pebble-dev/PebbleSDK-2.7/arm-cs-tools/bin/../lib/gcc/arm-none-eabi/4.7.2/thumb2/crtbegin.o
                                         0x4f (size before relaxing)
 .comment       0x0000000000000000       0x4f src/main.c.29.o
 .comment       0x0000000000000000       0x4f appinfo.auto.c.29.o
 .comment       0x0000000000000000       0x4f /Users/Jesse/pebble-dev/PebbleSDK-2.7/arm-cs-tools/bin/../lib/gcc/arm-none-eabi/4.7.2/thumb2/crtend.o

.debug_info     0x0000000000000000     0x2183
 .debug_info    0x0000000000000000     0x1b19 src/main.c.29.o
 .debug_info    0x0000000000001b19      0x386 appinfo.auto.c.29.o
 .debug_info    0x0000000000001e9f       0xb9 /Users/Jesse/pebble-dev/PebbleSDK-2.7/arm-cs-tools/bin/../lib/gcc/arm-none-eabi/4.7.2/thumb2/libgcc.a(_arm_addsubdf3.o)
 .debug_info    0x0000000000001f58       0xb9 /Users/Jesse/pebble-dev/PebbleSDK-2.7/arm-cs-tools/bin/../lib/gcc/arm-none-eabi/4.7.2/thumb2/libgcc.a(_arm_muldivdf3.o)
 .debug_info    0x0000000000002011       0xb9 /Users/Jesse/pebble-dev/PebbleSDK-2.7/arm-cs-tools/bin/../lib/gcc/arm-none-eabi/4.7.2/thumb2/libgcc.a(_arm_cmpdf2.o)
 .debug_info    0x00000000000020ca       0xb9 /Users/Jesse/pebble-dev/PebbleSDK-2.7/arm-cs-tools/bin/../lib/gcc/arm-none-eabi/4.7.2/thumb2/libgcc.a(_arm_fixdfsi.o)

.debug_abbrev   0x0000000000000000      0x4f2
 .debug_abbrev  0x0000000000000000      0x404 src/main.c.29.o
 .debug_abbrev  0x0000000000000404       0x9e appinfo.auto.c.29.o
 .debug_abbrev  0x00000000000004a2       0x14 /Users/Jesse/pebble-dev/PebbleSDK-2.7/arm-cs-tools/bin/../lib/gcc/arm-none-eabi/4.7.2/thumb2/libgcc.a(_arm_addsubdf3.o)
 .debug_abbrev  0x00000000000004b6       0x14 /Users/Jesse/pebble-dev/PebbleSDK-2.7/arm-cs-tools/bin/../lib/gcc/arm-none-eabi/4.7.2/thumb2/libgcc.a(_arm_muldivdf3.o)
 .debug_abbrev  0x00000000000004ca       0x14 /Users/Jesse/pebble-dev/PebbleSDK-2.7/arm-cs-tools/bin/../lib/gcc/arm-none-eabi/4.7.2/thumb2/libgcc.a(_arm_cmpdf2.o)
 .debug_abbrev  0x00000000000004de       0x14 /Users/Jesse/pebble-dev/PebbleSDK-2.7/arm-cs-tools/bin/../lib/gcc/arm-none-eabi/4.7.2/thumb2/libgcc.a(_arm_fixdfsi.o)

.debug_loc      0x0000000000000000      0x5e0
 .debug_loc     0x0000000000000000      0x5e0 src/main.c.29.o

.debug_aranges  0x0000000000000000      0x150
 .debug_aranges
                0x0000000000000000       0xb8 src/main.c.29.o
 .debug_aranges
                0x00000000000000b8       0x18 appinfo.auto.c.29.o
 .debug_aranges
                0x00000000000000d0       0x20 /Users/Jesse/pebble-dev/PebbleSDK-2.7/arm-cs-tools/bin/../lib/gcc/arm-none-eabi/4.7.2/thumb2/libgcc.a(_arm_addsubdf3.o)
 .debug_aranges
                0x00000000000000f0       0x20 /Users/Jesse/pebble-dev/PebbleSDK-2.7/arm-cs-tools/bin/../lib/gcc/arm-none-eabi/4.7.2/thumb2/libgcc.a(_arm_muldivdf3.o)
 .debug_aranges
                0x0000000000000110       0x20 /Users/Jesse/pebble-dev/PebbleSDK-2.7/arm-cs-tools/bin/../lib/gcc/arm-none-eabi/4.7.2/thumb2/libgcc.a(_arm_cmpdf2.o)
 .debug_aranges
                0x0000000000000130       0x20 /Users/Jesse/pebble-dev/PebbleSDK-2.7/arm-cs-tools/bin/../lib/gcc/arm-none-eabi/4.7.2/thumb2/libgcc.a(_arm_fixdfsi.o)

.debug_ranges   0x0000000000000000       0xf0
 .debug_ranges  0x0000000000000000       0xf0 src/main.c.29.o

.debug_line     0x0000000000000000      0xc10
 .debug_line    0x0000000000000000      0x532 src/main.c.29.o
 .debug_line    0x0000000000000532      0x11c appinfo.auto.c.29.o
 .debug_line    0x000000000000064e      0x20a /Users/Jesse/pebble-dev/PebbleSDK-2.7/arm-cs-tools/bin/../lib/gcc/arm-none-eabi/4.7.2/thumb2/libgcc.a(_arm_addsubdf3.o)
 .debug_line    0x0000000000000858      0x226 /Users/Jesse/pebble-dev/PebbleSDK-2.7/arm-cs-tools/bin/../lib/gcc/arm-none-eabi/4.7.2/thumb2/libgcc.a(_arm_muldivdf3.o)
 .debug_line    0x0000000000000a7e      0x10c /Users/Jesse/pebble-dev/PebbleSDK-2.7/arm-cs-tools/bin/../lib/gcc/arm-none-eabi/4.7.2/thumb2/libgcc.a(_arm_cmpdf2.o)
 .debug_line    0x0000000000000b8a       0x86 /Users/Jesse/pebble-dev/PebbleSDK-2.7/arm-cs-tools/bin/../lib/gcc/arm-none-eabi/4.7.2/thumb2/libgcc.a(_arm_fixdfsi.o)

.debug_str      0x0000000000000000     0x1049
 .debug_str     0x0000000000000000      0xeeb src/main.c.29.o
                                        0xfb6 (size before relaxing)
 .debug_str     0x0000000000000eeb      0x15e appinfo.auto.c.29.o
                                        0x4dd (size before relaxing)

.debug_frame    0x0000000000000000      0x228
 .debug_frame   0x0000000000000000      0x228 src/main.c.29.o
